#
# There is insufficient memory for the Java Runtime Environment to continue.
# Native memory allocation (malloc) failed to allocate 1489136 bytes. Error detail: Chunk::new
# Possible reasons:
#   The system is out of physical RAM or swap space
#   This process is running with CompressedOops enabled, and the Java Heap may be blocking the growth of the native heap
# Possible solutions:
#   Reduce memory load on the system
#   Increase physical memory or swap space
#   Check if swap backing store is full
#   Decrease Java heap size (-Xmx/-Xms)
#   Decrease number of Java threads
#   Decrease Java thread stack sizes (-Xss)
#   Set larger code cache with -XX:ReservedCodeCacheSize=
#   JVM is running with Unscaled Compressed Oops mode in which the Java heap is
#     placed in the first 4GB address space. The Java Heap base address is the
#     maximum limit for the native heap growth. Please use -XX:HeapBaseMinAddress
#     to set the Java Heap base and to place the Java Heap above 4GB virtual address.
# This output file may be truncated or incomplete.
#
#  Out of Memory Error (arena.cpp:168), pid=1244, tid=17608
#
# JRE version: OpenJDK Runtime Environment Temurin-21.0.10+7 (21.0.10+7) (build 21.0.10+7-LTS)
# Java VM: OpenJDK 64-Bit Server VM Temurin-21.0.10+7 (21.0.10+7-LTS, mixed mode, sharing, tiered, compressed oops, compressed class ptrs, g1 gc, windows-amd64)
# No core dump will be written. Minidumps are not enabled by default on client versions of Windows
#

---------------  S U M M A R Y ------------

Command Line: --add-opens=java.base/java.lang=ALL-UNNAMED --add-opens=java.base/java.lang.invoke=ALL-UNNAMED --add-opens=java.base/java.util=ALL-UNNAMED --add-opens=java.prefs/java.util.prefs=ALL-UNNAMED --add-exports=jdk.compiler/com.sun.tools.javac.api=ALL-UNNAMED --add-exports=jdk.compiler/com.sun.tools.javac.util=ALL-UNNAMED --add-opens=java.base/java.util=ALL-UNNAMED --add-opens=java.prefs/java.util.prefs=ALL-UNNAMED --add-opens=java.base/java.nio.charset=ALL-UNNAMED --add-opens=java.base/java.net=ALL-UNNAMED --add-opens=java.base/java.util.concurrent.atomic=ALL-UNNAMED --add-opens=java.xml/javax.xml.namespace=ALL-UNNAMED -XX:MaxMetaspaceSize=512m -XX:ReservedCodeCacheSize=256m -XX:+HeapDumpOnOutOfMemoryError -Xmx2048m -Dfile.encoding=UTF-8 -Duser.country=US -Duser.language=en -Duser.variant -javaagent:C:\Users\Vert\.gradle\wrapper\dists\gradle-8.14-all\c2qonpi39x1mddn7hk5gh9iqj\gradle-8.14\lib\agents\gradle-instrumentation-agent-8.14.jar org.gradle.launcher.daemon.bootstrap.GradleDaemon 8.14

Host: 11th Gen Intel(R) Core(TM) i5-11400H @ 2.70GHz, 12 cores, 7G,  Windows 11 , 64 bit Build 26100 (10.0.26100.8328)
Time: Sun May 24 02:50:07 2026 SE Asia Standard Time elapsed time: 68.648944 seconds (0d 0h 1m 8s)

---------------  T H R E A D  ---------------

Current thread (0x000002625c24c9a0):  JavaThread "C2 CompilerThread0" daemon [_thread_in_native, id=17608, stack(0x000000bc68700000,0x000000bc68800000) (1024K)]


Current CompileTask:
C2:68649 11008   !   4       java.net.URLClassLoader$1::run (81 bytes)

Stack: [0x000000bc68700000,0x000000bc68800000]
Native frames: (J=compiled Java code, j=interpreted, Vv=VM code, C=native code)
V  [jvm.dll+0x6d7a39]
V  [jvm.dll+0x8b4b26]
V  [jvm.dll+0x8b70de]
V  [jvm.dll+0x8b77c3]
V  [jvm.dll+0x284346]
V  [jvm.dll+0xc66ed]
V  [jvm.dll+0xc6c31]
V  [jvm.dll+0x3bec01]
V  [jvm.dll+0x1e3f69]
V  [jvm.dll+0x24c6b3]
V  [jvm.dll+0x24bb40]
V  [jvm.dll+0x1cb34e]
V  [jvm.dll+0x25b85d]
V  [jvm.dll+0x259dea]
V  [jvm.dll+0x3f857e]
V  [jvm.dll+0x85f59d]
V  [jvm.dll+0x6d626d]
C  [ucrtbase.dll+0x37b0]
C  [KERNEL32.DLL+0x2e957]
C  [ntdll.dll+0x427c]


---------------  P R O C E S S  ---------------

Threads class SMR info:
_java_thread_list=0x00000262003959f0, length=50, elements={
0x000002624368f9d0, 0x000002625c239a10, 0x000002625c23a470, 0x000002625c247570,
0x000002625c249bf0, 0x000002625c24a410, 0x000002625c24b3d0, 0x000002625c24c9a0,
0x000002625c255110, 0x000002625c4148e0, 0x000002625c55e0b0, 0x000002627cedfdc0,
0x000002627d04b940, 0x000002627d1ca700, 0x000002627caccb80, 0x000002627d1d5610,
0x000002627cb7e590, 0x000002627cb7b7a0, 0x000002627cb7be30, 0x000002627cb7d1e0,
0x000002627cb7b110, 0x000002627cb7c4c0, 0x000002627cb7cb50, 0x000002627cb7df00,
0x000002627dec4810, 0x000002627dec5530, 0x000002627dec3af0, 0x000002627dec2dd0,
0x000002627dec2740, 0x000002627dec5bc0, 0x000002627dec6250, 0x000002627dec3460,
0x000002627dec8320, 0x000002627dec6f70, 0x000002627dec4ea0, 0x000002627dec96d0,
0x000002627dec9d60, 0x0000026200fbce60, 0x0000026200fbc7d0, 0x0000026200fbbab0,
0x0000026200fbd4f0, 0x0000026200fbdb80, 0x000002627f17eaa0, 0x000002627f17f7c0,
0x000002627f17e410, 0x000002627f1804e0, 0x000002627f17f130, 0x000002627f17d060,
0x000002627f183ff0, 0x000002627f17fe50
}

Java Threads: ( => current thread )
  0x000002624368f9d0 JavaThread "main"                              [_thread_blocked, id=20140, stack(0x000000bc67900000,0x000000bc67a00000) (1024K)]
  0x000002625c239a10 JavaThread "Reference Handler"          daemon [_thread_blocked, id=2644, stack(0x000000bc68100000,0x000000bc68200000) (1024K)]
  0x000002625c23a470 JavaThread "Finalizer"                  daemon [_thread_blocked, id=31144, stack(0x000000bc68200000,0x000000bc68300000) (1024K)]
  0x000002625c247570 JavaThread "Signal Dispatcher"          daemon [_thread_blocked, id=804, stack(0x000000bc68300000,0x000000bc68400000) (1024K)]
  0x000002625c249bf0 JavaThread "Attach Listener"            daemon [_thread_blocked, id=5988, stack(0x000000bc68400000,0x000000bc68500000) (1024K)]
  0x000002625c24a410 JavaThread "Service Thread"             daemon [_thread_blocked, id=21140, stack(0x000000bc68500000,0x000000bc68600000) (1024K)]
  0x000002625c24b3d0 JavaThread "Monitor Deflation Thread"   daemon [_thread_blocked, id=28748, stack(0x000000bc68600000,0x000000bc68700000) (1024K)]
=>0x000002625c24c9a0 JavaThread "C2 CompilerThread0"         daemon [_thread_in_native, id=17608, stack(0x000000bc68700000,0x000000bc68800000) (1024K)]
  0x000002625c255110 JavaThread "C1 CompilerThread0"         daemon [_thread_blocked, id=22876, stack(0x000000bc68800000,0x000000bc68900000) (1024K)]
  0x000002625c4148e0 JavaThread "Common-Cleaner"             daemon [_thread_blocked, id=18680, stack(0x000000bc68900000,0x000000bc68a00000) (1024K)]
  0x000002625c55e0b0 JavaThread "Notification Thread"        daemon [_thread_blocked, id=28276, stack(0x000000bc68a00000,0x000000bc68b00000) (1024K)]
  0x000002627cedfdc0 JavaThread "Daemon health stats"               [_thread_blocked, id=11084, stack(0x000000bc69100000,0x000000bc69200000) (1024K)]
  0x000002627d04b940 JavaThread "Incoming local TCP Connector on port 51278"        [_thread_in_native, id=31168, stack(0x000000bc69300000,0x000000bc69400000) (1024K)]
  0x000002627d1ca700 JavaThread "Daemon periodic checks"            [_thread_blocked, id=6140, stack(0x000000bc69400000,0x000000bc69500000) (1024K)]
  0x000002627caccb80 JavaThread "Daemon"                            [_thread_blocked, id=15508, stack(0x000000bc69500000,0x000000bc69600000) (1024K)]
  0x000002627d1d5610 JavaThread "Handler for socket connection from /127.0.0.1:51278 to /127.0.0.1:58249"        [_thread_in_native, id=13404, stack(0x000000bc69600000,0x000000bc69700000) (1024K)]
  0x000002627cb7e590 JavaThread "Cancel handler"                    [_thread_blocked, id=32136, stack(0x000000bc69700000,0x000000bc69800000) (1024K)]
  0x000002627cb7b7a0 JavaThread "Daemon worker"                     [_thread_in_Java, id=17744, stack(0x000000bc69800000,0x000000bc69900000) (1024K)]
  0x000002627cb7be30 JavaThread "Asynchronous log dispatcher for DefaultDaemonConnection: socket connection from /127.0.0.1:51278 to /127.0.0.1:58249"        [_thread_blocked, id=20172, stack(0x000000bc69900000,0x000000bc69a00000) (1024K)]
  0x000002627cb7d1e0 JavaThread "Stdin handler"                     [_thread_blocked, id=4024, stack(0x000000bc69a00000,0x000000bc69b00000) (1024K)]
  0x000002627cb7b110 JavaThread "Daemon client event forwarder"        [_thread_blocked, id=21896, stack(0x000000bc69b00000,0x000000bc69c00000) (1024K)]
  0x000002627cb7c4c0 JavaThread "Cache worker for journal cache (C:\Users\Vert\.gradle\caches\journal-1)"        [_thread_blocked, id=26808, stack(0x000000bc69c00000,0x000000bc69d00000) (1024K)]
  0x000002627cb7cb50 JavaThread "File lock request listener"        [_thread_in_native, id=28516, stack(0x000000bc69d00000,0x000000bc69e00000) (1024K)]
  0x000002627cb7df00 JavaThread "Cache worker for file hash cache (C:\Users\Vert\.gradle\caches\8.14\fileHashes)"        [_thread_blocked, id=2636, stack(0x000000bc69200000,0x000000bc69300000) (1024K)]
  0x000002627dec4810 JavaThread "Cache worker for file hash cache (C:\Users\Vert\Desktop\sbku_app\frontend\android\.gradle\8.14\fileHashes)"        [_thread_blocked, id=29624, stack(0x000000bc6a300000,0x000000bc6a400000) (1024K)]
  0x000002627dec5530 JavaThread "Cache worker for Build Output Cleanup Cache (C:\Users\Vert\Desktop\sbku_app\frontend\android\.gradle\buildOutputCleanup)"        [_thread_blocked, id=21612, stack(0x000000bc6a400000,0x000000bc6a500000) (1024K)]
  0x000002627dec3af0 JavaThread "File watcher server"        daemon [_thread_in_native, id=29920, stack(0x000000bc6a500000,0x000000bc6a600000) (1024K)]
  0x000002627dec2dd0 JavaThread "File watcher consumer"      daemon [_thread_blocked, id=17032, stack(0x000000bc6a600000,0x000000bc6a700000) (1024K)]
  0x000002627dec2740 JavaThread "jar transforms"                    [_thread_blocked, id=13924, stack(0x000000bc6a700000,0x000000bc6a800000) (1024K)]
  0x000002627dec5bc0 JavaThread "jar transforms Thread 2"           [_thread_blocked, id=30904, stack(0x000000bc6a800000,0x000000bc6a900000) (1024K)]
  0x000002627dec6250 JavaThread "Cache worker for checksums cache (C:\Users\Vert\Desktop\sbku_app\frontend\android\.gradle\8.14\checksums)"        [_thread_blocked, id=19876, stack(0x000000bc6a900000,0x000000bc6aa00000) (1024K)]
  0x000002627dec3460 JavaThread "Cache worker for file content cache (C:\Users\Vert\.gradle\caches\8.14\fileContent)"        [_thread_blocked, id=25720, stack(0x000000bc6aa00000,0x000000bc6ab00000) (1024K)]
  0x000002627dec8320 JavaThread "Cache worker for cache directory md-supplier (C:\Users\Vert\.gradle\caches\8.14\md-supplier)"        [_thread_blocked, id=30564, stack(0x000000bc6ab00000,0x000000bc6ac00000) (1024K)]
  0x000002627dec6f70 JavaThread "Cache worker for cache directory md-rule (C:\Users\Vert\.gradle\caches\8.14\md-rule)"        [_thread_blocked, id=23388, stack(0x000000bc6ac00000,0x000000bc6ad00000) (1024K)]
  0x000002627dec4ea0 JavaThread "Cache worker for Build Output Cleanup Cache (C:\dev\flutter\packages\flutter_tools\gradle\.gradle\buildOutputCleanup)"        [_thread_blocked, id=21216, stack(0x000000bc6ad00000,0x000000bc6ae00000) (1024K)]
  0x000002627dec96d0 JavaThread "Unconstrained build operations"        [_thread_blocked, id=28528, stack(0x000000bc6ae00000,0x000000bc6af00000) (1024K)]
  0x000002627dec9d60 JavaThread "Unconstrained build operations Thread 2"        [_thread_blocked, id=20380, stack(0x000000bc6af00000,0x000000bc6b000000) (1024K)]
  0x0000026200fbce60 JavaThread "Unconstrained build operations Thread 3"        [_thread_blocked, id=12996, stack(0x000000bc6b000000,0x000000bc6b100000) (1024K)]
  0x0000026200fbc7d0 JavaThread "Memory manager"                    [_thread_blocked, id=26288, stack(0x000000bc6b100000,0x000000bc6b200000) (1024K)]
  0x0000026200fbbab0 JavaThread "build event listener"              [_thread_blocked, id=16872, stack(0x000000bc6b200000,0x000000bc6b300000) (1024K)]
  0x0000026200fbd4f0 JavaThread "included builds"                   [_thread_blocked, id=31096, stack(0x000000bc6b300000,0x000000bc6b400000) (1024K)]
  0x0000026200fbdb80 JavaThread "Execution worker"                  [_thread_blocked, id=19220, stack(0x000000bc6b400000,0x000000bc6b500000) (1024K)]
  0x000002627f17eaa0 JavaThread "Cache worker for execution history cache (C:\dev\flutter\packages\flutter_tools\gradle\.gradle\8.14\executionHistory)"        [_thread_blocked, id=31788, stack(0x000000bc6b500000,0x000000bc6b600000) (1024K)]
  0x000002627f17f7c0 JavaThread "Unconstrained build operations Thread 4"        [_thread_blocked, id=29772, stack(0x000000bc6b600000,0x000000bc6b700000) (1024K)]
  0x000002627f17e410 JavaThread "Unconstrained build operations Thread 5"        [_thread_blocked, id=3164, stack(0x000000bc6b700000,0x000000bc6b800000) (1024K)]
  0x000002627f1804e0 JavaThread "Unconstrained build operations Thread 6"        [_thread_blocked, id=27236, stack(0x000000bc6b800000,0x000000bc6b900000) (1024K)]
  0x000002627f17f130 JavaThread "Unconstrained build operations Thread 7"        [_thread_blocked, id=23596, stack(0x000000bc6b900000,0x000000bc6ba00000) (1024K)]
  0x000002627f17d060 JavaThread "Unconstrained build operations Thread 8"        [_thread_blocked, id=11836, stack(0x000000bc6ba00000,0x000000bc6bb00000) (1024K)]
  0x000002627f183ff0 JavaThread "Unconstrained build operations Thread 9"        [_thread_blocked, id=11540, stack(0x000000bc6bb00000,0x000000bc6bc00000) (1024K)]
  0x000002627f17fe50 JavaThread "Unconstrained build operations Thread 10"        [_thread_blocked, id=31800, stack(0x000000bc6bc00000,0x000000bc6bd00000) (1024K)]
Total: 50

Other Threads:
  0x000002625c213dd0 VMThread "VM Thread"                           [id=27784, stack(0x000000bc68000000,0x000000bc68100000) (1024K)]
  0x000002625c201300 WatcherThread "VM Periodic Task Thread"        [id=32332, stack(0x000000bc67f00000,0x000000bc68000000) (1024K)]
  0x00000262436e8e90 WorkerThread "GC Thread#0"                     [id=11040, stack(0x000000bc67a00000,0x000000bc67b00000) (1024K)]
  0x000002625c89c120 WorkerThread "GC Thread#1"                     [id=1340, stack(0x000000bc68b00000,0x000000bc68c00000) (1024K)]
  0x000002625c6521c0 WorkerThread "GC Thread#2"                     [id=12120, stack(0x000000bc68c00000,0x000000bc68d00000) (1024K)]
  0x000002627c1730a0 WorkerThread "GC Thread#3"                     [id=11280, stack(0x000000bc68d00000,0x000000bc68e00000) (1024K)]
  0x000002627c17b470 WorkerThread "GC Thread#4"                     [id=23740, stack(0x000000bc68e00000,0x000000bc68f00000) (1024K)]
  0x000002627ce99480 WorkerThread "GC Thread#5"                     [id=4596, stack(0x000000bc68f00000,0x000000bc69000000) (1024K)]
  0x000002627ce99830 WorkerThread "GC Thread#6"                     [id=25444, stack(0x000000bc69000000,0x000000bc69100000) (1024K)]
  0x000002627d583c30 WorkerThread "GC Thread#7"                     [id=16808, stack(0x000000bc69e00000,0x000000bc69f00000) (1024K)]
  0x000002627d583fe0 WorkerThread "GC Thread#8"                     [id=14772, stack(0x000000bc69f00000,0x000000bc6a000000) (1024K)]
  0x000002627d584390 WorkerThread "GC Thread#9"                     [id=32188, stack(0x000000bc6a000000,0x000000bc6a100000) (1024K)]
  0x00000262436fb430 ConcurrentGCThread "G1 Main Marker"            [id=3716, stack(0x000000bc67b00000,0x000000bc67c00000) (1024K)]
  0x00000262436fbe50 WorkerThread "G1 Conc#0"                       [id=16644, stack(0x000000bc67c00000,0x000000bc67d00000) (1024K)]
  0x000002627eea78b0 WorkerThread "G1 Conc#1"                       [id=14164, stack(0x000000bc6a100000,0x000000bc6a200000) (1024K)]
  0x000002627eeaa4f0 WorkerThread "G1 Conc#2"                       [id=1056, stack(0x000000bc6a200000,0x000000bc6a300000) (1024K)]
  0x000002624374e7b0 ConcurrentGCThread "G1 Refine#0"               [id=28156, stack(0x000000bc67d00000,0x000000bc67e00000) (1024K)]
  0x000002625c0d2970 ConcurrentGCThread "G1 Service"                [id=32132, stack(0x000000bc67e00000,0x000000bc67f00000) (1024K)]
Total: 18

Threads with active compile tasks:
C2 CompilerThread0  68764 11008   !   4       java.net.URLClassLoader$1::run (81 bytes)
Total: 1

VM state: not at safepoint (normal execution)

VM Mutex/Monitor currently owned by a thread: None

Heap address: 0x0000000080000000, size: 2048 MB, Compressed Oops mode: 32-bit

CDS archive(s) mapped at: [0x000002625d000000-0x000002625dba0000-0x000002625dba0000), size 12189696, SharedBaseAddress: 0x000002625d000000, ArchiveRelocationMode: 1.
Compressed class space mapped at: 0x000002625e000000-0x0000026278000000, reserved size: 436207616
Narrow klass base: 0x000002625d000000, Narrow klass shift: 0, Narrow klass range: 0x100000000

GC Precious Log:
 CardTable entry size: 512
 Card Set container configuration: InlinePtr #cards 5 size 8 Array Of Cards #cards 12 size 40 Howl #buckets 4 coarsen threshold 1843 Howl Bitmap #cards 512 size 80 coarsen threshold 460 Card regions per heap region 1 cards per card region 2048
 CPUs: 12 total, 12 available
 Memory: 7913M
 Large Page Support: Disabled
 NUMA Support: Disabled
 Compressed Oops: Enabled (32-bit)
 Heap Region Size: 1M
 Heap Min Capacity: 8M
 Heap Initial Capacity: 124M
 Heap Max Capacity: 2G
 Pre-touch: Disabled
 Parallel Workers: 10
 Concurrent Workers: 3
 Concurrent Refinement Workers: 10
 Periodic GC: Disabled

Heap:
 garbage-first heap   total 150528K, used 107149K [0x0000000080000000, 0x0000000100000000)
  region size 1024K, 6 young (6144K), 2 survivors (2048K)
 Metaspace       used 79941K, committed 82112K, reserved 557056K
  class space    used 11479K, committed 12544K, reserved 425984K

Heap Regions: E=young(eden), S=young(survivor), O=old, HS=humongous(starts), HC=humongous(continues), CS=collection set, F=free, TAMS=top-at-mark-start, PB=parsable bottom
|   0|0x0000000080000000, 0x0000000080100000, 0x0000000080100000|100%|HS|  |TAMS 0x0000000080000000| PB 0x0000000080000000| Complete 
|   1|0x0000000080100000, 0x0000000080200000, 0x0000000080200000|100%|HC|  |TAMS 0x0000000080100000| PB 0x0000000080100000| Complete 
|   2|0x0000000080200000, 0x0000000080300000, 0x0000000080300000|100%|HC|  |TAMS 0x0000000080200000| PB 0x0000000080200000| Complete 
|   3|0x0000000080300000, 0x0000000080400000, 0x0000000080400000|100%| O|  |TAMS 0x0000000080300000| PB 0x0000000080300000| Untracked 
|   4|0x0000000080400000, 0x0000000080500000, 0x0000000080500000|100%| O|  |TAMS 0x0000000080400000| PB 0x0000000080400000| Untracked 
|   5|0x0000000080500000, 0x0000000080600000, 0x0000000080600000|100%| O|  |TAMS 0x0000000080500000| PB 0x0000000080500000| Untracked 
|   6|0x0000000080600000, 0x0000000080700000, 0x0000000080700000|100%|HS|  |TAMS 0x0000000080600000| PB 0x0000000080600000| Complete 
|   7|0x0000000080700000, 0x0000000080800000, 0x0000000080800000|100%| O|  |TAMS 0x0000000080700000| PB 0x0000000080700000| Untracked 
|   8|0x0000000080800000, 0x0000000080900000, 0x0000000080900000|100%| O|  |TAMS 0x0000000080800000| PB 0x0000000080800000| Untracked 
|   9|0x0000000080900000, 0x0000000080a00000, 0x0000000080a00000|100%| O|  |TAMS 0x0000000080900000| PB 0x0000000080900000| Untracked 
|  10|0x0000000080a00000, 0x0000000080b00000, 0x0000000080b00000|100%| O|  |TAMS 0x0000000080a00000| PB 0x0000000080a00000| Untracked 
|  11|0x0000000080b00000, 0x0000000080c00000, 0x0000000080c00000|100%| O|  |TAMS 0x0000000080b00000| PB 0x0000000080b00000| Untracked 
|  12|0x0000000080c00000, 0x0000000080d00000, 0x0000000080d00000|100%| O|  |TAMS 0x0000000080c00000| PB 0x0000000080c00000| Untracked 
|  13|0x0000000080d00000, 0x0000000080e00000, 0x0000000080e00000|100%| O|  |TAMS 0x0000000080d00000| PB 0x0000000080d00000| Untracked 
|  14|0x0000000080e00000, 0x0000000080f00000, 0x0000000080f00000|100%| O|  |TAMS 0x0000000080e00000| PB 0x0000000080e00000| Untracked 
|  15|0x0000000080f00000, 0x0000000081000000, 0x0000000081000000|100%| O|  |TAMS 0x0000000080f00000| PB 0x0000000080f00000| Untracked 
|  16|0x0000000081000000, 0x0000000081100000, 0x0000000081100000|100%| O|  |TAMS 0x0000000081000000| PB 0x0000000081000000| Untracked 
|  17|0x0000000081100000, 0x0000000081200000, 0x0000000081200000|100%| O|  |TAMS 0x0000000081100000| PB 0x0000000081100000| Untracked 
|  18|0x0000000081200000, 0x0000000081300000, 0x0000000081300000|100%| O|  |TAMS 0x0000000081200000| PB 0x0000000081200000| Untracked 
|  19|0x0000000081300000, 0x0000000081400000, 0x0000000081400000|100%| O|  |TAMS 0x0000000081300000| PB 0x0000000081300000| Untracked 
|  20|0x0000000081400000, 0x0000000081500000, 0x0000000081500000|100%| O|  |TAMS 0x0000000081400000| PB 0x0000000081400000| Untracked 
|  21|0x0000000081500000, 0x0000000081600000, 0x0000000081600000|100%| O|  |TAMS 0x0000000081500000| PB 0x0000000081500000| Untracked 
|  22|0x0000000081600000, 0x0000000081700000, 0x0000000081700000|100%| O|  |TAMS 0x0000000081600000| PB 0x0000000081600000| Untracked 
|  23|0x0000000081700000, 0x0000000081800000, 0x0000000081800000|100%| O|  |TAMS 0x0000000081700000| PB 0x0000000081700000| Untracked 
|  24|0x0000000081800000, 0x0000000081900000, 0x0000000081900000|100%| O|  |TAMS 0x0000000081800000| PB 0x0000000081800000| Untracked 
|  25|0x0000000081900000, 0x0000000081a00000, 0x0000000081a00000|100%| O|  |TAMS 0x0000000081900000| PB 0x0000000081900000| Untracked 
|  26|0x0000000081a00000, 0x0000000081a00000, 0x0000000081b00000|  0%| F|  |TAMS 0x0000000081a00000| PB 0x0000000081a00000| Untracked 
|  27|0x0000000081b00000, 0x0000000081c00000, 0x0000000081c00000|100%| O|  |TAMS 0x0000000081b00000| PB 0x0000000081b00000| Untracked 
|  28|0x0000000081c00000, 0x0000000081d00000, 0x0000000081d00000|100%| O|  |TAMS 0x0000000081c00000| PB 0x0000000081c00000| Untracked 
|  29|0x0000000081d00000, 0x0000000081e00000, 0x0000000081e00000|100%| O|  |TAMS 0x0000000081d00000| PB 0x0000000081d00000| Untracked 
|  30|0x0000000081e00000, 0x0000000081f00000, 0x0000000081f00000|100%| O|  |TAMS 0x0000000081e00000| PB 0x0000000081e00000| Untracked 
|  31|0x0000000081f00000, 0x0000000082000000, 0x0000000082000000|100%|HS|  |TAMS 0x0000000081f00000| PB 0x0000000081f00000| Complete 
|  32|0x0000000082000000, 0x0000000082100000, 0x0000000082100000|100%|HC|  |TAMS 0x0000000082000000| PB 0x0000000082000000| Complete 
|  33|0x0000000082100000, 0x0000000082200000, 0x0000000082200000|100%|HS|  |TAMS 0x0000000082100000| PB 0x0000000082100000| Complete 
|  34|0x0000000082200000, 0x0000000082300000, 0x0000000082300000|100%|HC|  |TAMS 0x0000000082200000| PB 0x0000000082200000| Complete 
|  35|0x0000000082300000, 0x0000000082400000, 0x0000000082400000|100%| O|  |TAMS 0x0000000082300000| PB 0x0000000082300000| Untracked 
|  36|0x0000000082400000, 0x0000000082500000, 0x0000000082500000|100%| O|  |TAMS 0x0000000082400000| PB 0x0000000082400000| Untracked 
|  37|0x0000000082500000, 0x0000000082600000, 0x0000000082600000|100%| O|  |TAMS 0x0000000082500000| PB 0x0000000082500000| Untracked 
|  38|0x0000000082600000, 0x0000000082700000, 0x0000000082700000|100%| O|  |TAMS 0x0000000082600000| PB 0x0000000082600000| Untracked 
|  39|0x0000000082700000, 0x0000000082800000, 0x0000000082800000|100%| O|  |TAMS 0x0000000082700000| PB 0x0000000082700000| Untracked 
|  40|0x0000000082800000, 0x0000000082900000, 0x0000000082900000|100%|HS|  |TAMS 0x0000000082800000| PB 0x0000000082800000| Complete 
|  41|0x0000000082900000, 0x0000000082a00000, 0x0000000082a00000|100%|HC|  |TAMS 0x0000000082900000| PB 0x0000000082900000| Complete 
|  42|0x0000000082a00000, 0x0000000082b00000, 0x0000000082b00000|100%|HC|  |TAMS 0x0000000082a00000| PB 0x0000000082a00000| Complete 
|  43|0x0000000082b00000, 0x0000000082c00000, 0x0000000082c00000|100%| O|  |TAMS 0x0000000082b00000| PB 0x0000000082b00000| Untracked 
|  44|0x0000000082c00000, 0x0000000082d00000, 0x0000000082d00000|100%| O|  |TAMS 0x0000000082c00000| PB 0x0000000082c00000| Untracked 
|  45|0x0000000082d00000, 0x0000000082e00000, 0x0000000082e00000|100%| O|  |TAMS 0x0000000082d00000| PB 0x0000000082d00000| Untracked 
|  46|0x0000000082e00000, 0x0000000082f00000, 0x0000000082f00000|100%| O|  |TAMS 0x0000000082e00000| PB 0x0000000082e00000| Untracked 
|  47|0x0000000082f00000, 0x0000000083000000, 0x0000000083000000|100%|HS|  |TAMS 0x0000000082f00000| PB 0x0000000082f00000| Complete 
|  48|0x0000000083000000, 0x0000000083100000, 0x0000000083100000|100%|HC|  |TAMS 0x0000000083000000| PB 0x0000000083000000| Complete 
|  49|0x0000000083100000, 0x0000000083200000, 0x0000000083200000|100%|HC|  |TAMS 0x0000000083100000| PB 0x0000000083100000| Complete 
|  50|0x0000000083200000, 0x0000000083300000, 0x0000000083300000|100%| O|  |TAMS 0x0000000083200000| PB 0x0000000083200000| Untracked 
|  51|0x0000000083300000, 0x0000000083400000, 0x0000000083400000|100%| O|  |TAMS 0x0000000083300000| PB 0x0000000083300000| Untracked 
|  52|0x0000000083400000, 0x0000000083500000, 0x0000000083500000|100%| O|  |TAMS 0x0000000083400000| PB 0x0000000083400000| Untracked 
|  53|0x0000000083500000, 0x0000000083600000, 0x0000000083600000|100%| O|  |TAMS 0x0000000083500000| PB 0x0000000083500000| Untracked 
|  54|0x0000000083600000, 0x0000000083700000, 0x0000000083700000|100%| O|  |TAMS 0x0000000083600000| PB 0x0000000083600000| Untracked 
|  55|0x0000000083700000, 0x0000000083800000, 0x0000000083800000|100%| O|  |TAMS 0x0000000083700000| PB 0x0000000083700000| Untracked 
|  56|0x0000000083800000, 0x0000000083900000, 0x0000000083900000|100%| O|  |TAMS 0x0000000083800000| PB 0x0000000083800000| Untracked 
|  57|0x0000000083900000, 0x0000000083a00000, 0x0000000083a00000|100%| O|  |TAMS 0x0000000083900000| PB 0x0000000083900000| Untracked 
|  58|0x0000000083a00000, 0x0000000083b00000, 0x0000000083b00000|100%| O|  |TAMS 0x0000000083a00000| PB 0x0000000083a00000| Untracked 
|  59|0x0000000083b00000, 0x0000000083b00000, 0x0000000083c00000|  0%| F|  |TAMS 0x0000000083b00000| PB 0x0000000083b00000| Untracked 
|  60|0x0000000083c00000, 0x0000000083d00000, 0x0000000083d00000|100%|HS|  |TAMS 0x0000000083c00000| PB 0x0000000083c00000| Complete 
|  61|0x0000000083d00000, 0x0000000083e00000, 0x0000000083e00000|100%| O|  |TAMS 0x0000000083d00000| PB 0x0000000083d00000| Untracked 
|  62|0x0000000083e00000, 0x0000000083f00000, 0x0000000083f00000|100%| O|  |TAMS 0x0000000083e00000| PB 0x0000000083e00000| Untracked 
|  63|0x0000000083f00000, 0x0000000084000000, 0x0000000084000000|100%| O|  |TAMS 0x0000000083f00000| PB 0x0000000083f00000| Untracked 
|  64|0x0000000084000000, 0x0000000084100000, 0x0000000084100000|100%| O|  |TAMS 0x0000000084000000| PB 0x0000000084000000| Untracked 
|  65|0x0000000084100000, 0x0000000084200000, 0x0000000084200000|100%| O|  |TAMS 0x0000000084100000| PB 0x0000000084100000| Untracked 
|  66|0x0000000084200000, 0x0000000084300000, 0x0000000084300000|100%| O|  |TAMS 0x0000000084200000| PB 0x0000000084200000| Untracked 
|  67|0x0000000084300000, 0x0000000084300000, 0x0000000084400000|  0%| F|  |TAMS 0x0000000084300000| PB 0x0000000084300000| Untracked 
|  68|0x0000000084400000, 0x0000000084500000, 0x0000000084500000|100%| O|  |TAMS 0x0000000084400000| PB 0x0000000084400000| Untracked 
|  69|0x0000000084500000, 0x0000000084600000, 0x0000000084600000|100%| O|  |TAMS 0x0000000084500000| PB 0x0000000084500000| Untracked 
|  70|0x0000000084600000, 0x0000000084700000, 0x0000000084700000|100%| O|  |TAMS 0x0000000084600000| PB 0x0000000084600000| Untracked 
|  71|0x0000000084700000, 0x0000000084800000, 0x0000000084800000|100%| O|  |TAMS 0x0000000084700000| PB 0x0000000084700000| Untracked 
|  72|0x0000000084800000, 0x0000000084900000, 0x0000000084900000|100%| O|  |TAMS 0x0000000084800000| PB 0x0000000084800000| Untracked 
|  73|0x0000000084900000, 0x0000000084a00000, 0x0000000084a00000|100%|HS|  |TAMS 0x0000000084900000| PB 0x0000000084900000| Complete 
|  74|0x0000000084a00000, 0x0000000084b00000, 0x0000000084b00000|100%|HS|  |TAMS 0x0000000084a00000| PB 0x0000000084a00000| Complete 
|  75|0x0000000084b00000, 0x0000000084c00000, 0x0000000084c00000|100%|HC|  |TAMS 0x0000000084b00000| PB 0x0000000084b00000| Complete 
|  76|0x0000000084c00000, 0x0000000084d00000, 0x0000000084d00000|100%|HS|  |TAMS 0x0000000084c00000| PB 0x0000000084c00000| Complete 
|  77|0x0000000084d00000, 0x0000000084e00000, 0x0000000084e00000|100%|HS|  |TAMS 0x0000000084d00000| PB 0x0000000084d00000| Complete 
|  78|0x0000000084e00000, 0x0000000084f00000, 0x0000000084f00000|100%| O|  |TAMS 0x0000000084e00000| PB 0x0000000084e00000| Untracked 
|  79|0x0000000084f00000, 0x0000000085000000, 0x0000000085000000|100%|HS|  |TAMS 0x0000000084f00000| PB 0x0000000084f00000| Complete 
|  80|0x0000000085000000, 0x0000000085100000, 0x0000000085100000|100%|HC|  |TAMS 0x0000000085000000| PB 0x0000000085000000| Complete 
|  81|0x0000000085100000, 0x0000000085200000, 0x0000000085200000|100%|HS|  |TAMS 0x0000000085100000| PB 0x0000000085100000| Complete 
|  82|0x0000000085200000, 0x0000000085300000, 0x0000000085300000|100%|HS|  |TAMS 0x0000000085200000| PB 0x0000000085200000| Complete 
|  83|0x0000000085300000, 0x0000000085400000, 0x0000000085400000|100%| O|  |TAMS 0x0000000085300000| PB 0x0000000085300000| Untracked 
|  84|0x0000000085400000, 0x0000000085500000, 0x0000000085500000|100%| O|  |TAMS 0x0000000085400000| PB 0x0000000085400000| Untracked 
|  85|0x0000000085500000, 0x0000000085500000, 0x0000000085600000|  0%| F|  |TAMS 0x0000000085500000| PB 0x0000000085500000| Untracked 
|  86|0x0000000085600000, 0x0000000085600000, 0x0000000085700000|  0%| F|  |TAMS 0x0000000085600000| PB 0x0000000085600000| Untracked 
|  87|0x0000000085700000, 0x0000000085700000, 0x0000000085800000|  0%| F|  |TAMS 0x0000000085700000| PB 0x0000000085700000| Untracked 
|  88|0x0000000085800000, 0x0000000085800000, 0x0000000085900000|  0%| F|  |TAMS 0x0000000085800000| PB 0x0000000085800000| Untracked 
|  89|0x0000000085900000, 0x0000000085900000, 0x0000000085a00000|  0%| F|  |TAMS 0x0000000085900000| PB 0x0000000085900000| Untracked 
|  90|0x0000000085a00000, 0x0000000085b00000, 0x0000000085b00000|100%| O|  |TAMS 0x0000000085a00000| PB 0x0000000085a00000| Untracked 
|  91|0x0000000085b00000, 0x0000000085c00000, 0x0000000085c00000|100%| O|  |TAMS 0x0000000085b00000| PB 0x0000000085b00000| Untracked 
|  92|0x0000000085c00000, 0x0000000085d00000, 0x0000000085d00000|100%| O|  |TAMS 0x0000000085c00000| PB 0x0000000085c00000| Untracked 
|  93|0x0000000085d00000, 0x0000000085e00000, 0x0000000085e00000|100%| O|  |TAMS 0x0000000085d00000| PB 0x0000000085d00000| Untracked 
|  94|0x0000000085e00000, 0x0000000085f00000, 0x0000000085f00000|100%| O|  |TAMS 0x0000000085e00000| PB 0x0000000085e00000| Untracked 
|  95|0x0000000085f00000, 0x0000000086000000, 0x0000000086000000|100%| O|  |TAMS 0x0000000085f00000| PB 0x0000000085f00000| Untracked 
|  96|0x0000000086000000, 0x0000000086100000, 0x0000000086100000|100%| O|  |TAMS 0x0000000086000000| PB 0x0000000086000000| Untracked 
|  97|0x0000000086100000, 0x0000000086149170, 0x0000000086200000| 28%| O|  |TAMS 0x0000000086100000| PB 0x0000000086100000| Untracked 
|  98|0x0000000086200000, 0x0000000086200000, 0x0000000086300000|  0%| F|  |TAMS 0x0000000086200000| PB 0x0000000086200000| Untracked 
|  99|0x0000000086300000, 0x0000000086300000, 0x0000000086400000|  0%| F|  |TAMS 0x0000000086300000| PB 0x0000000086300000| Untracked 
| 100|0x0000000086400000, 0x0000000086400000, 0x0000000086500000|  0%| F|  |TAMS 0x0000000086400000| PB 0x0000000086400000| Untracked 
| 101|0x0000000086500000, 0x0000000086500000, 0x0000000086600000|  0%| F|  |TAMS 0x0000000086500000| PB 0x0000000086500000| Untracked 
| 102|0x0000000086600000, 0x000000008665a380, 0x0000000086700000| 35%| S|CS|TAMS 0x0000000086600000| PB 0x0000000086600000| Complete 
| 103|0x0000000086700000, 0x0000000086800000, 0x0000000086800000|100%| S|CS|TAMS 0x0000000086700000| PB 0x0000000086700000| Complete 
| 104|0x0000000086800000, 0x0000000086800000, 0x0000000086900000|  0%| F|  |TAMS 0x0000000086800000| PB 0x0000000086800000| Untracked 
| 105|0x0000000086900000, 0x0000000086900000, 0x0000000086a00000|  0%| F|  |TAMS 0x0000000086900000| PB 0x0000000086900000| Untracked 
| 106|0x0000000086a00000, 0x0000000086a00000, 0x0000000086b00000|  0%| F|  |TAMS 0x0000000086a00000| PB 0x0000000086a00000| Untracked 
| 107|0x0000000086b00000, 0x0000000086b00000, 0x0000000086c00000|  0%| F|  |TAMS 0x0000000086b00000| PB 0x0000000086b00000| Untracked 
| 108|0x0000000086c00000, 0x0000000086c00000, 0x0000000086d00000|  0%| F|  |TAMS 0x0000000086c00000| PB 0x0000000086c00000| Untracked 
| 109|0x0000000086d00000, 0x0000000086d00000, 0x0000000086e00000|  0%| F|  |TAMS 0x0000000086d00000| PB 0x0000000086d00000| Untracked 
| 110|0x0000000086e00000, 0x0000000086e00000, 0x0000000086f00000|  0%| F|  |TAMS 0x0000000086e00000| PB 0x0000000086e00000| Untracked 
| 111|0x0000000086f00000, 0x0000000086f00000, 0x0000000087000000|  0%| F|  |TAMS 0x0000000086f00000| PB 0x0000000086f00000| Untracked 
| 112|0x0000000087000000, 0x0000000087000000, 0x0000000087100000|  0%| F|  |TAMS 0x0000000087000000| PB 0x0000000087000000| Untracked 
| 113|0x0000000087100000, 0x0000000087100000, 0x0000000087200000|  0%| F|  |TAMS 0x0000000087100000| PB 0x0000000087100000| Untracked 
| 114|0x0000000087200000, 0x0000000087200000, 0x0000000087300000|  0%| F|  |TAMS 0x0000000087200000| PB 0x0000000087200000| Untracked 
| 115|0x0000000087300000, 0x0000000087300000, 0x0000000087400000|  0%| F|  |TAMS 0x0000000087300000| PB 0x0000000087300000| Untracked 
| 116|0x0000000087400000, 0x0000000087400000, 0x0000000087500000|  0%| F|  |TAMS 0x0000000087400000| PB 0x0000000087400000| Untracked 
| 117|0x0000000087500000, 0x0000000087500000, 0x0000000087600000|  0%| F|  |TAMS 0x0000000087500000| PB 0x0000000087500000| Untracked 
| 118|0x0000000087600000, 0x0000000087600000, 0x0000000087700000|  0%| F|  |TAMS 0x0000000087600000| PB 0x0000000087600000| Untracked 
| 119|0x0000000087700000, 0x0000000087700000, 0x0000000087800000|  0%| F|  |TAMS 0x0000000087700000| PB 0x0000000087700000| Untracked 
| 120|0x0000000087800000, 0x0000000087800000, 0x0000000087900000|  0%| F|  |TAMS 0x0000000087800000| PB 0x0000000087800000| Untracked 
| 121|0x0000000087900000, 0x0000000087900000, 0x0000000087a00000|  0%| F|  |TAMS 0x0000000087900000| PB 0x0000000087900000| Untracked 
| 122|0x0000000087a00000, 0x0000000087a00000, 0x0000000087b00000|  0%| F|  |TAMS 0x0000000087a00000| PB 0x0000000087a00000| Untracked 
| 123|0x0000000087b00000, 0x0000000087b00000, 0x0000000087c00000|  0%| F|  |TAMS 0x0000000087b00000| PB 0x0000000087b00000| Untracked 
| 124|0x0000000087c00000, 0x0000000087c00000, 0x0000000087d00000|  0%| F|  |TAMS 0x0000000087c00000| PB 0x0000000087c00000| Untracked 
| 125|0x0000000087d00000, 0x0000000087d00000, 0x0000000087e00000|  0%| F|  |TAMS 0x0000000087d00000| PB 0x0000000087d00000| Untracked 
| 126|0x0000000087e00000, 0x0000000087e00000, 0x0000000087f00000|  0%| F|  |TAMS 0x0000000087e00000| PB 0x0000000087e00000| Untracked 
| 127|0x0000000087f00000, 0x0000000087f00000, 0x0000000088000000|  0%| F|  |TAMS 0x0000000087f00000| PB 0x0000000087f00000| Untracked 
| 128|0x0000000088000000, 0x0000000088000000, 0x0000000088100000|  0%| F|  |TAMS 0x0000000088000000| PB 0x0000000088000000| Untracked 
| 129|0x0000000088100000, 0x0000000088100000, 0x0000000088200000|  0%| F|  |TAMS 0x0000000088100000| PB 0x0000000088100000| Untracked 
| 130|0x0000000088200000, 0x0000000088200000, 0x0000000088300000|  0%| F|  |TAMS 0x0000000088200000| PB 0x0000000088200000| Untracked 
| 131|0x0000000088300000, 0x0000000088300000, 0x0000000088400000|  0%| F|  |TAMS 0x0000000088300000| PB 0x0000000088300000| Untracked 
| 132|0x0000000088400000, 0x00000000884f21c0, 0x0000000088500000| 94%| E|  |TAMS 0x0000000088400000| PB 0x0000000088400000| Complete 
| 133|0x0000000088500000, 0x0000000088600000, 0x0000000088600000|100%| E|CS|TAMS 0x0000000088500000| PB 0x0000000088500000| Complete 
| 134|0x0000000088600000, 0x0000000088700000, 0x0000000088700000|100%| E|CS|TAMS 0x0000000088600000| PB 0x0000000088600000| Complete 
| 135|0x0000000088700000, 0x0000000088800000, 0x0000000088800000|100%| E|CS|TAMS 0x0000000088700000| PB 0x0000000088700000| Complete 
|2037|0x00000000ff500000, 0x00000000ff600000, 0x00000000ff600000|100%| O|  |TAMS 0x00000000ff500000| PB 0x00000000ff500000| Untracked 
|2038|0x00000000ff600000, 0x00000000ff700000, 0x00000000ff700000|100%| O|  |TAMS 0x00000000ff600000| PB 0x00000000ff600000| Untracked 
|2039|0x00000000ff700000, 0x00000000ff800000, 0x00000000ff800000|100%| O|  |TAMS 0x00000000ff700000| PB 0x00000000ff700000| Untracked 
|2040|0x00000000ff800000, 0x00000000ff900000, 0x00000000ff900000|100%| O|  |TAMS 0x00000000ff800000| PB 0x00000000ff800000| Untracked 
|2041|0x00000000ff900000, 0x00000000ffa00000, 0x00000000ffa00000|100%| O|  |TAMS 0x00000000ff900000| PB 0x00000000ff900000| Untracked 
|2042|0x00000000ffa00000, 0x00000000ffb00000, 0x00000000ffb00000|100%| O|  |TAMS 0x00000000ffa00000| PB 0x00000000ffa00000| Untracked 
|2043|0x00000000ffb00000, 0x00000000ffc00000, 0x00000000ffc00000|100%| O|  |TAMS 0x00000000ffb00000| PB 0x00000000ffb00000| Untracked 
|2044|0x00000000ffc00000, 0x00000000ffd00000, 0x00000000ffd00000|100%| O|  |TAMS 0x00000000ffc00000| PB 0x00000000ffc00000| Untracked 
|2045|0x00000000ffd00000, 0x00000000ffe00000, 0x00000000ffe00000|100%| O|  |TAMS 0x00000000ffd00000| PB 0x00000000ffd00000| Untracked 
|2046|0x00000000ffe00000, 0x00000000fff00000, 0x00000000fff00000|100%| O|  |TAMS 0x00000000ffe00000| PB 0x00000000ffe00000| Untracked 
|2047|0x00000000fff00000, 0x0000000100000000, 0x0000000100000000|100%| O|  |TAMS 0x00000000fff00000| PB 0x00000000fff00000| Untracked 

Card table byte_map: [0x00000262571e0000,0x00000262575e0000] _byte_map_base: 0x0000026256de0000

Marking Bits: (CMBitMap*) 0x00000262436e94b0
 Bits: [0x00000262575e0000, 0x00000262595e0000)

Polling page: 0x0000026241480000

Metaspace:

Usage:
  Non-class:     66.90 MB used.
      Class:     11.22 MB used.
       Both:     78.12 MB used.

Virtual space:
  Non-class space:      128.00 MB reserved,      67.94 MB ( 53%) committed,  2 nodes.
      Class space:      416.00 MB reserved,      12.31 MB (  3%) committed,  1 nodes.
             Both:      544.00 MB reserved,      80.25 MB ( 15%) committed. 

Chunk freelists:
   Non-Class:  11.82 MB
       Class:  3.61 MB
        Both:  15.43 MB

MaxMetaspaceSize: 512.00 MB
CompressedClassSpaceSize: 416.00 MB
Initial GC threshold: 21.00 MB
Current GC threshold: 125.75 MB
CDS: on
 - commit_granule_bytes: 65536.
 - commit_granule_words: 8192.
 - virtual_space_node_default_size: 8388608.
 - enlarge_chunks_in_place: 1.
 - use_allocation_guard: 0.


Internal statistics:

num_allocs_failed_limit: 9.
num_arena_births: 3914.
num_arena_deaths: 0.
num_vsnodes_births: 3.
num_vsnodes_deaths: 0.
num_space_committed: 1284.
num_space_uncommitted: 0.
num_chunks_returned_to_freelist: 9.
num_chunks_taken_from_freelist: 7843.
num_chunk_merges: 9.
num_chunk_splits: 5031.
num_chunks_enlarged: 3046.
num_inconsistent_stats: 0.

CodeHeap 'non-profiled nmethods': size=128192Kb used=5394Kb max_used=5394Kb free=122797Kb
 bounds [0x000002624eb60000, 0x000002624f0b0000, 0x0000026256890000]
CodeHeap 'profiled nmethods': size=128192Kb used=16970Kb max_used=16970Kb free=111221Kb
 bounds [0x0000026246890000, 0x0000026247930000, 0x000002624e5c0000]
CodeHeap 'non-nmethods': size=5760Kb used=2924Kb max_used=2957Kb free=2835Kb
 bounds [0x000002624e5c0000, 0x000002624e8b0000, 0x000002624eb60000]
CodeCache: size=262144Kb, used=25288Kb, max_used=25321Kb, free=236853Kb
 total_blobs=10217, nmethods=9265, adapters=854, full_count=0
Compilation: enabled, stopped_count=0, restarted_count=0

Compilation events (20 events):
Event: 67.326 Thread 0x000002625c24c9a0 nmethod 10990 0x000002624f0a1090 code [0x000002624f0a1220, 0x000002624f0a1420]
Event: 67.341 Thread 0x000002625c24c9a0 11001       4       java.util.LinkedList::linkLast (59 bytes)
Event: 67.343 Thread 0x000002625c24c9a0 nmethod 11001 0x000002624f0a1510 code [0x000002624f0a16a0, 0x000002624f0a1a68]
Event: 67.343 Thread 0x000002625c24c9a0 11002       4       sun.reflect.annotation.AnnotationType::getInstance (65 bytes)
Event: 67.345 Thread 0x000002625c24c9a0 nmethod 11002 0x000002624f0a1b10 code [0x000002624f0a1cc0, 0x000002624f0a1ea8]
Event: 67.345 Thread 0x000002625c255110 11003       3       org.gradle.internal.instantiation.generator.AsmBackedClassGenerator$ClassBuilderImpl::addLazyGroovySupportSetterOverloads (30 bytes)
Event: 67.345 Thread 0x000002625c24c9a0 11004 %     4       jdk.internal.org.objectweb.asm.ClassReader::<init> @ 110 (371 bytes)
Event: 67.347 Thread 0x000002625c255110 nmethod 11003 0x000002624791b210 code [0x000002624791b4c0, 0x000002624791c048]
Event: 67.359 Thread 0x000002625c24c9a0 nmethod 11004% 0x000002624f0a2090 code [0x000002624f0a22c0, 0x000002624f0a2fc0]
Event: 67.396 Thread 0x000002625c24c9a0 11005       4       java.util.LinkedList::add (7 bytes)
Event: 67.398 Thread 0x000002625c24c9a0 nmethod 11005 0x000002624f0a3590 code [0x000002624f0a3720, 0x000002624f0a3ae8]
Event: 67.416 Thread 0x000002625c255110 11006       3       org.gradle.internal.reflect.MutableClassDetails::getInstanceMethods (8 bytes)
Event: 67.416 Thread 0x000002625c255110 nmethod 11006 0x000002624791c490 code [0x000002624791c6a0, 0x000002624791cce8]
Event: 67.416 Thread 0x000002625c24c9a0 11007       4       java.lang.invoke.DirectMethodHandle::preparedLambdaForm (244 bytes)
Event: 67.422 Thread 0x000002625c24c9a0 nmethod 11007 0x000002624f0a3b90 code [0x000002624f0a3de0, 0x000002624f0a43e8]
Event: 67.463 Thread 0x000002625c24c9a0 11008   !   4       java.net.URLClassLoader$1::run (81 bytes)
Event: 67.551 Thread 0x000002625c255110 11011       3       java.util.concurrent.ConcurrentHashMap::values (25 bytes)
Event: 67.551 Thread 0x000002625c255110 nmethod 11011 0x000002624791cf10 code [0x000002624791d0e0, 0x000002624791d470]
Event: 67.572 Thread 0x000002625c255110 11012       3       java.lang.invoke.BoundMethodHandle$Species_L::speciesData (4 bytes)
Event: 67.572 Thread 0x000002625c255110 nmethod 11012 0x000002624791d590 code [0x000002624791d720, 0x000002624791d838]

GC Heap History (20 events):
Event: 15.148 GC heap after
{Heap after GC invocations=21 (full 0):
 garbage-first heap   total 117760K, used 72743K [0x0000000080000000, 0x0000000100000000)
  region size 1024K, 4 young (4096K), 4 survivors (4096K)
 Metaspace       used 69799K, committed 71808K, reserved 491520K
  class space    used 10162K, committed 11136K, reserved 425984K
}
Event: 15.712 GC heap before
{Heap before GC invocations=21 (full 0):
 garbage-first heap   total 117760K, used 107559K [0x0000000080000000, 0x0000000100000000)
  region size 1024K, 38 young (38912K), 4 survivors (4096K)
 Metaspace       used 72886K, committed 74944K, reserved 491520K
  class space    used 10697K, committed 11712K, reserved 425984K
}
Event: 15.718 GC heap after
{Heap after GC invocations=22 (full 0):
 garbage-first heap   total 117760K, used 74485K [0x0000000080000000, 0x0000000100000000)
  region size 1024K, 4 young (4096K), 4 survivors (4096K)
 Metaspace       used 72886K, committed 74944K, reserved 491520K
  class space    used 10697K, committed 11712K, reserved 425984K
}
Event: 18.359 GC heap before
{Heap before GC invocations=22 (full 0):
 garbage-first heap   total 117760K, used 106229K [0x0000000080000000, 0x0000000100000000)
  region size 1024K, 36 young (36864K), 4 survivors (4096K)
 Metaspace       used 74023K, committed 76096K, reserved 491520K
  class space    used 10838K, committed 11840K, reserved 425984K
}
Event: 18.364 GC heap after
{Heap after GC invocations=23 (full 0):
 garbage-first heap   total 117760K, used 80439K [0x0000000080000000, 0x0000000100000000)
  region size 1024K, 5 young (5120K), 5 survivors (5120K)
 Metaspace       used 74023K, committed 76096K, reserved 491520K
  class space    used 10838K, committed 11840K, reserved 425984K
}
Event: 18.935 GC heap before
{Heap before GC invocations=24 (full 0):
 garbage-first heap   total 135168K, used 107063K [0x0000000080000000, 0x0000000100000000)
  region size 1024K, 31 young (31744K), 5 survivors (5120K)
 Metaspace       used 74226K, committed 76288K, reserved 491520K
  class space    used 10848K, committed 11840K, reserved 425984K
}
Event: 18.939 GC heap after
{Heap after GC invocations=25 (full 0):
 garbage-first heap   total 135168K, used 83220K [0x0000000080000000, 0x0000000100000000)
  region size 1024K, 4 young (4096K), 4 survivors (4096K)
 Metaspace       used 74226K, committed 76288K, reserved 491520K
  class space    used 10848K, committed 11840K, reserved 425984K
}
Event: 19.900 GC heap before
{Heap before GC invocations=25 (full 0):
 garbage-first heap   total 135168K, used 120084K [0x0000000080000000, 0x0000000100000000)
  region size 1024K, 40 young (40960K), 4 survivors (4096K)
 Metaspace       used 74342K, committed 76416K, reserved 491520K
  class space    used 10850K, committed 11840K, reserved 425984K
}
Event: 19.903 GC heap after
{Heap after GC invocations=26 (full 0):
 garbage-first heap   total 135168K, used 81875K [0x0000000080000000, 0x0000000100000000)
  region size 1024K, 4 young (4096K), 4 survivors (4096K)
 Metaspace       used 74342K, committed 76416K, reserved 491520K
  class space    used 10850K, committed 11840K, reserved 425984K
}
Event: 21.186 GC heap before
{Heap before GC invocations=26 (full 0):
 garbage-first heap   total 135168K, used 120787K [0x0000000080000000, 0x0000000100000000)
  region size 1024K, 42 young (43008K), 4 survivors (4096K)
 Metaspace       used 74353K, committed 76416K, reserved 491520K
  class space    used 10850K, committed 11840K, reserved 425984K
}
Event: 21.190 GC heap after
{Heap after GC invocations=27 (full 0):
 garbage-first heap   total 135168K, used 82714K [0x0000000080000000, 0x0000000100000000)
  region size 1024K, 4 young (4096K), 4 survivors (4096K)
 Metaspace       used 74353K, committed 76416K, reserved 491520K
  class space    used 10850K, committed 11840K, reserved 425984K
}
Event: 22.982 GC heap before
{Heap before GC invocations=28 (full 0):
 garbage-first heap   total 140288K, used 120602K [0x0000000080000000, 0x0000000100000000)
  region size 1024K, 42 young (43008K), 4 survivors (4096K)
 Metaspace       used 74357K, committed 76416K, reserved 491520K
  class space    used 10850K, committed 11840K, reserved 425984K
}
Event: 22.986 GC heap after
{Heap after GC invocations=29 (full 0):
 garbage-first heap   total 140288K, used 83797K [0x0000000080000000, 0x0000000100000000)
  region size 1024K, 4 young (4096K), 4 survivors (4096K)
 Metaspace       used 74357K, committed 76416K, reserved 491520K
  class space    used 10850K, committed 11840K, reserved 425984K
}
Event: 25.192 GC heap before
{Heap before GC invocations=29 (full 0):
 garbage-first heap   total 140288K, used 125781K [0x0000000080000000, 0x0000000100000000)
  region size 1024K, 46 young (47104K), 4 survivors (4096K)
 Metaspace       used 74374K, committed 76416K, reserved 491520K
  class space    used 10851K, committed 11840K, reserved 425984K
}
Event: 25.196 GC heap after
{Heap after GC invocations=30 (full 0):
 garbage-first heap   total 140288K, used 83311K [0x0000000080000000, 0x0000000100000000)
  region size 1024K, 4 young (4096K), 4 survivors (4096K)
 Metaspace       used 74374K, committed 76416K, reserved 491520K
  class space    used 10851K, committed 11840K, reserved 425984K
}
Event: 25.759 GC heap before
{Heap before GC invocations=30 (full 0):
 garbage-first heap   total 140288K, used 102767K [0x0000000080000000, 0x0000000100000000)
  region size 1024K, 24 young (24576K), 4 survivors (4096K)
 Metaspace       used 75200K, committed 77248K, reserved 557056K
  class space    used 10949K, committed 11968K, reserved 425984K
}
Event: 25.762 GC heap after
{Heap after GC invocations=31 (full 0):
 garbage-first heap   total 140288K, used 85020K [0x0000000080000000, 0x0000000100000000)
  region size 1024K, 5 young (5120K), 5 survivors (5120K)
 Metaspace       used 75200K, committed 77248K, reserved 557056K
  class space    used 10949K, committed 11968K, reserved 425984K
}
Event: 60.813 GC heap before
{Heap before GC invocations=32 (full 0):
 garbage-first heap   total 145408K, used 136220K [0x0000000080000000, 0x0000000100000000)
  region size 1024K, 45 young (46080K), 5 survivors (5120K)
 Metaspace       used 76649K, committed 78720K, reserved 557056K
  class space    used 11102K, committed 12096K, reserved 425984K
}
Event: 60.873 GC heap after
{Heap after GC invocations=33 (full 0):
 garbage-first heap   total 150528K, used 103424K [0x0000000080000000, 0x0000000100000000)
  region size 1024K, 6 young (6144K), 6 survivors (6144K)
 Metaspace       used 76649K, committed 78720K, reserved 557056K
  class space    used 11102K, committed 12096K, reserved 425984K
}
Event: 67.600 GC heap before
{Heap before GC invocations=33 (full 0):
 garbage-first heap   total 150528K, used 134144K [0x0000000080000000, 0x0000000100000000)
  region size 1024K, 37 young (37888K), 6 survivors (6144K)
 Metaspace       used 79725K, committed 81920K, reserved 557056K
  class space    used 11447K, committed 12544K, reserved 425984K
}

Dll operation events (14 events):
Event: 0.022 Loaded shared library C:\Users\Vert\.antigravity\extensions\redhat.java-1.54.0-win32-x64\jre\21.0.10-win32-x86_64\bin\java.dll
Event: 0.104 Loaded shared library C:\Users\Vert\.antigravity\extensions\redhat.java-1.54.0-win32-x64\jre\21.0.10-win32-x86_64\bin\zip.dll
Event: 0.122 Loaded shared library C:\Users\Vert\.antigravity\extensions\redhat.java-1.54.0-win32-x64\jre\21.0.10-win32-x86_64\bin\instrument.dll
Event: 0.128 Loaded shared library C:\Users\Vert\.antigravity\extensions\redhat.java-1.54.0-win32-x64\jre\21.0.10-win32-x86_64\bin\net.dll
Event: 0.131 Loaded shared library C:\Users\Vert\.antigravity\extensions\redhat.java-1.54.0-win32-x64\jre\21.0.10-win32-x86_64\bin\nio.dll
Event: 0.134 Loaded shared library C:\Users\Vert\.antigravity\extensions\redhat.java-1.54.0-win32-x64\jre\21.0.10-win32-x86_64\bin\zip.dll
Event: 0.340 Loaded shared library C:\Users\Vert\.antigravity\extensions\redhat.java-1.54.0-win32-x64\jre\21.0.10-win32-x86_64\bin\jimage.dll
Event: 0.452 Loaded shared library C:\Users\Vert\.antigravity\extensions\redhat.java-1.54.0-win32-x64\jre\21.0.10-win32-x86_64\bin\verify.dll
Event: 0.527 Loaded shared library C:\Users\Vert\.gradle\native\1def1411415f61bf3af743bc5b6707747c0891f09f0c88961ee8f79bc544acac\windows-amd64\native-platform.dll
Event: 0.540 Loaded shared library C:\Users\Vert\.gradle\native\0.2.7\x86_64-windows-gnu\gradle-fileevents.dll
Event: 1.700 Loaded shared library C:\Users\Vert\.antigravity\extensions\redhat.java-1.54.0-win32-x64\jre\21.0.10-win32-x86_64\bin\management.dll
Event: 1.746 Loaded shared library C:\Users\Vert\.antigravity\extensions\redhat.java-1.54.0-win32-x64\jre\21.0.10-win32-x86_64\bin\management_ext.dll
Event: 2.736 Loaded shared library C:\Users\Vert\.antigravity\extensions\redhat.java-1.54.0-win32-x64\jre\21.0.10-win32-x86_64\bin\extnet.dll
Event: 3.019 Loaded shared library C:\Users\Vert\.antigravity\extensions\redhat.java-1.54.0-win32-x64\jre\21.0.10-win32-x86_64\bin\sunmscapi.dll

Deoptimization events (20 events):
Event: 60.178 Thread 0x000002627cb7b7a0 DEOPT PACKING pc=0x000002624ee8fb58 sp=0x000000bc698f43d0
Event: 60.178 Thread 0x000002627cb7b7a0 DEOPT UNPACKING pc=0x000002624e617ba2 sp=0x000000bc698f4370 mode 2
Event: 61.259 Thread 0x000002627cb7b7a0 Uncommon trap: trap_request=0xffffffde fr.pc=0x000002624f03f2c8 relative=0x0000000000006908
Event: 61.259 Thread 0x000002627cb7b7a0 Uncommon trap: reason=class_check action=maybe_recompile pc=0x000002624f03f2c8 method=java.util.jar.JarFile.getManifestFromReference()Ljava/util/jar/Manifest; @ 152 c2
Event: 61.259 Thread 0x000002627cb7b7a0 DEOPT PACKING pc=0x000002624f03f2c8 sp=0x000000bc698f2d90
Event: 61.259 Thread 0x000002627cb7b7a0 DEOPT UNPACKING pc=0x000002624e617ba2 sp=0x000000bc698f2bf8 mode 2
Event: 62.086 Thread 0x000002627cb7b7a0 Uncommon trap: trap_request=0xffffff45 fr.pc=0x000002624ec21f80 relative=0x00000000000001e0
Event: 62.086 Thread 0x000002627cb7b7a0 Uncommon trap: reason=unstable_if action=reinterpret pc=0x000002624ec21f80 method=java.lang.invoke.LambdaFormBuffer.changeName(ILjava/lang/invoke/LambdaForm$Name;)V @ 140 c2
Event: 62.092 Thread 0x000002627cb7b7a0 DEOPT PACKING pc=0x000002624ec21f80 sp=0x000000bc698f1c50
Event: 62.092 Thread 0x000002627cb7b7a0 DEOPT UNPACKING pc=0x000002624e617ba2 sp=0x000000bc698f1bf8 mode 2
Event: 67.187 Thread 0x000002627cb7b7a0 Uncommon trap: trap_request=0xffffffde fr.pc=0x000002624f03f2c8 relative=0x0000000000006908
Event: 67.187 Thread 0x000002627cb7b7a0 Uncommon trap: reason=class_check action=maybe_recompile pc=0x000002624f03f2c8 method=java.util.jar.JarFile.getManifestFromReference()Ljava/util/jar/Manifest; @ 152 c2
Event: 67.188 Thread 0x000002627cb7b7a0 DEOPT PACKING pc=0x000002624f03f2c8 sp=0x000000bc698f4060
Event: 67.188 Thread 0x000002627cb7b7a0 DEOPT UNPACKING pc=0x000002624e617ba2 sp=0x000000bc698f3ec8 mode 2
Event: 67.281 Thread 0x000002627cb7b7a0 Uncommon trap: trap_request=0xffffff45 fr.pc=0x000002624eecf148 relative=0x0000000000001ea8
Event: 67.281 Thread 0x000002627cb7b7a0 Uncommon trap: reason=unstable_if action=reinterpret pc=0x000002624eecf148 method=java.util.zip.InflaterInputStream.read([BII)I @ 94 c2
Event: 67.281 Thread 0x000002627cb7b7a0 DEOPT PACKING pc=0x000002624eecf148 sp=0x000000bc698f26a0
Event: 67.281 Thread 0x000002627cb7b7a0 DEOPT UNPACKING pc=0x000002624e617ba2 sp=0x000000bc698f2700 mode 2
Event: 67.474 Thread 0x000002627cb7b7a0 DEOPT PACKING pc=0x0000026246c40002 sp=0x000000bc698f0520
Event: 67.474 Thread 0x000002627cb7b7a0 DEOPT UNPACKING pc=0x000002624e6186e2 sp=0x000000bc698efa30 mode 0

Classes loaded (20 events):
Event: 15.615 Loading class java/util/stream/IntPipeline$StatelessOp done
Event: 15.615 Loading class java/util/stream/ReferencePipeline$4 done
Event: 15.615 Loading class java/util/stream/ReduceOps$6
Event: 15.615 Loading class java/util/stream/ReduceOps$6 done
Event: 15.615 Loading class java/util/stream/ReduceOps$5ReducingSink
Event: 15.615 Loading class java/util/stream/ReduceOps$5ReducingSink done
Event: 15.615 Loading class java/util/stream/ReferencePipeline$4$1
Event: 15.615 Loading class java/util/stream/ReferencePipeline$4$1 done
Event: 16.790 Loading class java/util/concurrent/ConcurrentLinkedQueue$Itr
Event: 16.790 Loading class java/util/concurrent/ConcurrentLinkedQueue$Itr done
Event: 17.937 Loading class java/util/Collections$ReverseComparator
Event: 17.937 Loading class java/util/Collections$ReverseComparator done
Event: 17.937 Loading class java/util/Collections$ReverseComparator2
Event: 17.937 Loading class java/util/Collections$ReverseComparator2 done
Event: 25.699 Loading class java/io/NotSerializableException
Event: 25.699 Loading class java/io/NotSerializableException done
Event: 67.129 Loading class java/util/Comparators$NullComparator
Event: 67.130 Loading class java/util/Comparators$NullComparator done
Event: 67.590 Loading class java/util/concurrent/Executors$DefaultThreadFactory
Event: 67.590 Loading class java/util/concurrent/Executors$DefaultThreadFactory done

Classes unloaded (0 events):
No events

Classes redefined (0 events):
No events

Internal exceptions (20 events):
Event: 15.573 Thread 0x0000026200fbdb80 Exception <a 'java/lang/NoSuchMethodError'{0x000000008529c168}: 'void java.lang.invoke.DirectMethodHandle$Holder.invokeSpecial(java.lang.Object, java.lang.Object, java.lang.Object, java.lang.Object, int, java.lang.Object, java.lang.Object)'> (0x000000008529c168) 
thrown [s\src\hotspot\share\interpreter\linkResolver.cpp, line 773]
Event: 15.582 Thread 0x0000026200fbbab0 Exception <a 'java/lang/NoSuchMethodError'{0x00000000851b4be8}: static Ljava/lang/Object;.<clinit>()V> (0x00000000851b4be8) 
thrown [s\src\hotspot\share\prims\jni.cpp, line 1111]
Event: 15.585 Thread 0x0000026200fbbab0 Exception <a 'java/lang/NoSuchMethodError'{0x000000008500c368}: static Lorg/jetbrains/kotlin/gradle/plugin/statistics/MetricContainer;.<clinit>()V> (0x000000008500c368) 
thrown [s\src\hotspot\share\prims\jni.cpp, line 1111]
Event: 15.630 Thread 0x0000026200fbdb80 Exception <a 'java/lang/NoSuchMethodError'{0x0000000084e547a0}: 'int java.lang.invoke.DirectMethodHandle$Holder.invokeSpecial(java.lang.Object, java.lang.Object, java.lang.Object, java.lang.Object, java.lang.Object)'> (0x0000000084e547a0) 
thrown [s\src\hotspot\share\interpreter\linkResolver.cpp, line 773]
Event: 15.709 Thread 0x0000026200fbdb80 Exception <a 'java/lang/IncompatibleClassChangeError'{0x0000000084acbf38}: Found class java.lang.Object, but interface was expected> (0x0000000084acbf38) 
thrown [s\src\hotspot\share\interpreter\linkResolver.cpp, line 840]
Event: 16.170 Thread 0x0000026200fbdb80 Exception <a 'java/lang/NoSuchMethodError'{0x0000000086522690}: static Ljava/lang/Object;.<clinit>()V> (0x0000000086522690) 
thrown [s\src\hotspot\share\prims\jni.cpp, line 1111]
Event: 16.719 Thread 0x0000026200fbdb80 Exception <a 'java/lang/NoSuchMethodError'{0x000000008592fa80}: 'int java.lang.invoke.DirectMethodHandle$Holder.invokeStaticInit(java.lang.Object, java.lang.Object, java.lang.Object, java.lang.Object, java.lang.Object)'> (0x000000008592fa80) 
thrown [s\src\hotspot\share\interpreter\linkResolver.cpp, line 773]
Event: 16.746 Thread 0x0000026200fbdb80 Exception <a 'sun/nio/fs/WindowsException'{0x00000000858b5288}> (0x00000000858b5288) 
thrown [s\src\hotspot\share\prims\jni.cpp, line 520]
Event: 16.746 Thread 0x0000026200fbdb80 Exception <a 'sun/nio/fs/WindowsException'{0x00000000858b7580}> (0x00000000858b7580) 
thrown [s\src\hotspot\share\prims\jni.cpp, line 520]
Event: 16.746 Thread 0x0000026200fbdb80 Exception <a 'sun/nio/fs/WindowsException'{0x00000000858b95c8}> (0x00000000858b95c8) 
thrown [s\src\hotspot\share\prims\jni.cpp, line 520]
Event: 16.747 Thread 0x0000026200fbdb80 Exception <a 'sun/nio/fs/WindowsException'{0x00000000858bb2f8}> (0x00000000858bb2f8) 
thrown [s\src\hotspot\share\prims\jni.cpp, line 520]
Event: 16.751 Thread 0x0000026200fbdb80 Exception <a 'sun/nio/fs/WindowsException'{0x00000000858e9518}> (0x00000000858e9518) 
thrown [s\src\hotspot\share\prims\jni.cpp, line 520]
Event: 16.752 Thread 0x0000026200fbdb80 Exception <a 'sun/nio/fs/WindowsException'{0x00000000858eb4e8}> (0x00000000858eb4e8) 
thrown [s\src\hotspot\share\prims\jni.cpp, line 520]
Event: 16.752 Thread 0x0000026200fbdb80 Exception <a 'sun/nio/fs/WindowsException'{0x00000000858ed0f0}> (0x00000000858ed0f0) 
thrown [s\src\hotspot\share\prims\jni.cpp, line 520]
Event: 19.145 Thread 0x000002627cb7b7a0 Implicit null exception at 0x000002624efda769 to 0x000002624efda818
Event: 19.145 Thread 0x000002627f183ff0 Implicit null exception at 0x000002624efda769 to 0x000002624efda818
Event: 21.449 Thread 0x000002627cb7b7a0 Implicit null exception at 0x000002624ee2deca to 0x000002624ee2e710
Event: 25.723 Thread 0x000002627cb7b7a0 Exception <a 'java/lang/NoSuchMethodError'{0x0000000086e284a0}: 'java.lang.Object java.lang.invoke.Invokers$Holder.invokeExact_MT(java.lang.Object, java.lang.Object, java.lang.Object, int, java.lang.Object, java.lang.Object)'> (0x0000000086e284a0) 
thrown [s\src\hotspot\share\interpreter\linkResolver.cpp, line 773]
Event: 57.231 Thread 0x000002627cb7b7a0 Exception <a 'java/lang/ClassNotFoundException'{0x0000000087022f68}: org/gradle/api/internal/plugins/DefaultObjectConfigurationActionBeanInfo> (0x0000000087022f68) 
thrown [s\src\hotspot\share\classfile\systemDictionary.cpp, line 312]
Event: 57.238 Thread 0x000002627cb7b7a0 Exception <a 'java/lang/ClassNotFoundException'{0x000000008703ae48}: org/gradle/api/internal/plugins/DefaultObjectConfigurationActionCustomizer> (0x000000008703ae48) 
thrown [s\src\hotspot\share\classfile\systemDictionary.cpp, line 312]

ZGC Phase Switch (0 events):
No events

VM Operations (20 events):
Event: 56.927 Executing safepoint VM operation: Cleanup done
Event: 57.930 Executing safepoint VM operation: Cleanup
Event: 58.053 Executing safepoint VM operation: Cleanup done
Event: 60.068 Executing safepoint VM operation: Cleanup
Event: 60.070 Executing safepoint VM operation: Cleanup done
Event: 60.279 Executing non-safepoint VM operation: HandshakeAllThreads (HandshakeForDeflation)
Event: 60.290 Executing non-safepoint VM operation: HandshakeAllThreads (HandshakeForDeflation) done
Event: 60.290 Executing non-safepoint VM operation: RendezvousGCThreads
Event: 60.290 Executing non-safepoint VM operation: RendezvousGCThreads done
Event: 60.811 Executing safepoint VM operation: G1CollectForAllocation (G1 Evacuation Pause)
Event: 60.873 Executing safepoint VM operation: G1CollectForAllocation (G1 Evacuation Pause) done
Event: 61.876 Executing safepoint VM operation: Cleanup
Event: 61.986 Executing safepoint VM operation: Cleanup done
Event: 62.992 Executing safepoint VM operation: Cleanup
Event: 63.008 Executing safepoint VM operation: Cleanup done
Event: 64.015 Executing safepoint VM operation: Cleanup
Event: 64.045 Executing safepoint VM operation: Cleanup done
Event: 67.061 Executing safepoint VM operation: Cleanup
Event: 67.123 Executing safepoint VM operation: Cleanup done
Event: 67.599 Executing safepoint VM operation: G1CollectForAllocation (G1 Evacuation Pause)

Memory protections (0 events):
No events

Nmethod flushes (20 events):
Event: 25.805 Thread 0x000002625c213dd0 flushing  nmethod 0x00000262472a3d10
Event: 25.805 Thread 0x000002625c213dd0 flushing  nmethod 0x00000262473cfa10
Event: 25.805 Thread 0x000002625c213dd0 flushing  nmethod 0x00000262468e5690
Event: 25.805 Thread 0x000002625c213dd0 flushing  nmethod 0x0000026246983690
Event: 25.805 Thread 0x000002625c213dd0 flushing  nmethod 0x0000026246983e10
Event: 25.805 Thread 0x000002625c213dd0 flushing  nmethod 0x0000026246984290
Event: 25.805 Thread 0x000002625c213dd0 flushing  nmethod 0x0000026246985390
Event: 25.805 Thread 0x000002625c213dd0 flushing  nmethod 0x0000026246d3d510
Event: 25.805 Thread 0x000002625c213dd0 flushing  nmethod 0x000002624720e090
Event: 25.805 Thread 0x000002625c213dd0 flushing  nmethod 0x00000262472d7210
Event: 25.805 Thread 0x000002625c213dd0 flushing  nmethod 0x00000262472d8190
Event: 25.805 Thread 0x000002625c213dd0 flushing  nmethod 0x00000262472d9a10
Event: 25.805 Thread 0x000002625c213dd0 flushing  nmethod 0x00000262472dbc10
Event: 25.805 Thread 0x000002625c213dd0 flushing  nmethod 0x00000262472ddc10
Event: 25.805 Thread 0x000002625c213dd0 flushing  nmethod 0x00000262472ddf90
Event: 25.805 Thread 0x000002625c213dd0 flushing  nmethod 0x00000262473dc810
Event: 25.805 Thread 0x000002625c213dd0 flushing  nmethod 0x00000262473e1a90
Event: 25.805 Thread 0x000002625c213dd0 flushing  nmethod 0x0000026247465010
Event: 25.805 Thread 0x000002625c213dd0 flushing  nmethod 0x0000026247544090
Event: 25.805 Thread 0x000002625c213dd0 flushing  nmethod 0x00000262475a7b90

Events (20 events):
Event: 6.143 Thread 0x000002627cb7b7a0 Thread added: 0x000002627dec6250
Event: 6.162 Thread 0x000002627cb7b7a0 Thread added: 0x000002627dec3460
Event: 6.838 Thread 0x000002627cb7b7a0 Thread added: 0x000002627dec8320
Event: 6.882 Thread 0x000002627cb7b7a0 Thread added: 0x000002627dec6f70
Event: 7.307 Thread 0x000002627cb7b7a0 Thread added: 0x000002627dec4ea0
Event: 9.333 Thread 0x000002627cb7b7a0 Thread added: 0x000002627dec96d0
Event: 9.391 Thread 0x000002627cb7b7a0 Thread added: 0x000002627dec9d60
Event: 9.612 Thread 0x000002627cb7b7a0 Thread added: 0x0000026200fbce60
Event: 10.605 Thread 0x000002627cb7b7a0 Thread added: 0x0000026200fbc7d0
Event: 12.428 Thread 0x000002627cb7b7a0 Thread added: 0x0000026200fbbab0
Event: 15.508 Thread 0x000002627cb7b7a0 Thread added: 0x0000026200fbd4f0
Event: 15.515 Thread 0x0000026200fbd4f0 Thread added: 0x0000026200fbdb80
Event: 15.538 Thread 0x0000026200fbdb80 Thread added: 0x000002627f17eaa0
Event: 16.009 Thread 0x0000026200fbdb80 Thread added: 0x000002627f17f7c0
Event: 16.156 Thread 0x0000026200fbdb80 Thread added: 0x000002627f17e410
Event: 16.179 Thread 0x0000026200fbdb80 Thread added: 0x000002627f1804e0
Event: 16.693 Thread 0x0000026200fbdb80 Thread added: 0x000002627f17f130
Event: 18.349 Thread 0x000002627cb7b7a0 Thread added: 0x000002627f17d060
Event: 18.444 Thread 0x000002627cb7b7a0 Thread added: 0x000002627f183ff0
Event: 19.518 Thread 0x000002627cb7b7a0 Thread added: 0x000002627f17fe50


Dynamic libraries:
0x00007ff790fb0000 - 0x00007ff790fbe000 	C:\Users\Vert\.antigravity\extensions\redhat.java-1.54.0-win32-x64\jre\21.0.10-win32-x86_64\bin\java.exe
0x00007ff817c60000 - 0x00007ff817ec7000 	C:\WINDOWS\SYSTEM32\ntdll.dll
0x00007ff816de0000 - 0x00007ff816ea9000 	C:\WINDOWS\System32\KERNEL32.DLL
0x00007ff814960000 - 0x00007ff814d57000 	C:\WINDOWS\System32\KERNELBASE.dll
0x00007ff814810000 - 0x00007ff81495b000 	C:\WINDOWS\System32\ucrtbase.dll
0x00007ffff2940000 - 0x00007ffff2958000 	C:\Users\Vert\.antigravity\extensions\redhat.java-1.54.0-win32-x64\jre\21.0.10-win32-x86_64\bin\jli.dll
0x00007ffff2c30000 - 0x00007ffff2c4e000 	C:\Users\Vert\.antigravity\extensions\redhat.java-1.54.0-win32-x64\jre\21.0.10-win32-x86_64\bin\VCRUNTIME140.dll
0x00007ff816670000 - 0x00007ff816836000 	C:\WINDOWS\System32\USER32.dll
0x00007ff8138d0000 - 0x00007ff813b62000 	C:\WINDOWS\WinSxS\amd64_microsoft.windows.common-controls_6595b64144ccf1df_6.0.26100.8457_none_3e0b2faee331e92d\COMCTL32.dll
0x00007ff814690000 - 0x00007ff8146b7000 	C:\WINDOWS\System32\win32u.dll
0x00007ff816eb0000 - 0x00007ff816edb000 	C:\WINDOWS\System32\GDI32.dll
0x00007ff815c70000 - 0x00007ff815d19000 	C:\WINDOWS\System32\msvcrt.dll
0x00007ff814d60000 - 0x00007ff814e8c000 	C:\WINDOWS\System32\gdi32full.dll
0x00007ff815880000 - 0x00007ff815923000 	C:\WINDOWS\System32\msvcp_win.dll
0x00007ff816580000 - 0x00007ff8165b2000 	C:\WINDOWS\System32\IMM32.DLL
0x00007ff8009c0000 - 0x00007ff8009cc000 	C:\Users\Vert\.antigravity\extensions\redhat.java-1.54.0-win32-x64\jre\21.0.10-win32-x86_64\bin\vcruntime140_1.dll
0x00007fffda600000 - 0x00007fffda68d000 	C:\Users\Vert\.antigravity\extensions\redhat.java-1.54.0-win32-x64\jre\21.0.10-win32-x86_64\bin\msvcp140.dll
0x00007fff2a5a0000 - 0x00007fff2b341000 	C:\Users\Vert\.antigravity\extensions\redhat.java-1.54.0-win32-x64\jre\21.0.10-win32-x86_64\bin\server\jvm.dll
0x00007ff817480000 - 0x00007ff817536000 	C:\WINDOWS\System32\ADVAPI32.dll
0x00007ff817540000 - 0x00007ff8175e7000 	C:\WINDOWS\System32\sechost.dll
0x00007ff8159e0000 - 0x00007ff815af8000 	C:\WINDOWS\System32\RPCRT4.dll
0x00007ff815be0000 - 0x00007ff815c60000 	C:\WINDOWS\System32\WS2_32.dll
0x00007ff8144f0000 - 0x00007ff81454e000 	C:\WINDOWS\SYSTEM32\POWRPROF.dll
0x00007ff808960000 - 0x00007ff808996000 	C:\WINDOWS\SYSTEM32\WINMM.dll
0x00007ff80be80000 - 0x00007ff80be8b000 	C:\WINDOWS\SYSTEM32\VERSION.dll
0x00007ff8144d0000 - 0x00007ff8144e4000 	C:\WINDOWS\SYSTEM32\UMPDC.dll
0x00007ff812a50000 - 0x00007ff812a6b000 	C:\WINDOWS\SYSTEM32\kernel.appcore.dll
0x00007ffff4a50000 - 0x00007ffff4a5a000 	C:\Users\Vert\.antigravity\extensions\redhat.java-1.54.0-win32-x64\jre\21.0.10-win32-x86_64\bin\jimage.dll
0x00007ff813e60000 - 0x00007ff8140a2000 	C:\WINDOWS\SYSTEM32\DBGHELP.DLL
0x00007ff816fe0000 - 0x00007ff817363000 	C:\WINDOWS\System32\combase.dll
0x00007ff815b00000 - 0x00007ff815bd9000 	C:\WINDOWS\System32\OLEAUT32.dll
0x00007ff813d30000 - 0x00007ff813d6b000 	C:\WINDOWS\SYSTEM32\dbgcore.DLL
0x00007ff815930000 - 0x00007ff8159d8000 	C:\WINDOWS\System32\bcryptPrimitives.dll
0x00007ffff46f0000 - 0x00007ffff46ff000 	C:\Users\Vert\.antigravity\extensions\redhat.java-1.54.0-win32-x64\jre\21.0.10-win32-x86_64\bin\instrument.dll
0x00007ffff21d0000 - 0x00007ffff21f0000 	C:\Users\Vert\.antigravity\extensions\redhat.java-1.54.0-win32-x64\jre\21.0.10-win32-x86_64\bin\java.dll
0x00007ff815d20000 - 0x00007ff81648e000 	C:\WINDOWS\System32\SHELL32.dll
0x00007ff814e90000 - 0x00007ff8156fc000 	C:\WINDOWS\System32\windows.storage.dll
0x00007ff816ee0000 - 0x00007ff816fd6000 	C:\WINDOWS\System32\SHCORE.dll
0x00007ff8165c0000 - 0x00007ff816626000 	C:\WINDOWS\System32\shlwapi.dll
0x00007ff8145b0000 - 0x00007ff8145d9000 	C:\WINDOWS\SYSTEM32\profapi.dll
0x00007ffff21b0000 - 0x00007ffff21c8000 	C:\Users\Vert\.antigravity\extensions\redhat.java-1.54.0-win32-x64\jre\21.0.10-win32-x86_64\bin\zip.dll
0x00007ffff49e0000 - 0x00007ffff49f0000 	C:\Users\Vert\.antigravity\extensions\redhat.java-1.54.0-win32-x64\jre\21.0.10-win32-x86_64\bin\net.dll
0x00007ff80e340000 - 0x00007ff80e469000 	C:\WINDOWS\SYSTEM32\WINHTTP.dll
0x00007ff812fc0000 - 0x00007ff81302c000 	C:\WINDOWS\system32\mswsock.dll
0x00007ffff2090000 - 0x00007ffff20a6000 	C:\Users\Vert\.antigravity\extensions\redhat.java-1.54.0-win32-x64\jre\21.0.10-win32-x86_64\bin\nio.dll
0x00007ffff42a0000 - 0x00007ffff42b0000 	C:\Users\Vert\.antigravity\extensions\redhat.java-1.54.0-win32-x64\jre\21.0.10-win32-x86_64\bin\verify.dll
0x00007ffff7330000 - 0x00007ffff7357000 	C:\Users\Vert\.gradle\native\1def1411415f61bf3af743bc5b6707747c0891f09f0c88961ee8f79bc544acac\windows-amd64\native-platform.dll
0x00007fffea8d0000 - 0x00007fffea948000 	C:\Users\Vert\.gradle\native\0.2.7\x86_64-windows-gnu\gradle-fileevents.dll
0x00007ff8033a0000 - 0x00007ff8033aa000 	C:\Users\Vert\.antigravity\extensions\redhat.java-1.54.0-win32-x64\jre\21.0.10-win32-x86_64\bin\management.dll
0x00007ff803390000 - 0x00007ff80339c000 	C:\Users\Vert\.antigravity\extensions\redhat.java-1.54.0-win32-x64\jre\21.0.10-win32-x86_64\bin\management_ext.dll
0x00007ff8175f0000 - 0x00007ff8175f8000 	C:\WINDOWS\System32\PSAPI.DLL
0x00007ff812590000 - 0x00007ff8125c2000 	C:\WINDOWS\SYSTEM32\IPHLPAPI.DLL
0x00007ff8169b0000 - 0x00007ff8169ba000 	C:\WINDOWS\System32\NSI.dll
0x00007ffff2ea0000 - 0x00007ffff2ea9000 	C:\Users\Vert\.antigravity\extensions\redhat.java-1.54.0-win32-x64\jre\21.0.10-win32-x86_64\bin\extnet.dll
0x00007ff8141b0000 - 0x00007ff8141cb000 	C:\WINDOWS\SYSTEM32\CRYPTSP.dll
0x00007ff813490000 - 0x00007ff8134c9000 	C:\WINDOWS\system32\rsaenh.dll
0x00007ff813030000 - 0x00007ff813063000 	C:\WINDOWS\SYSTEM32\USERENV.dll
0x00007ff814580000 - 0x00007ff8145aa000 	C:\WINDOWS\SYSTEM32\bcrypt.dll
0x00007ff813480000 - 0x00007ff81348c000 	C:\WINDOWS\SYSTEM32\CRYPTBASE.dll
0x00007ffff3480000 - 0x00007ffff348e000 	C:\Users\Vert\.antigravity\extensions\redhat.java-1.54.0-win32-x64\jre\21.0.10-win32-x86_64\bin\sunmscapi.dll
0x00007ff815700000 - 0x00007ff815878000 	C:\WINDOWS\System32\CRYPT32.dll
0x00007ff813750000 - 0x00007ff813780000 	C:\WINDOWS\SYSTEM32\ncrypt.dll
0x00007ff813700000 - 0x00007ff81373f000 	C:\WINDOWS\SYSTEM32\NTASN1.dll
0x00007ff807c40000 - 0x00007ff807c48000 	C:\WINDOWS\system32\wshunix.dll
0x00007fffc5f50000 - 0x00007fffc5f68000 	C:\WINDOWS\system32\napinsp.dll
0x00007ff8125d0000 - 0x00007ff812702000 	C:\WINDOWS\SYSTEM32\DNSAPI.dll
0x00007fffc5f70000 - 0x00007fffc5f83000 	C:\WINDOWS\System32\winrnr.dll
0x00007fffc5f90000 - 0x00007fffc5fb2000 	C:\WINDOWS\system32\nlansp_c.dll
0x00007ff809f20000 - 0x00007ff809f36000 	C:\WINDOWS\system32\wshbth.dll
0x00007ff80c6d0000 - 0x00007ff80c6db000 	C:\Windows\System32\rasadhlp.dll
0x00007ff80e870000 - 0x00007ff80e8f6000 	C:\WINDOWS\System32\fwpuclnt.dll

JVMTI agents:
C:\Users\Vert\.gradle\wrapper\dists\gradle-8.14-all\c2qonpi39x1mddn7hk5gh9iqj\gradle-8.14\lib\agents\gradle-instrumentation-agent-8.14.jar path:C:\Users\Vert\.antigravity\extensions\redhat.java-1.54.0-win32-x64\jre\21.0.10-win32-x86_64\bin\instrument.dll, loaded, initialized, instrumentlib options:none

dbghelp: loaded successfully - version: 4.0.5 - missing functions: none
symbol engine: initialized successfully - sym options: 0x614 - pdb path: .;C:\Users\Vert\.antigravity\extensions\redhat.java-1.54.0-win32-x64\jre\21.0.10-win32-x86_64\bin;C:\WINDOWS\SYSTEM32;C:\WINDOWS\WinSxS\amd64_microsoft.windows.common-controls_6595b64144ccf1df_6.0.26100.8457_none_3e0b2faee331e92d;C:\Users\Vert\.antigravity\extensions\redhat.java-1.54.0-win32-x64\jre\21.0.10-win32-x86_64\bin\server;C:\Users\Vert\.gradle\native\1def1411415f61bf3af743bc5b6707747c0891f09f0c88961ee8f79bc544acac\windows-amd64;C:\Users\Vert\.gradle\native\0.2.7\x86_64-windows-gnu

VM Arguments:
jvm_args: --add-opens=java.base/java.lang=ALL-UNNAMED --add-opens=java.base/java.lang.invoke=ALL-UNNAMED --add-opens=java.base/java.util=ALL-UNNAMED --add-opens=java.prefs/java.util.prefs=ALL-UNNAMED --add-exports=jdk.compiler/com.sun.tools.javac.api=ALL-UNNAMED --add-exports=jdk.compiler/com.sun.tools.javac.util=ALL-UNNAMED --add-opens=java.base/java.util=ALL-UNNAMED --add-opens=java.prefs/java.util.prefs=ALL-UNNAMED --add-opens=java.base/java.nio.charset=ALL-UNNAMED --add-opens=java.base/java.net=ALL-UNNAMED --add-opens=java.base/java.util.concurrent.atomic=ALL-UNNAMED --add-opens=java.xml/javax.xml.namespace=ALL-UNNAMED -XX:MaxMetaspaceSize=512m -XX:ReservedCodeCacheSize=256m -XX:+HeapDumpOnOutOfMemoryError -Xmx2048m -Dfile.encoding=UTF-8 -Duser.country=US -Duser.language=en -Duser.variant -javaagent:C:\Users\Vert\.gradle\wrapper\dists\gradle-8.14-all\c2qonpi39x1mddn7hk5gh9iqj\gradle-8.14\lib\agents\gradle-instrumentation-agent-8.14.jar 
java_command: org.gradle.launcher.daemon.bootstrap.GradleDaemon 8.14
java_class_path (initial): C:\Users\Vert\.gradle\wrapper\dists\gradle-8.14-all\c2qonpi39x1mddn7hk5gh9iqj\gradle-8.14\lib\gradle-daemon-main-8.14.jar
Launcher Type: SUN_STANDARD

[Global flags]
     intx CICompilerCount                          = 4                                         {product} {ergonomic}
   size_t CompressedClassSpaceSize                 = 436207616                                 {product} {ergonomic}
     uint ConcGCThreads                            = 3                                         {product} {ergonomic}
     uint G1ConcRefinementThreads                  = 10                                        {product} {ergonomic}
   size_t G1HeapRegionSize                         = 1048576                                   {product} {ergonomic}
    uintx GCDrainStackTargetSize                   = 64                                        {product} {ergonomic}
     bool HeapDumpOnOutOfMemoryError               = true                                   {manageable} {command line}
   size_t InitialHeapSize                          = 130023424                                 {product} {ergonomic}
   size_t MarkStackSize                            = 4194304                                   {product} {ergonomic}
   size_t MaxHeapSize                              = 2147483648                                {product} {command line}
   size_t MaxMetaspaceSize                         = 536870912                                 {product} {command line}
   size_t MaxNewSize                               = 1287651328                                {product} {ergonomic}
   size_t MinHeapDeltaBytes                        = 1048576                                   {product} {ergonomic}
   size_t MinHeapSize                              = 8388608                                   {product} {ergonomic}
    uintx NonNMethodCodeHeapSize                   = 5839372                                {pd product} {ergonomic}
    uintx NonProfiledCodeHeapSize                  = 131298042                              {pd product} {ergonomic}
    uintx ProfiledCodeHeapSize                     = 131298042                              {pd product} {ergonomic}
    uintx ReservedCodeCacheSize                    = 268435456                              {pd product} {command line}
     bool SegmentedCodeCache                       = true                                      {product} {ergonomic}
   size_t SoftMaxHeapSize                          = 2147483648                             {manageable} {ergonomic}
     bool UseCompressedOops                        = true                           {product lp64_product} {ergonomic}
     bool UseG1GC                                  = true                                      {product} {ergonomic}
     bool UseLargePagesIndividualAllocation        = false                                  {pd product} {ergonomic}

Logging:
Log output configuration:
 #0: stdout all=warning uptime,level,tags foldmultilines=false
 #1: stderr all=off uptime,level,tags foldmultilines=false

Release file:
JAVA_VERSION="21.0.10" 
MODULES="java.base java.compiler java.datatransfer java.xml java.prefs java.desktop java.instrument java.logging java.management java.security.sasl java.naming java.rmi java.management.rmi java.net.http java.scripting java.security.jgss java.transaction.xa java.sql java.sql.rowset java.xml.crypto java.se java.smartcardio jdk.accessibility jdk.internal.jvmstat jdk.attach jdk.charsets jdk.internal.opt jdk.zipfs jdk.compiler jdk.crypto.ec jdk.crypto.cryptoki jdk.crypto.mscapi jdk.dynalink jdk.internal.ed jdk.editpad jdk.hotspot.agent jdk.httpserver jdk.internal.le jdk.internal.vm.ci jdk.internal.vm.compiler jdk.internal.vm.compiler.management jdk.jartool jdk.javadoc jdk.jcmd jdk.management jdk.management.agent jdk.jconsole jdk.jdeps jdk.jdwp.agent jdk.jdi jdk.jfr jdk.jshell jdk.jsobject jdk.jstatd jdk.localedata jdk.management.jfr jdk.naming.dns jdk.naming.rmi jdk.net jdk.nio.mapmode jdk.random jdk.sctp jdk.security.auth jdk.security.jgss jdk.unsupported jdk.unsupported.desktop jdk.xml.dom" 

Environment Variables:
JAVA_HOME=C:\Program Files\Eclipse Adoptium\jdk-17
PATH=C:\Program Files (x86)\VMware\VMware Workstation\bin\;C:\WINDOWS\system32;C:\WINDOWS;C:\WINDOWS\System32\Wbem;C:\WINDOWS\System32\WindowsPowerShell\v1.0\;C:\WINDOWS\System32\OpenSSH\;D:\xammp\php;D:\xammp;C:\Program Files\Docker\Docker\resources\bin;C:\Program Files\Microsoft SQL Server\150\Tools\Binn\;C:\Program Files\Microsoft SQL Server\Client SDK\ODBC\170\Tools\Binn\;C:\Program Files\dotnet\;C:\Program Files (x86)\Windows Kits\10\Windows Performance Toolkit\;C:\Program Files\Git\cmd;c:\Users\Vert\AppData\Local\Programs\cursor\resources\app\codeBin;C:\Users\Vert\AppData\Local\Yarn\config\global\node_modules\.bin;C:\Users\Vert\AppData\Roaming\Composer\vendor\bin;C:\Users\Vert\AppData\Roaming\npm;D:\xammp\laragon\bin\composer;D:\xammp\laragon\bin\git\bin;D:\xammp\laragon\bin\git\cmd;D:\xammp\laragon\bin\git\mingw64\bin;D:\xammp\laragon\bin\git\usr\bin;D:\xammp\laragon\bin\mysql\mysql-8.4.3-winx64\bin;D:\xammp\laragon\bin\ngrok;D:\xammp\laragon\bin\nodejs\node-v22;D:\xammp\laragon\bin\php\php-8.3.30-Win32-vs16-x64;D:\xammp\laragon\bin\python\python-3.13;D:\xammp\laragon\bin\python\python-3.13\Scripts;D:\xammp\laragon\usr\bin;C:\Users\Vert\scoop\shims;C:\Users\Vert\AppData\Local\Programs\Eclipse Adoptium\jdk-17.0.16.8-hotspot\bin;C:\dev\flutter\bin;C:\Users\Vert\AppData\Local\pnpm;C:\Users\Vert\AppData\Local\Programs\Microsoft VS Code\bin;C:\Program Files\Eclipse Adoptium\jdk-17\bin;C:\Users\Vert\AppData\Local\Microsoft\WindowsApps;C:\Users\Vert\AppData\Local\Microsoft\WinGet\Links;C:\Users\Vert\AppData\Local\Programs\Antigravity\bin;C:\Users\Vert\AppData\Local\Pub\Cache\bin;C:\Users\Vert\AppData\Local\Programs\cursor\resources\app\bin;C:\Users\Vert\AppData\Local\Programs\Windsurf\bin
USERNAME=Vert
OS=Windows_NT
PROCESSOR_IDENTIFIER=Intel64 Family 6 Model 141 Stepping 1, GenuineIntel
TMP=C:\Users\Vert\AppData\Local\Temp
TEMP=C:\Users\Vert\AppData\Local\Temp




Periodic native trim disabled

---------------  S Y S T E M  ---------------

OS:
 Windows 11 , 64 bit Build 26100 (10.0.26100.8328)
OS uptime: 5 days 6:30 hours
Hyper-V role detected

CPU: total 12 (initial active 12) (6 cores per cpu, 2 threads per core) family 6 model 141 stepping 1 microcode 0x50, cx8, cmov, fxsr, ht, mmx, 3dnowpref, sse, sse2, sse3, ssse3, sse4.1, sse4.2, popcnt, lzcnt, tsc, tscinvbit, avx, avx2, aes, erms, clmul, bmi1, bmi2, adx, avx512f, avx512dq, avx512cd, avx512bw, avx512vl, sha, fma, vzeroupper, avx512_vpopcntdq, avx512_vpclmulqdq, avx512_vaes, avx512_vnni, clflush, clflushopt, clwb, avx512_vbmi2, avx512_vbmi, hv, rdtscp, rdpid, fsrm, gfni, avx512_bitalg, f16c, cet_ibt, cet_ss, avx512_ifma
Processor Information for the first 12 processors :
  Max Mhz: 2688, Current Mhz: 2688, Mhz Limit: 2688

Memory: 4k page, system-wide physical 7913M (1022M free)
TotalPageFile size 32489M (AvailPageFile size 6M)
current process WorkingSet (physical memory assigned to process): 213M, peak: 338M
current process commit charge ("private bytes"): 428M, peak: 431M

vm_info: OpenJDK 64-Bit Server VM (21.0.10+7-LTS) for windows-amd64 JRE (21.0.10+7-LTS), built on 2026-01-20T00:00:00Z by "admin" with MS VC++ 17.12 (VS2022)

END.
