#
# There is insufficient memory for the Java Runtime Environment to continue.
# Native memory allocation (malloc) failed to allocate 306784 bytes. Error detail: Chunk::new
# Possible reasons:
#   The system is out of physical RAM or swap space
#   This process is running with CompressedOops enabled, and the Java Heap may be blocking the growth of the native heap
# Possible solutions:
#   Reduce memory load on the system
#   Increase physical memory or swap space
#   Check if swap backing store is full
#   Decrease Java heap size (-Xmx/-Xms)
#   Decrease number of Java threads
#   Decrease Java thread stack sizes (-Xss)
#   Set larger code cache with -XX:ReservedCodeCacheSize=
#   JVM is running with Unscaled Compressed Oops mode in which the Java heap is
#     placed in the first 4GB address space. The Java Heap base address is the
#     maximum limit for the native heap growth. Please use -XX:HeapBaseMinAddress
#     to set the Java Heap base and to place the Java Heap above 4GB virtual address.
# This output file may be truncated or incomplete.
#
#  Out of Memory Error (arena.cpp:168), pid=17284, tid=31176
#
# JRE version: OpenJDK Runtime Environment Temurin-21.0.10+7 (21.0.10+7) (build 21.0.10+7-LTS)
# Java VM: OpenJDK 64-Bit Server VM Temurin-21.0.10+7 (21.0.10+7-LTS, mixed mode, sharing, tiered, compressed oops, compressed class ptrs, parallel gc, windows-amd64)
# No core dump will be written. Minidumps are not enabled by default on client versions of Windows
#

---------------  S U M M A R Y ------------

Command Line: --add-modules=ALL-SYSTEM --add-opens=java.base/java.util=ALL-UNNAMED --add-opens=java.base/java.lang=ALL-UNNAMED --add-opens=java.base/sun.nio.fs=ALL-UNNAMED -Declipse.application=org.eclipse.jdt.ls.core.id1 -Dosgi.bundles.defaultStartLevel=4 -Declipse.product=org.eclipse.jdt.ls.core.product -Djava.import.generatesMetadataFilesAtProjectRoot=false -DDetectVMInstallationsJob.disabled=true -Dfile.encoding=utf8 -XX:+UseParallelGC -XX:GCTimeRatio=4 -XX:AdaptiveSizePolicyWeight=90 -Dsun.zip.disableMemoryMapping=true -Xmx2G -Xms100m -Xlog:disable -javaagent:c:\Users\Vert\.antigravity\extensions\redhat.java-1.54.0-win32-x64\lombok\lombok-1.18.39-4050.jar -XX:+HeapDumpOnOutOfMemoryError -XX:HeapDumpPath=c:\Users\Vert\AppData\Roaming\Antigravity\User\workspaceStorage\ad9078fdb8ec8e9a3a3ae01c5bf0d079\redhat.java -Daether.dependencyCollector.impl=bf c:\Users\Vert\.antigravity\extensions\redhat.java-1.54.0-win32-x64\server\plugins\org.eclipse.equinox.launcher_1.7.100.v20251111-0406.jar -configuration c:\Users\Vert\AppData\Roaming\Antigravity\User\globalStorage\redhat.java\1.54.0\config_win -data c:\Users\Vert\AppData\Roaming\Antigravity\User\workspaceStorage\ad9078fdb8ec8e9a3a3ae01c5bf0d079\redhat.java\jdt_ws --pipe=\\.\pipe\lsp-4a93e009c62d714eb8846f68ec9dbb5b-sock

Host: 11th Gen Intel(R) Core(TM) i5-11400H @ 2.70GHz, 12 cores, 7G,  Windows 11 , 64 bit Build 26100 (10.0.26100.8328)
Time: Sun May 24 02:45:23 2026 SE Asia Standard Time elapsed time: 42.345696 seconds (0d 0h 0m 42s)

---------------  T H R E A D  ---------------

Current thread (0x00000248fef7d100):  JavaThread "C2 CompilerThread0" daemon [_thread_in_native, id=31176, stack(0x000000ebac600000,0x000000ebac700000) (1024K)]


Current CompileTask:
C2:42345 3439       4       lombok.patcher.PatchScript::classMatches (41 bytes)

Stack: [0x000000ebac600000,0x000000ebac700000]
Native frames: (J=compiled Java code, j=interpreted, Vv=VM code, C=native code)
V  [jvm.dll+0x6d7a39]
V  [jvm.dll+0x8b4b26]
V  [jvm.dll+0x8b70de]
V  [jvm.dll+0x8b77c3]
V  [jvm.dll+0x284346]
V  [jvm.dll+0xc66ed]
V  [jvm.dll+0xc6c31]
V  [jvm.dll+0x3bec3b]
V  [jvm.dll+0x38b162]
V  [jvm.dll+0x38a5aa]
V  [jvm.dll+0x24c560]
V  [jvm.dll+0x24bb40]
V  [jvm.dll+0x1cb34e]
V  [jvm.dll+0x25b85d]
V  [jvm.dll+0x259dea]
V  [jvm.dll+0x3f857e]
V  [jvm.dll+0x85f59d]
V  [jvm.dll+0x6d626d]
C  [ucrtbase.dll+0x37b0]
C  [KERNEL32.DLL+0x2e957]
C  [ntdll.dll+0x427c]


---------------  P R O C E S S  ---------------

Threads class SMR info:
_java_thread_list=0x00000248d4829b10, length=18, elements={
0x00000248f558dc60, 0x00000248fef744b0, 0x00000248fef766c0, 0x00000248fef7a3a0,
0x00000248fef7ae00, 0x00000248fef7b860, 0x00000248fef7c2c0, 0x00000248fef7d100,
0x00000248feff3250, 0x00000248ff1b75e0, 0x00000248ff2b0760, 0x00000248ffb0fa00,
0x00000248d416f2e0, 0x00000248d416f950, 0x00000248ff800e40, 0x00000248ff6b8350,
0x00000248ff93c640, 0x00000248ff782620
}

Java Threads: ( => current thread )
  0x00000248f558dc60 JavaThread "main"                              [_thread_blocked, id=23584, stack(0x000000ebabb00000,0x000000ebabc00000) (1024K)]
  0x00000248fef744b0 JavaThread "Reference Handler"          daemon [_thread_blocked, id=28192, stack(0x000000ebac000000,0x000000ebac100000) (1024K)]
  0x00000248fef766c0 JavaThread "Finalizer"                  daemon [_thread_blocked, id=23844, stack(0x000000ebac100000,0x000000ebac200000) (1024K)]
  0x00000248fef7a3a0 JavaThread "Signal Dispatcher"          daemon [_thread_blocked, id=21172, stack(0x000000ebac200000,0x000000ebac300000) (1024K)]
  0x00000248fef7ae00 JavaThread "Attach Listener"            daemon [_thread_blocked, id=29592, stack(0x000000ebac300000,0x000000ebac400000) (1024K)]
  0x00000248fef7b860 JavaThread "Service Thread"             daemon [_thread_blocked, id=8544, stack(0x000000ebac400000,0x000000ebac500000) (1024K)]
  0x00000248fef7c2c0 JavaThread "Monitor Deflation Thread"   daemon [_thread_blocked, id=31616, stack(0x000000ebac500000,0x000000ebac600000) (1024K)]
=>0x00000248fef7d100 JavaThread "C2 CompilerThread0"         daemon [_thread_in_native, id=31176, stack(0x000000ebac600000,0x000000ebac700000) (1024K)]
  0x00000248feff3250 JavaThread "C1 CompilerThread0"         daemon [_thread_blocked, id=20532, stack(0x000000ebac700000,0x000000ebac800000) (1024K)]
  0x00000248ff1b75e0 JavaThread "Common-Cleaner"             daemon [_thread_blocked, id=29408, stack(0x000000ebac800000,0x000000ebac900000) (1024K)]
  0x00000248ff2b0760 JavaThread "Notification Thread"        daemon [_thread_blocked, id=17000, stack(0x000000ebac900000,0x000000ebaca00000) (1024K)]
  0x00000248ffb0fa00 JavaThread "Active Thread: Equinox Container: 2caaf353-ff81-4f23-8eaf-66a895385c45"        [_thread_blocked, id=3784, stack(0x000000ebaca00000,0x000000ebacb00000) (1024K)]
  0x00000248d416f2e0 JavaThread "Refresh Thread: Equinox Container: 2caaf353-ff81-4f23-8eaf-66a895385c45" daemon [_thread_blocked, id=28848, stack(0x000000ebad200000,0x000000ebad300000) (1024K)]
  0x00000248d416f950 JavaThread "Framework Event Dispatcher: Equinox Container: 2caaf353-ff81-4f23-8eaf-66a895385c45" daemon [_thread_blocked, id=11588, stack(0x000000ebad300000,0x000000ebad400000) (1024K)]
  0x00000248ff800e40 JavaThread "Start Level: Equinox Container: 2caaf353-ff81-4f23-8eaf-66a895385c45" daemon [_thread_in_native, id=9432, stack(0x000000ebad400000,0x000000ebad500000) (1024K)]
  0x00000248ff6b8350 JavaThread "Bundle File Closer"         daemon [_thread_blocked, id=29748, stack(0x000000ebad800000,0x000000ebad900000) (1024K)]
  0x00000248ff93c640 JavaThread "SCR Component Actor"        daemon [_thread_blocked, id=24216, stack(0x000000ebad500000,0x000000ebad600000) (1024K)]
  0x00000248ff782620 JavaThread "Worker-JM"                         [_thread_blocked, id=12952, stack(0x000000ebad900000,0x000000ebada00000) (1024K)]
Total: 18

Other Threads:
  0x00000248fd0250a0 VMThread "VM Thread"                           [id=1056, stack(0x000000ebabf00000,0x000000ebac000000) (1024K)]
  0x00000248f55fba30 WatcherThread "VM Periodic Task Thread"        [id=2860, stack(0x000000ebabe00000,0x000000ebabf00000) (1024K)]
  0x00000248f55acf00 WorkerThread "GC Thread#0"                     [id=25668, stack(0x000000ebabd00000,0x000000ebabe00000) (1024K)]
  0x00000248ff8fa190 WorkerThread "GC Thread#1"                     [id=16608, stack(0x000000ebacc00000,0x000000ebacd00000) (1024K)]
  0x00000248ff8fa540 WorkerThread "GC Thread#2"                     [id=7572, stack(0x000000ebacd00000,0x000000ebace00000) (1024K)]
  0x00000248ff8fa8f0 WorkerThread "GC Thread#3"                     [id=30548, stack(0x000000ebace00000,0x000000ebacf00000) (1024K)]
  0x00000248ff43abe0 WorkerThread "GC Thread#4"                     [id=5244, stack(0x000000ebacf00000,0x000000ebad000000) (1024K)]
  0x00000248ff43af90 WorkerThread "GC Thread#5"                     [id=20000, stack(0x000000ebad000000,0x000000ebad100000) (1024K)]
  0x00000248ff43b340 WorkerThread "GC Thread#6"                     [id=23048, stack(0x000000ebad100000,0x000000ebad200000) (1024K)]
  0x00000248ffb611d0 WorkerThread "GC Thread#7"                     [id=1916, stack(0x000000ebacb00000,0x000000ebacc00000) (1024K)]
  0x00000248d4510000 WorkerThread "GC Thread#8"                     [id=16168, stack(0x000000ebad600000,0x000000ebad700000) (1024K)]
  0x00000248d418b590 WorkerThread "GC Thread#9"                     [id=32096, stack(0x000000ebad700000,0x000000ebad800000) (1024K)]
Total: 12

Threads with active compile tasks:
C2 CompilerThread0  43370 3439       4       lombok.patcher.PatchScript::classMatches (41 bytes)
Total: 1

VM state: not at safepoint (normal execution)

VM Mutex/Monitor currently owned by a thread: None

Heap address: 0x0000000080000000, size: 2048 MB, Compressed Oops mode: 32-bit

CDS archive(s) mapped at: [0x000002488f000000-0x000002488fba0000-0x000002488fba0000), size 12189696, SharedBaseAddress: 0x000002488f000000, ArchiveRelocationMode: 1.
Compressed class space mapped at: 0x0000024890000000-0x00000248d0000000, reserved size: 1073741824
Narrow klass base: 0x000002488f000000, Narrow klass shift: 0, Narrow klass range: 0x100000000

GC Precious Log:
 CardTable entry size: 512
 CPUs: 12 total, 12 available
 Memory: 7913M
 Large Page Support: Disabled
 NUMA Support: Disabled
 Compressed Oops: Enabled (32-bit)
 Alignments: Space 512K, Generation 512K, Heap 2M
 Heap Min Capacity: 100M
 Heap Initial Capacity: 100M
 Heap Max Capacity: 2G
 Pre-touch: Disabled
 Parallel Workers: 10

Heap:
 PSYoungGen      total 29184K, used 14174K [0x00000000d5580000, 0x00000000d7900000, 0x0000000100000000)
  eden space 25088K, 40% used [0x00000000d5580000,0x00000000d5f5bec0,0x00000000d6e00000)
  from space 4096K, 99% used [0x00000000d6e80000,0x00000000d727bc98,0x00000000d7280000)
  to   space 5632K, 0% used [0x00000000d7380000,0x00000000d7380000,0x00000000d7900000)
 ParOldGen       total 68608K, used 7633K [0x0000000080000000, 0x0000000084300000, 0x00000000d5580000)
  object space 68608K, 11% used [0x0000000080000000,0x00000000807747d0,0x0000000084300000)
 Metaspace       used 15970K, committed 16512K, reserved 1114112K
  class space    used 1614K, committed 1856K, reserved 1048576K

Card table byte_map: [0x00000248f4f30000,0x00000248f5340000] _byte_map_base: 0x00000248f4b30000

Marking Bits: (ParMarkBitMap*) 0x00007fff2b263450
 Begin Bits: [0x00000248f8a40000, 0x00000248faa40000)
 End Bits:   [0x00000248faa40000, 0x00000248fca40000)

Polling page: 0x00000248f31e0000

Metaspace:

Usage:
  Non-class:     14.02 MB used.
      Class:      1.58 MB used.
       Both:     15.60 MB used.

Virtual space:
  Non-class space:       64.00 MB reserved,      14.31 MB ( 22%) committed,  1 nodes.
      Class space:        1.00 GB reserved,       1.81 MB ( <1%) committed,  1 nodes.
             Both:        1.06 GB reserved,      16.12 MB (  1%) committed. 

Chunk freelists:
   Non-Class:  1.53 MB
       Class:  14.00 MB
        Both:  15.53 MB

MaxMetaspaceSize: unlimited
CompressedClassSpaceSize: 1.00 GB
Initial GC threshold: 21.00 MB
Current GC threshold: 21.00 MB
CDS: on
 - commit_granule_bytes: 65536.
 - commit_granule_words: 8192.
 - virtual_space_node_default_size: 8388608.
 - enlarge_chunks_in_place: 1.
 - use_allocation_guard: 0.


Internal statistics:

num_allocs_failed_limit: 0.
num_arena_births: 414.
num_arena_deaths: 0.
num_vsnodes_births: 2.
num_vsnodes_deaths: 0.
num_space_committed: 258.
num_space_uncommitted: 0.
num_chunks_returned_to_freelist: 0.
num_chunks_taken_from_freelist: 937.
num_chunk_merges: 0.
num_chunk_splits: 596.
num_chunks_enlarged: 396.
num_inconsistent_stats: 0.

CodeHeap 'non-profiled nmethods': size=120000Kb used=1504Kb max_used=1504Kb free=118495Kb
 bounds [0x0000024887ad0000, 0x0000024887d40000, 0x000002488f000000]
CodeHeap 'profiled nmethods': size=120000Kb used=7252Kb max_used=7252Kb free=112747Kb
 bounds [0x0000024880000000, 0x0000024880720000, 0x0000024887530000]
CodeHeap 'non-nmethods': size=5760Kb used=1268Kb max_used=1283Kb free=4491Kb
 bounds [0x0000024887530000, 0x00000248877a0000, 0x0000024887ad0000]
CodeCache: size=245760Kb, used=10024Kb, max_used=10039Kb, free=235733Kb
 total_blobs=3990, nmethods=3459, adapters=437, full_count=0
Compilation: enabled, stopped_count=0, restarted_count=0

Compilation events (20 events):
Event: 39.251 Thread 0x00000248fef7d100 3429       4       org.eclipse.osgi.internal.hookregistry.ClassLoaderHook::preFindLocalClass (1 bytes)
Event: 39.252 Thread 0x00000248fef7d100 nmethod 3429 0x0000024887c46c10 code [0x0000024887c46da0, 0x0000024887c46e28]
Event: 39.252 Thread 0x00000248fef7d100 3430       4       org.eclipse.osgi.internal.hookregistry.ClassLoaderHook::postFindLocalClass (1 bytes)
Event: 39.252 Thread 0x00000248fef7d100 nmethod 3430 0x0000024887c46f10 code [0x0000024887c470a0, 0x0000024887c47128]
Event: 39.259 Thread 0x00000248feff3250 3433       3       java.util.AbstractQueue::<init> (5 bytes)
Event: 39.259 Thread 0x00000248feff3250 nmethod 3433 0x0000024880709110 code [0x00000248807092c0, 0x0000024880709488]
Event: 39.259 Thread 0x00000248fef7d100 3434   !   4       org.eclipse.osgi.internal.loader.BundleLoader::getModuleClassLoader (203 bytes)
Event: 39.263 Thread 0x00000248fef7d100 nmethod 3434 0x0000024887c47210 code [0x0000024887c47400, 0x0000024887c47a48]
Event: 39.272 Thread 0x00000248feff3250 3435       3       java.lang.invoke.MethodHandle::bindTo (19 bytes)
Event: 39.273 Thread 0x00000248feff3250 nmethod 3435 0x0000024880709590 code [0x00000248807097a0, 0x0000024880709db8]
Event: 39.273 Thread 0x00000248feff3250 3436       3       java.lang.invoke.MethodType::leadingReferenceParameter (30 bytes)
Event: 39.273 Thread 0x00000248feff3250 nmethod 3436 0x000002488070a010 code [0x000002488070a1e0, 0x000002488070a4c0]
Event: 39.273 Thread 0x00000248feff3250 3437       3       java.lang.invoke.MethodHandle::bindArgumentL (10 bytes)
Event: 39.273 Thread 0x00000248feff3250 nmethod 3437 0x000002488070a610 code [0x000002488070a820, 0x000002488070ae68]
Event: 39.281 Thread 0x00000248feff3250 3438       3       java.lang.Enum::hashCode (21 bytes)
Event: 39.281 Thread 0x00000248feff3250 nmethod 3438 0x000002488070b110 code [0x000002488070b2c0, 0x000002488070b448]
Event: 39.289 Thread 0x00000248fef7d100 3439       4       lombok.patcher.PatchScript::classMatches (41 bytes)
Event: 39.294 Thread 0x00000248feff3250 3440       3       org.eclipse.osgi.internal.weaving.WovenClassImpl::setWeavingCompleted (53 bytes)
Event: 39.294 Thread 0x00000248feff3250 nmethod 3440 0x000002488070b510 code [0x000002488070b6e0, 0x000002488070b960]
Event: 41.928 Thread 0x00000248feff3250 3441       3       java.util.concurrent.ScheduledThreadPoolExecutor$ScheduledFutureTask::compareTo (9 bytes)

GC Heap History (10 events):
Event: 2.231 GC heap before
{Heap before GC invocations=1 (full 0):
 PSYoungGen      total 29696K, used 25600K [0x00000000d5580000, 0x00000000d7680000, 0x0000000100000000)
  eden space 25600K, 100% used [0x00000000d5580000,0x00000000d6e80000,0x00000000d6e80000)
  from space 4096K, 0% used [0x00000000d7280000,0x00000000d7280000,0x00000000d7680000)
  to   space 4096K, 0% used [0x00000000d6e80000,0x00000000d6e80000,0x00000000d7280000)
 ParOldGen       total 68608K, used 0K [0x0000000080000000, 0x0000000084300000, 0x00000000d5580000)
  object space 68608K, 0% used [0x0000000080000000,0x0000000080000000,0x0000000084300000)
 Metaspace       used 4364K, committed 4608K, reserved 1114112K
  class space    used 474K, committed 576K, reserved 1048576K
}
Event: 2.243 GC heap after
{Heap after GC invocations=1 (full 0):
 PSYoungGen      total 29696K, used 3319K [0x00000000d5580000, 0x00000000d7680000, 0x0000000100000000)
  eden space 25600K, 0% used [0x00000000d5580000,0x00000000d5580000,0x00000000d6e80000)
  from space 4096K, 81% used [0x00000000d6e80000,0x00000000d71bdea8,0x00000000d7280000)
  to   space 4096K, 0% used [0x00000000d7280000,0x00000000d7280000,0x00000000d7680000)
 ParOldGen       total 68608K, used 16K [0x0000000080000000, 0x0000000084300000, 0x00000000d5580000)
  object space 68608K, 0% used [0x0000000080000000,0x0000000080004000,0x0000000084300000)
 Metaspace       used 4364K, committed 4608K, reserved 1114112K
  class space    used 474K, committed 576K, reserved 1048576K
}
Event: 3.622 GC heap before
{Heap before GC invocations=2 (full 0):
 PSYoungGen      total 29696K, used 28919K [0x00000000d5580000, 0x00000000d7680000, 0x0000000100000000)
  eden space 25600K, 100% used [0x00000000d5580000,0x00000000d6e80000,0x00000000d6e80000)
  from space 4096K, 81% used [0x00000000d6e80000,0x00000000d71bdea8,0x00000000d7280000)
  to   space 4096K, 0% used [0x00000000d7280000,0x00000000d7280000,0x00000000d7680000)
 ParOldGen       total 68608K, used 16K [0x0000000080000000, 0x0000000084300000, 0x00000000d5580000)
  object space 68608K, 0% used [0x0000000080000000,0x0000000080004000,0x0000000084300000)
 Metaspace       used 8208K, committed 8448K, reserved 1114112K
  class space    used 860K, committed 960K, reserved 1048576K
}
Event: 3.629 GC heap after
{Heap after GC invocations=2 (full 0):
 PSYoungGen      total 29696K, used 4071K [0x00000000d5580000, 0x00000000d7680000, 0x0000000100000000)
  eden space 25600K, 0% used [0x00000000d5580000,0x00000000d5580000,0x00000000d6e80000)
  from space 4096K, 99% used [0x00000000d7280000,0x00000000d7679e98,0x00000000d7680000)
  to   space 4096K, 0% used [0x00000000d6e80000,0x00000000d6e80000,0x00000000d7280000)
 ParOldGen       total 68608K, used 1980K [0x0000000080000000, 0x0000000084300000, 0x00000000d5580000)
  object space 68608K, 2% used [0x0000000080000000,0x00000000801ef030,0x0000000084300000)
 Metaspace       used 8208K, committed 8448K, reserved 1114112K
  class space    used 860K, committed 960K, reserved 1048576K
}
Event: 27.858 GC heap before
{Heap before GC invocations=3 (full 0):
 PSYoungGen      total 29696K, used 29660K [0x00000000d5580000, 0x00000000d7680000, 0x0000000100000000)
  eden space 25600K, 99% used [0x00000000d5580000,0x00000000d6e7d330,0x00000000d6e80000)
  from space 4096K, 99% used [0x00000000d7280000,0x00000000d7679e98,0x00000000d7680000)
  to   space 4096K, 0% used [0x00000000d6e80000,0x00000000d6e80000,0x00000000d7280000)
 ParOldGen       total 68608K, used 1980K [0x0000000080000000, 0x0000000084300000, 0x00000000d5580000)
  object space 68608K, 2% used [0x0000000080000000,0x00000000801ef030,0x0000000084300000)
 Metaspace       used 9466K, committed 9792K, reserved 1114112K
  class space    used 1007K, committed 1152K, reserved 1048576K
}
Event: 27.873 GC heap after
{Heap after GC invocations=3 (full 0):
 PSYoungGen      total 29696K, used 4081K [0x00000000d5580000, 0x00000000d7680000, 0x0000000100000000)
  eden space 25600K, 0% used [0x00000000d5580000,0x00000000d5580000,0x00000000d6e80000)
  from space 4096K, 99% used [0x00000000d6e80000,0x00000000d727c638,0x00000000d7280000)
  to   space 4096K, 0% used [0x00000000d7280000,0x00000000d7280000,0x00000000d7680000)
 ParOldGen       total 68608K, used 5088K [0x0000000080000000, 0x0000000084300000, 0x00000000d5580000)
  object space 68608K, 7% used [0x0000000080000000,0x00000000804f8058,0x0000000084300000)
 Metaspace       used 9466K, committed 9792K, reserved 1114112K
  class space    used 1007K, committed 1152K, reserved 1048576K
}
Event: 36.362 GC heap before
{Heap before GC invocations=4 (full 0):
 PSYoungGen      total 29696K, used 29681K [0x00000000d5580000, 0x00000000d7680000, 0x0000000100000000)
  eden space 25600K, 100% used [0x00000000d5580000,0x00000000d6e80000,0x00000000d6e80000)
  from space 4096K, 99% used [0x00000000d6e80000,0x00000000d727c638,0x00000000d7280000)
  to   space 4096K, 0% used [0x00000000d7280000,0x00000000d7280000,0x00000000d7680000)
 ParOldGen       total 68608K, used 5088K [0x0000000080000000, 0x0000000084300000, 0x00000000d5580000)
  object space 68608K, 7% used [0x0000000080000000,0x00000000804f8058,0x0000000084300000)
 Metaspace       used 11374K, committed 11712K, reserved 1114112K
  class space    used 1185K, committed 1344K, reserved 1048576K
}
Event: 36.369 GC heap after
{Heap after GC invocations=4 (full 0):
 PSYoungGen      total 29696K, used 4095K [0x00000000d5580000, 0x00000000d7680000, 0x0000000100000000)
  eden space 25600K, 0% used [0x00000000d5580000,0x00000000d5580000,0x00000000d6e80000)
  from space 4096K, 99% used [0x00000000d7280000,0x00000000d767fd88,0x00000000d7680000)
  to   space 4096K, 0% used [0x00000000d6e80000,0x00000000d6e80000,0x00000000d7280000)
 ParOldGen       total 68608K, used 7088K [0x0000000080000000, 0x0000000084300000, 0x00000000d5580000)
  object space 68608K, 10% used [0x0000000080000000,0x00000000806ec1d0,0x0000000084300000)
 Metaspace       used 11374K, committed 11712K, reserved 1114112K
  class space    used 1185K, committed 1344K, reserved 1048576K
}
Event: 37.014 GC heap before
{Heap before GC invocations=5 (full 0):
 PSYoungGen      total 29696K, used 29695K [0x00000000d5580000, 0x00000000d7680000, 0x0000000100000000)
  eden space 25600K, 100% used [0x00000000d5580000,0x00000000d6e80000,0x00000000d6e80000)
  from space 4096K, 99% used [0x00000000d7280000,0x00000000d767fd88,0x00000000d7680000)
  to   space 4096K, 0% used [0x00000000d6e80000,0x00000000d6e80000,0x00000000d7280000)
 ParOldGen       total 68608K, used 7088K [0x0000000080000000, 0x0000000084300000, 0x00000000d5580000)
  object space 68608K, 10% used [0x0000000080000000,0x00000000806ec1d0,0x0000000084300000)
 Metaspace       used 14453K, committed 14976K, reserved 1114112K
  class space    used 1465K, committed 1664K, reserved 1048576K
}
Event: 38.032 GC heap after
{Heap after GC invocations=5 (full 0):
 PSYoungGen      total 29184K, used 4079K [0x00000000d5580000, 0x00000000d7900000, 0x0000000100000000)
  eden space 25088K, 0% used [0x00000000d5580000,0x00000000d5580000,0x00000000d6e00000)
  from space 4096K, 99% used [0x00000000d6e80000,0x00000000d727bc98,0x00000000d7280000)
  to   space 5632K, 0% used [0x00000000d7380000,0x00000000d7380000,0x00000000d7900000)
 ParOldGen       total 68608K, used 7633K [0x0000000080000000, 0x0000000084300000, 0x00000000d5580000)
  object space 68608K, 11% used [0x0000000080000000,0x00000000807747d0,0x0000000084300000)
 Metaspace       used 14453K, committed 14976K, reserved 1114112K
  class space    used 1465K, committed 1664K, reserved 1048576K
}

Dll operation events (9 events):
Event: 0.019 Loaded shared library c:\Users\Vert\.antigravity\extensions\redhat.java-1.54.0-win32-x64\jre\21.0.10-win32-x86_64\bin\java.dll
Event: 0.698 Loaded shared library c:\Users\Vert\.antigravity\extensions\redhat.java-1.54.0-win32-x64\jre\21.0.10-win32-x86_64\bin\zip.dll
Event: 0.760 Loaded shared library C:\Users\Vert\.antigravity\extensions\redhat.java-1.54.0-win32-x64\jre\21.0.10-win32-x86_64\bin\instrument.dll
Event: 0.774 Loaded shared library C:\Users\Vert\.antigravity\extensions\redhat.java-1.54.0-win32-x64\jre\21.0.10-win32-x86_64\bin\net.dll
Event: 0.780 Loaded shared library C:\Users\Vert\.antigravity\extensions\redhat.java-1.54.0-win32-x64\jre\21.0.10-win32-x86_64\bin\nio.dll
Event: 0.789 Loaded shared library C:\Users\Vert\.antigravity\extensions\redhat.java-1.54.0-win32-x64\jre\21.0.10-win32-x86_64\bin\zip.dll
Event: 0.858 Loaded shared library C:\Users\Vert\.antigravity\extensions\redhat.java-1.54.0-win32-x64\jre\21.0.10-win32-x86_64\bin\jimage.dll
Event: 1.203 Loaded shared library c:\Users\Vert\.antigravity\extensions\redhat.java-1.54.0-win32-x64\jre\21.0.10-win32-x86_64\bin\verify.dll
Event: 21.895 Loaded shared library C:\Users\Vert\AppData\Roaming\Antigravity\User\globalStorage\redhat.java\1.54.0\config_win\org.eclipse.equinox.launcher\org.eclipse.equinox.launcher.win32.win32.x86_64_1.3.0.v20260203-2149\eclipse_11919.dll

Deoptimization events (20 events):
Event: 38.093 Thread 0x00000248ff800e40 Uncommon trap: trap_request=0xffffff45 fr.pc=0x0000024887b1e5cc relative=0x0000000000000f0c
Event: 38.093 Thread 0x00000248ff800e40 Uncommon trap: reason=unstable_if action=reinterpret pc=0x0000024887b1e5cc method=lombok.patcher.PatchScript.classMatches(Ljava/lang/String;Ljava/util/Collection;)Z @ 25 c2
Event: 38.094 Thread 0x00000248ff800e40 DEOPT PACKING pc=0x0000024887b1e5cc sp=0x000000ebad4f6e30
Event: 38.094 Thread 0x00000248ff800e40 DEOPT UNPACKING pc=0x0000024887586da2 sp=0x000000ebad4f6df0 mode 2
Event: 38.104 Thread 0x00000248ff800e40 Uncommon trap: trap_request=0xffffffc6 fr.pc=0x0000024887bfff64 relative=0x0000000000000a04
Event: 38.104 Thread 0x00000248ff800e40 Uncommon trap: reason=bimorphic_or_optimized_type_check action=maybe_recompile pc=0x0000024887bfff64 method=java.util.regex.Matcher.search(I)Z @ 121 c2
Event: 38.104 Thread 0x00000248ff800e40 DEOPT PACKING pc=0x0000024887bfff64 sp=0x000000ebad4f6820
Event: 38.104 Thread 0x00000248ff800e40 DEOPT UNPACKING pc=0x0000024887586da2 sp=0x000000ebad4f6800 mode 2
Event: 38.104 Thread 0x00000248ff800e40 Uncommon trap: trap_request=0xffffffc6 fr.pc=0x0000024887bfff64 relative=0x0000000000000a04
Event: 38.104 Thread 0x00000248ff800e40 Uncommon trap: reason=bimorphic_or_optimized_type_check action=maybe_recompile pc=0x0000024887bfff64 method=java.util.regex.Matcher.search(I)Z @ 121 c2
Event: 38.104 Thread 0x00000248ff800e40 DEOPT PACKING pc=0x0000024887bfff64 sp=0x000000ebad4f6820
Event: 38.104 Thread 0x00000248ff800e40 DEOPT UNPACKING pc=0x0000024887586da2 sp=0x000000ebad4f6800 mode 2
Event: 38.104 Thread 0x00000248ff800e40 Uncommon trap: trap_request=0xffffffc6 fr.pc=0x0000024887bfff64 relative=0x0000000000000a04
Event: 38.104 Thread 0x00000248ff800e40 Uncommon trap: reason=bimorphic_or_optimized_type_check action=maybe_recompile pc=0x0000024887bfff64 method=java.util.regex.Matcher.search(I)Z @ 121 c2
Event: 38.104 Thread 0x00000248ff800e40 DEOPT PACKING pc=0x0000024887bfff64 sp=0x000000ebad4f6830
Event: 38.104 Thread 0x00000248ff800e40 DEOPT UNPACKING pc=0x0000024887586da2 sp=0x000000ebad4f6810 mode 2
Event: 38.104 Thread 0x00000248ff800e40 Uncommon trap: trap_request=0xffffffc6 fr.pc=0x0000024887bfff64 relative=0x0000000000000a04
Event: 38.104 Thread 0x00000248ff800e40 Uncommon trap: reason=bimorphic_or_optimized_type_check action=maybe_recompile pc=0x0000024887bfff64 method=java.util.regex.Matcher.search(I)Z @ 121 c2
Event: 38.104 Thread 0x00000248ff800e40 DEOPT PACKING pc=0x0000024887bfff64 sp=0x000000ebad4f6830
Event: 38.104 Thread 0x00000248ff800e40 DEOPT UNPACKING pc=0x0000024887586da2 sp=0x000000ebad4f6810 mode 2

Classes loaded (20 events):
Event: 38.111 Loading class java/io/ObjectInputStream
Event: 38.112 Loading class java/io/ObjectInput
Event: 38.112 Loading class java/io/ObjectInput done
Event: 38.112 Loading class java/io/ObjectStreamConstants
Event: 38.112 Loading class java/io/ObjectStreamConstants done
Event: 38.112 Loading class java/io/ObjectInputStream done
Event: 38.112 Loading class java/io/ObjectOutputStream
Event: 38.113 Loading class java/io/ObjectOutput
Event: 38.113 Loading class java/io/ObjectOutput done
Event: 38.113 Loading class java/io/ObjectOutputStream done
Event: 38.113 Loading class java/lang/constant/ClassDesc
Event: 38.113 Loading class java/lang/constant/ClassDesc done
Event: 38.117 Loading class jdk/internal/vm/annotation/ForceInline
Event: 38.117 Loading class jdk/internal/vm/annotation/ForceInline done
Event: 39.273 Loading class java/text/MessageFormat
Event: 39.277 Loading class java/text/MessageFormat done
Event: 39.285 Loading class java/text/FieldPosition$Delegate
Event: 39.285 Loading class java/text/FieldPosition$Delegate done
Event: 39.287 Loading class java/text/MessageFormat$Field
Event: 39.287 Loading class java/text/MessageFormat$Field done

Classes unloaded (0 events):
No events

Classes redefined (0 events):
No events

Internal exceptions (20 events):
Event: 3.492 Thread 0x00000248f558dc60 Exception <a 'java/lang/NoSuchMethodError'{0x00000000d6b4eb38}: 'java.lang.Object java.lang.invoke.DirectMethodHandle$Holder.newInvokeSpecial(java.lang.Object, int, java.lang.Object)'> (0x00000000d6b4eb38) 
thrown [s\src\hotspot\share\interpreter\linkResolver.cpp, line 773]
Event: 3.562 Thread 0x00000248f558dc60 Exception <a 'java/lang/ClassNotFoundException'{0x00000000d6ced458}: sun/net/www/protocol/plurl/Handler> (0x00000000d6ced458) 
thrown [s\src\hotspot\share\classfile\systemDictionary.cpp, line 312]
Event: 3.562 Thread 0x00000248f558dc60 Exception <a 'java/lang/ClassNotFoundException'{0x00000000d6cee2d8}: sun/net/www/protocol/plurl/Handler> (0x00000000d6cee2d8) 
thrown [s\src\hotspot\share\classfile\systemDictionary.cpp, line 312]
Event: 17.804 Thread 0x00000248f558dc60 Exception <a 'java/lang/UnsatisfiedLinkError'{0x00000000d5878250}: 'void org.eclipse.equinox.launcher.JNIBridge._update_splash()'> (0x00000000d5878250) 
thrown [s\src\hotspot\share\prims\nativeLookup.cpp, line 415]
Event: 22.576 Thread 0x00000248ff800e40 Exception <a 'java/lang/NoSuchMethodError'{0x00000000d5c6d638}: 'java.lang.Object java.lang.invoke.DirectMethodHandle$Holder.newInvokeSpecial(java.lang.Object, java.lang.Object, int, java.lang.Object)'> (0x00000000d5c6d638) 
thrown [s\src\hotspot\share\interpreter\linkResolver.cpp, line 773]
Event: 22.578 Thread 0x00000248ff800e40 Exception <a 'java/lang/NoSuchMethodError'{0x00000000d5c71468}: 'java.lang.Object java.lang.invoke.DirectMethodHandle$Holder.invokeSpecial(java.lang.Object, java.lang.Object, java.lang.Object, int, java.lang.Object)'> (0x00000000d5c71468) 
thrown [s\src\hotspot\share\interpreter\linkResolver.cpp, line 773]
Event: 22.660 Thread 0x00000248ff800e40 Exception <a 'java/lang/NoClassDefFoundError'{0x00000000d5d18468}: jakarta/servlet/ServletContainerInitializer> (0x00000000d5d18468) 
thrown [s\src\hotspot\share\classfile\systemDictionary.cpp, line 301]
Event: 22.971 Thread 0x00000248ff800e40 Exception <a 'java/lang/ClassNotFoundException'{0x00000000d5e70e28}: sun/util/logging/resources/spi/loggingProvider> (0x00000000d5e70e28) 
thrown [s\src\hotspot\share\classfile\systemDictionary.cpp, line 312]
Event: 36.287 Thread 0x00000248ff800e40 Exception <a 'java/lang/NullPointerException'{0x00000000d6aeb1e8}> (0x00000000d6aeb1e8) 
thrown [s\src\hotspot\share\interpreter\linkResolver.cpp, line 1372]
Event: 36.287 Thread 0x00000248ff800e40 Exception <a 'java/lang/NullPointerException'{0x00000000d6aeb4c8}> (0x00000000d6aeb4c8) 
thrown [s\src\hotspot\share\interpreter\linkResolver.cpp, line 1372]
Event: 36.548 Thread 0x00000248ff800e40 Exception <a 'java/lang/NoSuchMethodError'{0x00000000d5bd9298}: 'long java.lang.invoke.DirectMethodHandle$Holder.invokeSpecial(java.lang.Object, java.lang.Object)'> (0x00000000d5bd9298) 
thrown [s\src\hotspot\share\interpreter\linkResolver.cpp, line 773]
Event: 36.584 Thread 0x00000248ff800e40 Exception <a 'java/lang/NoSuchMethodError'{0x00000000d5c97450}: 'void java.lang.invoke.Invokers$Holder.invokeExact_MT(java.lang.Object, java.lang.Object, java.lang.Object)'> (0x00000000d5c97450) 
thrown [s\src\hotspot\share\interpreter\linkResolver.cpp, line 773]
Event: 36.866 Thread 0x00000248ff800e40 Exception <a 'java/io/FileNotFoundException'{0x00000000d65948c8}> (0x00000000d65948c8) 
thrown [s\src\hotspot\share\prims\jni.cpp, line 520]
Event: 36.967 Thread 0x00000248ff800e40 Exception <a 'java/lang/NoSuchMethodError'{0x00000000d6a661a0}: 'java.lang.Object java.lang.invoke.Invokers$Holder.linkToTargetMethod(java.lang.Object, long, java.lang.Object)'> (0x00000000d6a661a0) 
thrown [s\src\hotspot\share\interpreter\linkResolver.cpp, line 773]
Event: 38.125 Thread 0x00000248ff800e40 Exception <a 'java/lang/NoSuchMethodError'{0x00000000d59a46e0}: 'java.lang.Object java.lang.invoke.DirectMethodHandle$Holder.invokeVirtual(java.lang.Object, java.lang.Object, java.lang.Object)'> (0x00000000d59a46e0) 
thrown [s\src\hotspot\share\interpreter\linkResolver.cpp, line 773]
Event: 38.127 Thread 0x00000248ff800e40 Exception <a 'java/lang/NoSuchMethodError'{0x00000000d59bca78}: 'java.lang.Object java.lang.invoke.DelegatingMethodHandle$Holder.reinvoke_L(java.lang.Object, java.lang.Object, java.lang.Object, java.lang.Object, int, int)'> (0x00000000d59bca78) 
thrown [s\src\hotspot\share\interpreter\linkResolver.cpp, line 773]
Event: 38.129 Thread 0x00000248ff800e40 Exception <a 'java/lang/NoSuchMethodError'{0x00000000d59d9738}: 'java.lang.Object java.lang.invoke.DirectMethodHandle$Holder.newInvokeSpecial(java.lang.Object, java.lang.Object, java.lang.Object, java.lang.Object, java.lang.Object, java.lang.Object)'> (0x00000000d59d9738) 
thrown [s\src\hotspot\share\interpreter\linkResolver.cpp, line 773]
Event: 38.131 Thread 0x00000248ff800e40 Exception <a 'java/lang/NoSuchMethodError'{0x00000000d5a06b90}: 'void java.lang.invoke.Invokers$Holder.invokeExact_MT(java.lang.Object, java.lang.Object, java.lang.Object, java.lang.Object)'> (0x00000000d5a06b90) 
thrown [s\src\hotspot\share\interpreter\linkResolver.cpp, line 773]
Event: 39.291 Thread 0x00000248ff800e40 Exception <a 'java/io/FileNotFoundException'{0x00000000d5cb3298}> (0x00000000d5cb3298) 
thrown [s\src\hotspot\share\prims\jni.cpp, line 520]
Event: 39.291 Thread 0x00000248ff800e40 Exception <a 'java/io/FileNotFoundException'{0x00000000d5cbad70}> (0x00000000d5cbad70) 
thrown [s\src\hotspot\share\prims\jni.cpp, line 520]

ZGC Phase Switch (0 events):
No events

VM Operations (20 events):
Event: 32.918 Executing safepoint VM operation: Cleanup
Event: 32.918 Executing safepoint VM operation: Cleanup done
Event: 32.977 Executing non-safepoint VM operation: HandshakeAllThreads (Deoptimize)
Event: 32.977 Executing non-safepoint VM operation: HandshakeAllThreads (Deoptimize) done
Event: 33.977 Executing safepoint VM operation: Cleanup
Event: 33.978 Executing safepoint VM operation: Cleanup done
Event: 35.998 Executing safepoint VM operation: Cleanup
Event: 35.998 Executing safepoint VM operation: Cleanup done
Event: 36.362 Executing safepoint VM operation: ParallelGCFailedAllocation (Allocation Failure)
Event: 36.369 Executing safepoint VM operation: ParallelGCFailedAllocation (Allocation Failure) done
Event: 36.419 Executing non-safepoint VM operation: HandshakeAllThreads (Deoptimize)
Event: 36.420 Executing non-safepoint VM operation: HandshakeAllThreads (Deoptimize) done
Event: 36.937 Executing safepoint VM operation: ICBufferFull
Event: 36.937 Executing safepoint VM operation: ICBufferFull done
Event: 37.014 Executing safepoint VM operation: ParallelGCFailedAllocation (Allocation Failure)
Event: 38.032 Executing safepoint VM operation: ParallelGCFailedAllocation (Allocation Failure) done
Event: 39.033 Executing safepoint VM operation: Cleanup
Event: 39.033 Executing safepoint VM operation: Cleanup done
Event: 40.044 Executing safepoint VM operation: Cleanup
Event: 40.321 Executing safepoint VM operation: Cleanup done

Memory protections (0 events):
No events

Nmethod flushes (0 events):
No events

Events (20 events):
Event: 1.672 Thread 0x00000248feff3250 Thread added: 0x00000248ff412aa0
Event: 2.413 Thread 0x00000248ff412aa0 Thread exited: 0x00000248ff412aa0
Event: 2.580 Thread 0x00000248feff3250 Thread added: 0x00000248d41acab0
Event: 3.168 Thread 0x00000248d41acab0 Thread exited: 0x00000248d41acab0
Event: 3.168 Thread 0x00000248ff4123f0 Thread exited: 0x00000248ff4123f0
Event: 3.429 Thread 0x00000248f558dc60 Thread added: 0x00000248ffb0fa00
Event: 17.801 Thread 0x00000248f558dc60 Thread added: 0x00000248d416f2e0
Event: 17.807 Thread 0x00000248d416f2e0 Thread added: 0x00000248d416f950
Event: 21.919 Thread 0x00000248f558dc60 Thread added: 0x00000248ff800e40
Event: 23.269 Thread 0x00000248feff3250 Thread added: 0x00000248d42f5e60
Event: 23.434 Thread 0x00000248d42f5e60 Thread exited: 0x00000248d42f5e60
Event: 27.842 Thread 0x00000248feff3250 Thread added: 0x00000248d418aee0
Event: 27.952 Thread 0x00000248ff800e40 Thread added: 0x00000248ff6b8350
Event: 28.165 Thread 0x00000248d418aee0 Thread exited: 0x00000248d418aee0
Event: 33.462 Thread 0x00000248feff3250 Thread added: 0x00000248d4492f90
Event: 33.473 Thread 0x00000248feff3250 Thread added: 0x00000248ff9f2500
Event: 33.653 Thread 0x00000248ff9f2500 Thread exited: 0x00000248ff9f2500
Event: 33.653 Thread 0x00000248d4492f90 Thread exited: 0x00000248d4492f90
Event: 36.401 Thread 0x00000248ff800e40 Thread added: 0x00000248ff93c640
Event: 37.010 Thread 0x00000248ff800e40 Thread added: 0x00000248ff782620


Dynamic libraries:
0x00007ff790fb0000 - 0x00007ff790fbe000 	c:\Users\Vert\.antigravity\extensions\redhat.java-1.54.0-win32-x64\jre\21.0.10-win32-x86_64\bin\java.exe
0x00007ff817c60000 - 0x00007ff817ec7000 	C:\WINDOWS\SYSTEM32\ntdll.dll
0x00007ff816de0000 - 0x00007ff816ea9000 	C:\WINDOWS\System32\KERNEL32.DLL
0x00007ff814960000 - 0x00007ff814d57000 	C:\WINDOWS\System32\KERNELBASE.dll
0x00007ff814810000 - 0x00007ff81495b000 	C:\WINDOWS\System32\ucrtbase.dll
0x00007ffff2940000 - 0x00007ffff2958000 	c:\Users\Vert\.antigravity\extensions\redhat.java-1.54.0-win32-x64\jre\21.0.10-win32-x86_64\bin\jli.dll
0x00007ff816670000 - 0x00007ff816836000 	C:\WINDOWS\System32\USER32.dll
0x00007ff814690000 - 0x00007ff8146b7000 	C:\WINDOWS\System32\win32u.dll
0x00007ff816eb0000 - 0x00007ff816edb000 	C:\WINDOWS\System32\GDI32.dll
0x00007ff814d60000 - 0x00007ff814e8c000 	C:\WINDOWS\System32\gdi32full.dll
0x00007ff815880000 - 0x00007ff815923000 	C:\WINDOWS\System32\msvcp_win.dll
0x00007ffff2c30000 - 0x00007ffff2c4e000 	c:\Users\Vert\.antigravity\extensions\redhat.java-1.54.0-win32-x64\jre\21.0.10-win32-x86_64\bin\VCRUNTIME140.dll
0x00007ff8138d0000 - 0x00007ff813b62000 	C:\WINDOWS\WinSxS\amd64_microsoft.windows.common-controls_6595b64144ccf1df_6.0.26100.8457_none_3e0b2faee331e92d\COMCTL32.dll
0x00007ff815c70000 - 0x00007ff815d19000 	C:\WINDOWS\System32\msvcrt.dll
0x00007ff816580000 - 0x00007ff8165b2000 	C:\WINDOWS\System32\IMM32.DLL
0x00007ff8009c0000 - 0x00007ff8009cc000 	c:\Users\Vert\.antigravity\extensions\redhat.java-1.54.0-win32-x64\jre\21.0.10-win32-x86_64\bin\vcruntime140_1.dll
0x00007fffda600000 - 0x00007fffda68d000 	c:\Users\Vert\.antigravity\extensions\redhat.java-1.54.0-win32-x64\jre\21.0.10-win32-x86_64\bin\msvcp140.dll
0x00007fff2a5a0000 - 0x00007fff2b341000 	c:\Users\Vert\.antigravity\extensions\redhat.java-1.54.0-win32-x64\jre\21.0.10-win32-x86_64\bin\server\jvm.dll
0x00007ff817480000 - 0x00007ff817536000 	C:\WINDOWS\System32\ADVAPI32.dll
0x00007ff817540000 - 0x00007ff8175e7000 	C:\WINDOWS\System32\sechost.dll
0x00007ff8159e0000 - 0x00007ff815af8000 	C:\WINDOWS\System32\RPCRT4.dll
0x00007ff815be0000 - 0x00007ff815c60000 	C:\WINDOWS\System32\WS2_32.dll
0x00007ff8144f0000 - 0x00007ff81454e000 	C:\WINDOWS\SYSTEM32\POWRPROF.dll
0x00007ff808960000 - 0x00007ff808996000 	C:\WINDOWS\SYSTEM32\WINMM.dll
0x00007ff80be80000 - 0x00007ff80be8b000 	C:\WINDOWS\SYSTEM32\VERSION.dll
0x00007ff8144d0000 - 0x00007ff8144e4000 	C:\WINDOWS\SYSTEM32\UMPDC.dll
0x00007ff812a50000 - 0x00007ff812a6b000 	C:\WINDOWS\SYSTEM32\kernel.appcore.dll
0x00007ffff4a50000 - 0x00007ffff4a5a000 	c:\Users\Vert\.antigravity\extensions\redhat.java-1.54.0-win32-x64\jre\21.0.10-win32-x86_64\bin\jimage.dll
0x00007ff813e60000 - 0x00007ff8140a2000 	C:\WINDOWS\SYSTEM32\DBGHELP.DLL
0x00007ff816fe0000 - 0x00007ff817363000 	C:\WINDOWS\System32\combase.dll
0x00007ff815b00000 - 0x00007ff815bd9000 	C:\WINDOWS\System32\OLEAUT32.dll
0x00007ff813d30000 - 0x00007ff813d6b000 	C:\WINDOWS\SYSTEM32\dbgcore.DLL
0x00007ff815930000 - 0x00007ff8159d8000 	C:\WINDOWS\System32\bcryptPrimitives.dll
0x00007ffff46f0000 - 0x00007ffff46ff000 	c:\Users\Vert\.antigravity\extensions\redhat.java-1.54.0-win32-x64\jre\21.0.10-win32-x86_64\bin\instrument.dll
0x00007ffff21d0000 - 0x00007ffff21f0000 	c:\Users\Vert\.antigravity\extensions\redhat.java-1.54.0-win32-x64\jre\21.0.10-win32-x86_64\bin\java.dll
0x00007ff815d20000 - 0x00007ff81648e000 	C:\WINDOWS\System32\SHELL32.dll
0x00007ff814e90000 - 0x00007ff8156fc000 	C:\WINDOWS\System32\windows.storage.dll
0x00007ff816ee0000 - 0x00007ff816fd6000 	C:\WINDOWS\System32\SHCORE.dll
0x00007ff8165c0000 - 0x00007ff816626000 	C:\WINDOWS\System32\shlwapi.dll
0x00007ff8145b0000 - 0x00007ff8145d9000 	C:\WINDOWS\SYSTEM32\profapi.dll
0x00007ffff21b0000 - 0x00007ffff21c8000 	c:\Users\Vert\.antigravity\extensions\redhat.java-1.54.0-win32-x64\jre\21.0.10-win32-x86_64\bin\zip.dll
0x00007ffff49e0000 - 0x00007ffff49f0000 	C:\Users\Vert\.antigravity\extensions\redhat.java-1.54.0-win32-x64\jre\21.0.10-win32-x86_64\bin\net.dll
0x00007ff80e340000 - 0x00007ff80e469000 	C:\WINDOWS\SYSTEM32\WINHTTP.dll
0x00007ff812fc0000 - 0x00007ff81302c000 	C:\WINDOWS\system32\mswsock.dll
0x00007ffff2090000 - 0x00007ffff20a6000 	C:\Users\Vert\.antigravity\extensions\redhat.java-1.54.0-win32-x64\jre\21.0.10-win32-x86_64\bin\nio.dll
0x00007ffff42a0000 - 0x00007ffff42b0000 	c:\Users\Vert\.antigravity\extensions\redhat.java-1.54.0-win32-x64\jre\21.0.10-win32-x86_64\bin\verify.dll
0x00007fffe22b0000 - 0x00007fffe22f5000 	C:\Users\Vert\AppData\Roaming\Antigravity\User\globalStorage\redhat.java\1.54.0\config_win\org.eclipse.equinox.launcher\org.eclipse.equinox.launcher.win32.win32.x86_64_1.3.0.v20260203-2149\eclipse_11919.dll
0x00007ff816bc0000 - 0x00007ff816d57000 	C:\WINDOWS\System32\ole32.dll

JVMTI agents:
c:\Users\Vert\.antigravity\extensions\redhat.java-1.54.0-win32-x64\lombok\lombok-1.18.39-4050.jar path:c:\Users\Vert\.antigravity\extensions\redhat.java-1.54.0-win32-x64\jre\21.0.10-win32-x86_64\bin\instrument.dll, loaded, initialized, instrumentlib options:none

dbghelp: loaded successfully - version: 4.0.5 - missing functions: none
symbol engine: initialized successfully - sym options: 0x614 - pdb path: .;c:\Users\Vert\.antigravity\extensions\redhat.java-1.54.0-win32-x64\jre\21.0.10-win32-x86_64\bin;C:\WINDOWS\SYSTEM32;C:\WINDOWS\WinSxS\amd64_microsoft.windows.common-controls_6595b64144ccf1df_6.0.26100.8457_none_3e0b2faee331e92d;c:\Users\Vert\.antigravity\extensions\redhat.java-1.54.0-win32-x64\jre\21.0.10-win32-x86_64\bin\server;C:\Users\Vert\AppData\Roaming\Antigravity\User\globalStorage\redhat.java\1.54.0\config_win\org.eclipse.equinox.launcher\org.eclipse.equinox.launcher.win32.win32.x86_64_1.3.0.v20260203-2149

VM Arguments:
jvm_args: --add-modules=ALL-SYSTEM --add-opens=java.base/java.util=ALL-UNNAMED --add-opens=java.base/java.lang=ALL-UNNAMED --add-opens=java.base/sun.nio.fs=ALL-UNNAMED -Declipse.application=org.eclipse.jdt.ls.core.id1 -Dosgi.bundles.defaultStartLevel=4 -Declipse.product=org.eclipse.jdt.ls.core.product -Djava.import.generatesMetadataFilesAtProjectRoot=false -DDetectVMInstallationsJob.disabled=true -Dfile.encoding=utf8 -XX:+UseParallelGC -XX:GCTimeRatio=4 -XX:AdaptiveSizePolicyWeight=90 -Dsun.zip.disableMemoryMapping=true -Xmx2G -Xms100m -Xlog:disable -javaagent:c:\Users\Vert\.antigravity\extensions\redhat.java-1.54.0-win32-x64\lombok\lombok-1.18.39-4050.jar -XX:+HeapDumpOnOutOfMemoryError -XX:HeapDumpPath=c:\Users\Vert\AppData\Roaming\Antigravity\User\workspaceStorage\ad9078fdb8ec8e9a3a3ae01c5bf0d079\redhat.java -Daether.dependencyCollector.impl=bf 
java_command: c:\Users\Vert\.antigravity\extensions\redhat.java-1.54.0-win32-x64\server\plugins\org.eclipse.equinox.launcher_1.7.100.v20251111-0406.jar -configuration c:\Users\Vert\AppData\Roaming\Antigravity\User\globalStorage\redhat.java\1.54.0\config_win -data c:\Users\Vert\AppData\Roaming\Antigravity\User\workspaceStorage\ad9078fdb8ec8e9a3a3ae01c5bf0d079\redhat.java\jdt_ws --pipe=\\.\pipe\lsp-4a93e009c62d714eb8846f68ec9dbb5b-sock
java_class_path (initial): c:\Users\Vert\.antigravity\extensions\redhat.java-1.54.0-win32-x64\server\plugins\org.eclipse.equinox.launcher_1.7.100.v20251111-0406.jar
Launcher Type: SUN_STANDARD

[Global flags]
    uintx AdaptiveSizePolicyWeight                 = 90                                        {product} {command line}
     intx CICompilerCount                          = 4                                         {product} {ergonomic}
    uintx GCTimeRatio                              = 4                                         {product} {command line}
     bool HeapDumpOnOutOfMemoryError               = true                                   {manageable} {command line}
    ccstr HeapDumpPath                             = c:\Users\Vert\AppData\Roaming\Antigravity\User\workspaceStorage\ad9078fdb8ec8e9a3a3ae01c5bf0d079\redhat.java         {manageable} {command line}
   size_t InitialHeapSize                          = 104857600                                 {product} {command line}
   size_t MaxHeapSize                              = 2147483648                                {product} {command line}
   size_t MaxNewSize                               = 715653120                                 {product} {ergonomic}
   size_t MinHeapDeltaBytes                        = 524288                                    {product} {ergonomic}
   size_t MinHeapSize                              = 104857600                                 {product} {command line}
   size_t NewSize                                  = 34603008                                  {product} {ergonomic}
    uintx NonNMethodCodeHeapSize                   = 5839372                                {pd product} {ergonomic}
    uintx NonProfiledCodeHeapSize                  = 122909434                              {pd product} {ergonomic}
   size_t OldSize                                  = 70254592                                  {product} {ergonomic}
    uintx ProfiledCodeHeapSize                     = 122909434                              {pd product} {ergonomic}
    uintx ReservedCodeCacheSize                    = 251658240                              {pd product} {ergonomic}
     bool SegmentedCodeCache                       = true                                      {product} {ergonomic}
   size_t SoftMaxHeapSize                          = 2147483648                             {manageable} {ergonomic}
     bool UseCompressedOops                        = true                           {product lp64_product} {ergonomic}
     bool UseLargePagesIndividualAllocation        = false                                  {pd product} {ergonomic}
     bool UseParallelGC                            = true                                      {product} {command line}

Logging:
Log output configuration:
 #0: stdout all=off uptime,level,tags foldmultilines=false
 #1: stderr all=off uptime,level,tags foldmultilines=false

Release file:
JAVA_VERSION="21.0.10" 
MODULES="java.base java.compiler java.datatransfer java.xml java.prefs java.desktop java.instrument java.logging java.management java.security.sasl java.naming java.rmi java.management.rmi java.net.http java.scripting java.security.jgss java.transaction.xa java.sql java.sql.rowset java.xml.crypto java.se java.smartcardio jdk.accessibility jdk.internal.jvmstat jdk.attach jdk.charsets jdk.internal.opt jdk.zipfs jdk.compiler jdk.crypto.ec jdk.crypto.cryptoki jdk.crypto.mscapi jdk.dynalink jdk.internal.ed jdk.editpad jdk.hotspot.agent jdk.httpserver jdk.internal.le jdk.internal.vm.ci jdk.internal.vm.compiler jdk.internal.vm.compiler.management jdk.jartool jdk.javadoc jdk.jcmd jdk.management jdk.management.agent jdk.jconsole jdk.jdeps jdk.jdwp.agent jdk.jdi jdk.jfr jdk.jshell jdk.jsobject jdk.jstatd jdk.localedata jdk.management.jfr jdk.naming.dns jdk.naming.rmi jdk.net jdk.nio.mapmode jdk.random jdk.sctp jdk.security.auth jdk.security.jgss jdk.unsupported jdk.unsupported.desktop jdk.xml.dom" 

Environment Variables:
JAVA_HOME=C:\Program Files\Eclipse Adoptium\jdk-17
PATH=C:\Program Files (x86)\VMware\VMware Workstation\bin\;C:\WINDOWS\system32;C:\WINDOWS;C:\WINDOWS\System32\Wbem;C:\WINDOWS\System32\WindowsPowerShell\v1.0\;C:\WINDOWS\System32\OpenSSH\;D:\xammp\php;D:\xammp;C:\Program Files\Docker\Docker\resources\bin;C:\Program Files\Microsoft SQL Server\150\Tools\Binn\;C:\Program Files\Microsoft SQL Server\Client SDK\ODBC\170\Tools\Binn\;C:\Program Files\dotnet\;C:\Program Files (x86)\Windows Kits\10\Windows Performance Toolkit\;C:\Program Files\Git\cmd;c:\Users\Vert\AppData\Local\Programs\cursor\resources\app\codeBin;C:\Users\Vert\AppData\Local\Yarn\config\global\node_modules\.bin;C:\Users\Vert\AppData\Roaming\Composer\vendor\bin;C:\Users\Vert\AppData\Roaming\npm;D:\xammp\laragon\bin\composer;D:\xammp\laragon\bin\git\bin;D:\xammp\laragon\bin\git\cmd;D:\xammp\laragon\bin\git\mingw64\bin;D:\xammp\laragon\bin\git\usr\bin;D:\xammp\laragon\bin\mysql\mysql-8.4.3-winx64\bin;D:\xammp\laragon\bin\ngrok;D:\xammp\laragon\bin\nodejs\node-v22;D:\xammp\laragon\bin\php\php-8.3.30-Win32-vs16-x64;D:\xammp\laragon\bin\python\python-3.13;D:\xammp\laragon\bin\python\python-3.13\Scripts;D:\xammp\laragon\usr\bin;C:\Users\Vert\scoop\shims;C:\Users\Vert\AppData\Local\Programs\Eclipse Adoptium\jdk-17.0.16.8-hotspot\bin;C:\dev\flutter\bin;C:\Users\Vert\AppData\Local\pnpm;C:\Users\Vert\AppData\Local\Programs\Microsoft VS Code\bin;C:\Program Files\Eclipse Adoptium\jdk-17\bin;C:\Users\Vert\AppData\Local\Microsoft\WindowsApps;C:\Users\Vert\AppData\Local\Microsoft\WinGet\Links;C:\Users\Vert\AppData\Local\Programs\Antigravity\bin;C:\Users\Vert\AppData\Local\Pub\Cache\bin;C:\Users\Vert\AppData\Local\Programs\cursor\resources\app\bin;C:\Users\Vert\AppData\Local\Programs\Windsurf\bin
USERNAME=Vert
OS=Windows_NT
PROCESSOR_IDENTIFIER=Intel64 Family 6 Model 141 Stepping 1, GenuineIntel
TMP=C:\Users\Vert\AppData\Local\Temp
TEMP=C:\Users\Vert\AppData\Local\Temp




Periodic native trim disabled

---------------  S Y S T E M  ---------------

OS:
 Windows 11 , 64 bit Build 26100 (10.0.26100.8328)
OS uptime: 5 days 6:25 hours
Hyper-V role detected

CPU: total 12 (initial active 12) (6 cores per cpu, 2 threads per core) family 6 model 141 stepping 1 microcode 0x50, cx8, cmov, fxsr, ht, mmx, 3dnowpref, sse, sse2, sse3, ssse3, sse4.1, sse4.2, popcnt, lzcnt, tsc, tscinvbit, avx, avx2, aes, erms, clmul, bmi1, bmi2, adx, avx512f, avx512dq, avx512cd, avx512bw, avx512vl, sha, fma, vzeroupper, avx512_vpopcntdq, avx512_vpclmulqdq, avx512_vaes, avx512_vnni, clflush, clflushopt, clwb, avx512_vbmi2, avx512_vbmi, hv, rdtscp, rdpid, fsrm, gfni, avx512_bitalg, f16c, cet_ibt, cet_ss, avx512_ifma
Processor Information for the first 12 processors :
  Max Mhz: 2688, Current Mhz: 2688, Mhz Limit: 2688

Memory: 4k page, system-wide physical 7913M (451M free)
TotalPageFile size 32489M (AvailPageFile size 5M)
current process WorkingSet (physical memory assigned to process): 98M, peak: 98M
current process commit charge ("private bytes"): 265M, peak: 266M

vm_info: OpenJDK 64-Bit Server VM (21.0.10+7-LTS) for windows-amd64 JRE (21.0.10+7-LTS), built on 2026-01-20T00:00:00Z by "admin" with MS VC++ 17.12 (VS2022)

END.
