#
# There is insufficient memory for the Java Runtime Environment to continue.
# Native memory allocation (malloc) failed to allocate 826096 bytes. Error detail: Chunk::new
# Possible reasons:
#   The system is out of physical RAM or swap space
#   This process is running with CompressedOops enabled, and the Java Heap may be blocking the growth of the native heap
# Possible solutions:
#   Reduce memory load on the system
#   Increase physical memory or swap space
#   Check if swap backing store is full
#   Decrease Java heap size (-Xmx/-Xms)
#   Decrease number of Java threads
#   Decrease Java thread stack sizes (-Xss)
#   Set larger code cache with -XX:ReservedCodeCacheSize=
#   JVM is running with Unscaled Compressed Oops mode in which the Java heap is
#     placed in the first 4GB address space. The Java Heap base address is the
#     maximum limit for the native heap growth. Please use -XX:HeapBaseMinAddress
#     to set the Java Heap base and to place the Java Heap above 4GB virtual address.
# This output file may be truncated or incomplete.
#
#  Out of Memory Error (arena.cpp:168), pid=28432, tid=23680
#
# JRE version: OpenJDK Runtime Environment Temurin-21.0.10+7 (21.0.10+7) (build 21.0.10+7-LTS)
# Java VM: OpenJDK 64-Bit Server VM Temurin-21.0.10+7 (21.0.10+7-LTS, mixed mode, sharing, tiered, compressed oops, compressed class ptrs, g1 gc, windows-amd64)
# No core dump will be written. Minidumps are not enabled by default on client versions of Windows
#

---------------  S U M M A R Y ------------

Command Line: --add-opens=java.base/java.lang=ALL-UNNAMED --add-opens=java.base/java.lang.invoke=ALL-UNNAMED --add-opens=java.base/java.util=ALL-UNNAMED --add-opens=java.prefs/java.util.prefs=ALL-UNNAMED --add-exports=jdk.compiler/com.sun.tools.javac.api=ALL-UNNAMED --add-exports=jdk.compiler/com.sun.tools.javac.util=ALL-UNNAMED --add-opens=java.base/java.util=ALL-UNNAMED --add-opens=java.prefs/java.util.prefs=ALL-UNNAMED --add-opens=java.base/java.nio.charset=ALL-UNNAMED --add-opens=java.base/java.net=ALL-UNNAMED --add-opens=java.base/java.util.concurrent.atomic=ALL-UNNAMED --add-opens=java.xml/javax.xml.namespace=ALL-UNNAMED -XX:MaxMetaspaceSize=512m -XX:ReservedCodeCacheSize=256m -XX:+HeapDumpOnOutOfMemoryError -Xmx2048m -Dfile.encoding=UTF-8 -Duser.country=US -Duser.language=en -Duser.variant -javaagent:C:\Users\Vert\.gradle\wrapper\dists\gradle-8.14-all\c2qonpi39x1mddn7hk5gh9iqj\gradle-8.14\lib\agents\gradle-instrumentation-agent-8.14.jar org.gradle.launcher.daemon.bootstrap.GradleDaemon 8.14

Host: 11th Gen Intel(R) Core(TM) i5-11400H @ 2.70GHz, 12 cores, 7G,  Windows 11 , 64 bit Build 26100 (10.0.26100.8328)
Time: Sat May 16 03:22:20 2026 SE Asia Standard Time elapsed time: 32.503172 seconds (0d 0h 0m 32s)

---------------  T H R E A D  ---------------

Current thread (0x0000020478df30f0):  JavaThread "C2 CompilerThread0" daemon [_thread_in_native, id=23680, stack(0x0000003c9bd00000,0x0000003c9be00000) (1024K)]


Current CompileTask:
C2:32503 10783   !   4       java.util.jar.Attributes::read (494 bytes)

Stack: [0x0000003c9bd00000,0x0000003c9be00000]
Native frames: (J=compiled Java code, j=interpreted, Vv=VM code, C=native code)
V  [jvm.dll+0x6d7a39]
V  [jvm.dll+0x8b4b26]
V  [jvm.dll+0x8b70de]
V  [jvm.dll+0x8b77c3]
V  [jvm.dll+0x284346]
V  [jvm.dll+0xc66ed]
V  [jvm.dll+0xc6c31]
V  [jvm.dll+0x3bec01]
V  [jvm.dll+0x1e3f69]
V  [jvm.dll+0x24c6b3]
V  [jvm.dll+0x24bb40]
V  [jvm.dll+0x1cb34e]
V  [jvm.dll+0x25b85d]
V  [jvm.dll+0x259dea]
V  [jvm.dll+0x3f857e]
V  [jvm.dll+0x85f59d]
V  [jvm.dll+0x6d626d]
C  [ucrtbase.dll+0x37b0]
C  [KERNEL32.DLL+0x2e957]
C  [ntdll.dll+0x427c]


---------------  P R O C E S S  ---------------

Threads class SMR info:
_java_thread_list=0x000002041bcc7ea0, length=50, elements={
0x0000020460206600, 0x0000020478ddcc80, 0x0000020478ddd6e0, 0x0000020478ddfb80,
0x0000020478de2850, 0x0000020478de44b0, 0x0000020478de5d60, 0x0000020478df30f0,
0x0000020478e033f0, 0x000002047d1f7de0, 0x000002047d276b70, 0x000002047eb6c960,
0x000002047eb999d0, 0x000002047ec1a380, 0x000002047eb2d9d0, 0x000002047ec90d80,
0x000002047ef390f0, 0x000002047ef39760, 0x000002047eadac30, 0x000002047eada5a0,
0x000002047eadcd00, 0x000002047eadb2c0, 0x000002047ead9f10, 0x000002047eadb950,
0x000002047eadbfe0, 0x000002047ead9880, 0x000002047f1b4380, 0x000002047f1b1c20,
0x000002047f1b50a0, 0x000002047f1b2940, 0x000002047f1b3660, 0x000002047f1b3cf0,
0x000002047f1da2d0, 0x000002047f1d8200, 0x000002047f1d8f20, 0x000002047f1db680,
0x000002047f1dc3a0, 0x000002047f1dd0c0, 0x000002047f1dca30, 0x000002047f1ddde0,
0x000002041edabe80, 0x000002041edac510, 0x000002041edad230, 0x000002041edab7f0,
0x000002041eda9db0, 0x000002041edab160, 0x000002041edacba0, 0x000002041edaaad0,
0x000002041edaa440, 0x000002041edaf300
}

Java Threads: ( => current thread )
  0x0000020460206600 JavaThread "main"                              [_thread_blocked, id=28308, stack(0x0000003c9af00000,0x0000003c9b000000) (1024K)]
  0x0000020478ddcc80 JavaThread "Reference Handler"          daemon [_thread_blocked, id=10136, stack(0x0000003c9b700000,0x0000003c9b800000) (1024K)]
  0x0000020478ddd6e0 JavaThread "Finalizer"                  daemon [_thread_blocked, id=18004, stack(0x0000003c9b800000,0x0000003c9b900000) (1024K)]
  0x0000020478ddfb80 JavaThread "Signal Dispatcher"          daemon [_thread_blocked, id=27700, stack(0x0000003c9b900000,0x0000003c9ba00000) (1024K)]
  0x0000020478de2850 JavaThread "Attach Listener"            daemon [_thread_blocked, id=22964, stack(0x0000003c9ba00000,0x0000003c9bb00000) (1024K)]
  0x0000020478de44b0 JavaThread "Service Thread"             daemon [_thread_blocked, id=10732, stack(0x0000003c9bb00000,0x0000003c9bc00000) (1024K)]
  0x0000020478de5d60 JavaThread "Monitor Deflation Thread"   daemon [_thread_blocked, id=13028, stack(0x0000003c9bc00000,0x0000003c9bd00000) (1024K)]
=>0x0000020478df30f0 JavaThread "C2 CompilerThread0"         daemon [_thread_in_native, id=23680, stack(0x0000003c9bd00000,0x0000003c9be00000) (1024K)]
  0x0000020478e033f0 JavaThread "C1 CompilerThread0"         daemon [_thread_blocked, id=3236, stack(0x0000003c9be00000,0x0000003c9bf00000) (1024K)]
  0x000002047d1f7de0 JavaThread "Common-Cleaner"             daemon [_thread_blocked, id=4572, stack(0x0000003c9bf00000,0x0000003c9c000000) (1024K)]
  0x000002047d276b70 JavaThread "Notification Thread"        daemon [_thread_blocked, id=26884, stack(0x0000003c9c000000,0x0000003c9c100000) (1024K)]
  0x000002047eb6c960 JavaThread "Daemon health stats"               [_thread_blocked, id=26448, stack(0x0000003c9c800000,0x0000003c9c900000) (1024K)]
  0x000002047eb999d0 JavaThread "Incoming local TCP Connector on port 56077"        [_thread_in_native, id=22836, stack(0x0000003c9c900000,0x0000003c9ca00000) (1024K)]
  0x000002047ec1a380 JavaThread "Daemon periodic checks"            [_thread_blocked, id=28300, stack(0x0000003c9ca00000,0x0000003c9cb00000) (1024K)]
  0x000002047eb2d9d0 JavaThread "Daemon"                            [_thread_blocked, id=24880, stack(0x0000003c9cb00000,0x0000003c9cc00000) (1024K)]
  0x000002047ec90d80 JavaThread "Handler for socket connection from /127.0.0.1:56077 to /127.0.0.1:56078"        [_thread_in_native, id=20940, stack(0x0000003c9cc00000,0x0000003c9cd00000) (1024K)]
  0x000002047ef390f0 JavaThread "Cancel handler"                    [_thread_blocked, id=21808, stack(0x0000003c9cd00000,0x0000003c9ce00000) (1024K)]
  0x000002047ef39760 JavaThread "Daemon worker"                     [_thread_blocked, id=26392, stack(0x0000003c9ce00000,0x0000003c9cf00000) (1024K)]
  0x000002047eadac30 JavaThread "Asynchronous log dispatcher for DefaultDaemonConnection: socket connection from /127.0.0.1:56077 to /127.0.0.1:56078"        [_thread_blocked, id=17560, stack(0x0000003c9cf00000,0x0000003c9d000000) (1024K)]
  0x000002047eada5a0 JavaThread "Stdin handler"                     [_thread_blocked, id=14520, stack(0x0000003c9d000000,0x0000003c9d100000) (1024K)]
  0x000002047eadcd00 JavaThread "Daemon client event forwarder"        [_thread_blocked, id=26192, stack(0x0000003c9d100000,0x0000003c9d200000) (1024K)]
  0x000002047eadb2c0 JavaThread "Cache worker for journal cache (C:\Users\Vert\.gradle\caches\journal-1)"        [_thread_blocked, id=25928, stack(0x0000003c9d200000,0x0000003c9d300000) (1024K)]
  0x000002047ead9f10 JavaThread "File lock request listener"        [_thread_in_native, id=17528, stack(0x0000003c9d300000,0x0000003c9d400000) (1024K)]
  0x000002047eadb950 JavaThread "Cache worker for file hash cache (C:\Users\Vert\.gradle\caches\8.14\fileHashes)"        [_thread_blocked, id=24536, stack(0x0000003c9c100000,0x0000003c9c200000) (1024K)]
  0x000002047eadbfe0 JavaThread "Cache worker for file hash cache (C:\Users\Vert\Desktop\sbku_app\frontend\android\.gradle\8.14\fileHashes)"        [_thread_blocked, id=9976, stack(0x0000003c9d900000,0x0000003c9da00000) (1024K)]
  0x000002047ead9880 JavaThread "Cache worker for Build Output Cleanup Cache (C:\Users\Vert\Desktop\sbku_app\frontend\android\.gradle\buildOutputCleanup)"        [_thread_blocked, id=27472, stack(0x0000003c9da00000,0x0000003c9db00000) (1024K)]
  0x000002047f1b4380 JavaThread "File watcher server"        daemon [_thread_in_native, id=26300, stack(0x0000003c9db00000,0x0000003c9dc00000) (1024K)]
  0x000002047f1b1c20 JavaThread "File watcher consumer"      daemon [_thread_blocked, id=3744, stack(0x0000003c9dc00000,0x0000003c9dd00000) (1024K)]
  0x000002047f1b50a0 JavaThread "jar transforms"                    [_thread_blocked, id=23144, stack(0x0000003c9dd00000,0x0000003c9de00000) (1024K)]
  0x000002047f1b2940 JavaThread "jar transforms Thread 2"           [_thread_blocked, id=26812, stack(0x0000003c9de00000,0x0000003c9df00000) (1024K)]
  0x000002047f1b3660 JavaThread "Cache worker for checksums cache (C:\Users\Vert\Desktop\sbku_app\frontend\android\.gradle\8.14\checksums)"        [_thread_blocked, id=18292, stack(0x0000003c9e000000,0x0000003c9e100000) (1024K)]
  0x000002047f1b3cf0 JavaThread "Cache worker for file content cache (C:\Users\Vert\.gradle\caches\8.14\fileContent)"        [_thread_blocked, id=10700, stack(0x0000003c9e100000,0x0000003c9e200000) (1024K)]
  0x000002047f1da2d0 JavaThread "Cache worker for cache directory md-supplier (C:\Users\Vert\.gradle\caches\8.14\md-supplier)"        [_thread_blocked, id=1436, stack(0x0000003c9e200000,0x0000003c9e300000) (1024K)]
  0x000002047f1d8200 JavaThread "Cache worker for cache directory md-rule (C:\Users\Vert\.gradle\caches\8.14\md-rule)"        [_thread_blocked, id=24628, stack(0x0000003c9e300000,0x0000003c9e400000) (1024K)]
  0x000002047f1d8f20 JavaThread "Cache worker for Build Output Cleanup Cache (C:\dev\flutter\packages\flutter_tools\gradle\.gradle\buildOutputCleanup)"        [_thread_blocked, id=16196, stack(0x0000003c9e400000,0x0000003c9e500000) (1024K)]
  0x000002047f1db680 JavaThread "Unconstrained build operations"        [_thread_blocked, id=25704, stack(0x0000003c9e500000,0x0000003c9e600000) (1024K)]
  0x000002047f1dc3a0 JavaThread "Unconstrained build operations Thread 2"        [_thread_blocked, id=27296, stack(0x0000003c9e600000,0x0000003c9e700000) (1024K)]
  0x000002047f1dd0c0 JavaThread "Unconstrained build operations Thread 3"        [_thread_blocked, id=26128, stack(0x0000003c9e700000,0x0000003c9e800000) (1024K)]
  0x000002047f1dca30 JavaThread "Memory manager"                    [_thread_blocked, id=2716, stack(0x0000003c9df00000,0x0000003c9e000000) (1024K)]
  0x000002047f1ddde0 JavaThread "build event listener"              [_thread_blocked, id=27572, stack(0x0000003c9e900000,0x0000003c9ea00000) (1024K)]
  0x000002041edabe80 JavaThread "included builds"                   [_thread_blocked, id=27804, stack(0x0000003c9ea00000,0x0000003c9eb00000) (1024K)]
  0x000002041edac510 JavaThread "Execution worker"                  [_thread_blocked, id=10316, stack(0x0000003c9eb00000,0x0000003c9ec00000) (1024K)]
  0x000002041edad230 JavaThread "Cache worker for execution history cache (C:\dev\flutter\packages\flutter_tools\gradle\.gradle\8.14\executionHistory)"        [_thread_blocked, id=18684, stack(0x0000003c9ec00000,0x0000003c9ed00000) (1024K)]
  0x000002041edab7f0 JavaThread "Unconstrained build operations Thread 4"        [_thread_blocked, id=19128, stack(0x0000003c9ed00000,0x0000003c9ee00000) (1024K)]
  0x000002041eda9db0 JavaThread "Unconstrained build operations Thread 5"        [_thread_blocked, id=25196, stack(0x0000003c9ee00000,0x0000003c9ef00000) (1024K)]
  0x000002041edab160 JavaThread "Unconstrained build operations Thread 6"        [_thread_blocked, id=25668, stack(0x0000003c9ef00000,0x0000003c9f000000) (1024K)]
  0x000002041edacba0 JavaThread "Unconstrained build operations Thread 7"        [_thread_blocked, id=4244, stack(0x0000003c9e800000,0x0000003c9e900000) (1024K)]
  0x000002041edaaad0 JavaThread "Unconstrained build operations Thread 8"        [_thread_blocked, id=24924, stack(0x0000003c9f000000,0x0000003c9f100000) (1024K)]
  0x000002041edaa440 JavaThread "Unconstrained build operations Thread 9"        [_thread_blocked, id=12964, stack(0x0000003c9f200000,0x0000003c9f300000) (1024K)]
  0x000002041edaf300 JavaThread "Unconstrained build operations Thread 10"        [_thread_blocked, id=21156, stack(0x0000003c9f100000,0x0000003c9f200000) (1024K)]
Total: 50

Other Threads:
  0x0000020478db7430 VMThread "VM Thread"                           [id=19584, stack(0x0000003c9b600000,0x0000003c9b700000) (1024K)]
  0x0000020478da6100 WatcherThread "VM Periodic Task Thread"        [id=27476, stack(0x0000003c9b500000,0x0000003c9b600000) (1024K)]
  0x000002045df6e030 WorkerThread "GC Thread#0"                     [id=4024, stack(0x0000003c9b000000,0x0000003c9b100000) (1024K)]
  0x000002047d4c8730 WorkerThread "GC Thread#1"                     [id=24384, stack(0x0000003c9c200000,0x0000003c9c300000) (1024K)]
  0x000002047d37a610 WorkerThread "GC Thread#2"                     [id=11152, stack(0x0000003c9c300000,0x0000003c9c400000) (1024K)]
  0x000002047e021ca0 WorkerThread "GC Thread#3"                     [id=26164, stack(0x0000003c9c400000,0x0000003c9c500000) (1024K)]
  0x000002047e022050 WorkerThread "GC Thread#4"                     [id=22432, stack(0x0000003c9c500000,0x0000003c9c600000) (1024K)]
  0x000002047e86c030 WorkerThread "GC Thread#5"                     [id=8752, stack(0x0000003c9c600000,0x0000003c9c700000) (1024K)]
  0x000002047e86c3e0 WorkerThread "GC Thread#6"                     [id=22120, stack(0x0000003c9c700000,0x0000003c9c800000) (1024K)]
  0x000002047f6527b0 WorkerThread "GC Thread#7"                     [id=20784, stack(0x0000003c9d400000,0x0000003c9d500000) (1024K)]
  0x000002047f652050 WorkerThread "GC Thread#8"                     [id=18076, stack(0x0000003c9d500000,0x0000003c9d600000) (1024K)]
  0x000002047f652b60 WorkerThread "GC Thread#9"                     [id=21516, stack(0x0000003c9d600000,0x0000003c9d700000) (1024K)]
  0x000002046026c6e0 ConcurrentGCThread "G1 Main Marker"            [id=27220, stack(0x0000003c9b100000,0x0000003c9b200000) (1024K)]
  0x000002046026f730 WorkerThread "G1 Conc#0"                       [id=20748, stack(0x0000003c9b200000,0x0000003c9b300000) (1024K)]
  0x000002047efc7770 WorkerThread "G1 Conc#1"                       [id=12568, stack(0x0000003c9d700000,0x0000003c9d800000) (1024K)]
  0x000002047efc4ee0 WorkerThread "G1 Conc#2"                       [id=27780, stack(0x0000003c9d800000,0x0000003c9d900000) (1024K)]
  0x0000020478c74590 ConcurrentGCThread "G1 Refine#0"               [id=28604, stack(0x0000003c9b300000,0x0000003c9b400000) (1024K)]
  0x0000020478c74f20 ConcurrentGCThread "G1 Service"                [id=10504, stack(0x0000003c9b400000,0x0000003c9b500000) (1024K)]
Total: 18

Threads with active compile tasks:
C2 CompilerThread0  32549 10783   !   4       java.util.jar.Attributes::read (494 bytes)
Total: 1

VM state: at safepoint (normal execution)

VM Mutex/Monitor currently owned by a thread:  ([mutex/lock_event])
[0x00007ffc80e5bfe0] FreeList_lock - owner thread: 0x000002047d37a610
[0x00007ffc80e5e560] Threads_lock - owner thread: 0x0000020478db7430
[0x00007ffc80e5e660] Heap_lock - owner thread: 0x000002047ef39760

Heap address: 0x0000000080000000, size: 2048 MB, Compressed Oops mode: 32-bit

CDS archive(s) mapped at: [0x0000020400000000-0x0000020400ba0000-0x0000020400ba0000), size 12189696, SharedBaseAddress: 0x0000020400000000, ArchiveRelocationMode: 1.
Compressed class space mapped at: 0x0000020401000000-0x000002041b000000, reserved size: 436207616
Narrow klass base: 0x0000020400000000, Narrow klass shift: 0, Narrow klass range: 0x100000000

GC Precious Log:
 CardTable entry size: 512
 Card Set container configuration: InlinePtr #cards 5 size 8 Array Of Cards #cards 12 size 40 Howl #buckets 4 coarsen threshold 1843 Howl Bitmap #cards 512 size 80 coarsen threshold 460 Card regions per heap region 1 cards per card region 2048
 CPUs: 12 total, 12 available
 Memory: 7913M
 Large Page Support: Disabled
 NUMA Support: Disabled
 Compressed Oops: Enabled (32-bit)
 Heap Region Size: 1M
 Heap Min Capacity: 8M
 Heap Initial Capacity: 124M
 Heap Max Capacity: 2G
 Pre-touch: Disabled
 Parallel Workers: 10
 Concurrent Workers: 3
 Concurrent Refinement Workers: 10
 Periodic GC: Disabled

Heap:
 garbage-first heap   total 149504K, used 139336K [0x0000000080000000, 0x0000000100000000)
  region size 1024K, 46 young (47104K), 6 survivors (6144K)
 Metaspace       used 76618K, committed 78656K, reserved 557056K
  class space    used 11107K, committed 12096K, reserved 425984K

Heap Regions: E=young(eden), S=young(survivor), O=old, HS=humongous(starts), HC=humongous(continues), CS=collection set, F=free, TAMS=top-at-mark-start, PB=parsable bottom
|   0|0x0000000080000000, 0x0000000080100000, 0x0000000080100000|100%|HS|  |TAMS 0x0000000080000000| PB 0x0000000080000000| Complete 
|   1|0x0000000080100000, 0x0000000080200000, 0x0000000080200000|100%|HC|  |TAMS 0x0000000080100000| PB 0x0000000080100000| Complete 
|   2|0x0000000080200000, 0x0000000080300000, 0x0000000080300000|100%|HC|  |TAMS 0x0000000080200000| PB 0x0000000080200000| Complete 
|   3|0x0000000080300000, 0x0000000080400000, 0x0000000080400000|100%| O|  |TAMS 0x0000000080300000| PB 0x0000000080300000| Untracked 
|   4|0x0000000080400000, 0x0000000080500000, 0x0000000080500000|100%| O|  |TAMS 0x0000000080400000| PB 0x0000000080400000| Untracked 
|   5|0x0000000080500000, 0x0000000080600000, 0x0000000080600000|100%| O|  |TAMS 0x0000000080500000| PB 0x0000000080500000| Untracked 
|   6|0x0000000080600000, 0x0000000080700000, 0x0000000080700000|100%|HS|  |TAMS 0x0000000080600000| PB 0x0000000080600000| Complete 
|   7|0x0000000080700000, 0x0000000080800000, 0x0000000080800000|100%| O|  |TAMS 0x0000000080700000| PB 0x0000000080700000| Untracked 
|   8|0x0000000080800000, 0x0000000080900000, 0x0000000080900000|100%| O|  |TAMS 0x0000000080800000| PB 0x0000000080800000| Untracked 
|   9|0x0000000080900000, 0x0000000080a00000, 0x0000000080a00000|100%| O|  |TAMS 0x0000000080900000| PB 0x0000000080900000| Untracked 
|  10|0x0000000080a00000, 0x0000000080b00000, 0x0000000080b00000|100%| O|  |TAMS 0x0000000080a00000| PB 0x0000000080a00000| Untracked 
|  11|0x0000000080b00000, 0x0000000080c00000, 0x0000000080c00000|100%| O|  |TAMS 0x0000000080b00000| PB 0x0000000080b00000| Untracked 
|  12|0x0000000080c00000, 0x0000000080d00000, 0x0000000080d00000|100%| O|  |TAMS 0x0000000080c00000| PB 0x0000000080c00000| Untracked 
|  13|0x0000000080d00000, 0x0000000080e00000, 0x0000000080e00000|100%| O|  |TAMS 0x0000000080d00000| PB 0x0000000080d00000| Untracked 
|  14|0x0000000080e00000, 0x0000000080f00000, 0x0000000080f00000|100%| O|  |TAMS 0x0000000080e00000| PB 0x0000000080e00000| Untracked 
|  15|0x0000000080f00000, 0x0000000081000000, 0x0000000081000000|100%| O|  |TAMS 0x0000000080f00000| PB 0x0000000080f00000| Untracked 
|  16|0x0000000081000000, 0x0000000081100000, 0x0000000081100000|100%| O|  |TAMS 0x0000000081000000| PB 0x0000000081000000| Untracked 
|  17|0x0000000081100000, 0x0000000081200000, 0x0000000081200000|100%| O|  |TAMS 0x0000000081100000| PB 0x0000000081100000| Untracked 
|  18|0x0000000081200000, 0x0000000081300000, 0x0000000081300000|100%| O|  |TAMS 0x0000000081200000| PB 0x0000000081200000| Untracked 
|  19|0x0000000081300000, 0x0000000081400000, 0x0000000081400000|100%| O|  |TAMS 0x0000000081300000| PB 0x0000000081300000| Untracked 
|  20|0x0000000081400000, 0x0000000081500000, 0x0000000081500000|100%| O|  |TAMS 0x0000000081400000| PB 0x0000000081400000| Untracked 
|  21|0x0000000081500000, 0x0000000081600000, 0x0000000081600000|100%| O|  |TAMS 0x0000000081500000| PB 0x0000000081500000| Untracked 
|  22|0x0000000081600000, 0x0000000081700000, 0x0000000081700000|100%| O|  |TAMS 0x0000000081600000| PB 0x0000000081600000| Untracked 
|  23|0x0000000081700000, 0x0000000081800000, 0x0000000081800000|100%| O|  |TAMS 0x0000000081700000| PB 0x0000000081700000| Untracked 
|  24|0x0000000081800000, 0x0000000081900000, 0x0000000081900000|100%| O|  |TAMS 0x0000000081800000| PB 0x0000000081800000| Untracked 
|  25|0x0000000081900000, 0x0000000081a00000, 0x0000000081a00000|100%| O|  |TAMS 0x0000000081900000| PB 0x0000000081900000| Untracked 
|  26|0x0000000081a00000, 0x0000000081b00000, 0x0000000081b00000|100%| O|  |TAMS 0x0000000081a00000| PB 0x0000000081a00000| Untracked 
|  27|0x0000000081b00000, 0x0000000081c00000, 0x0000000081c00000|100%| O|  |TAMS 0x0000000081b00000| PB 0x0000000081b00000| Untracked 
|  28|0x0000000081c00000, 0x0000000081d00000, 0x0000000081d00000|100%| O|  |TAMS 0x0000000081c00000| PB 0x0000000081c00000| Untracked 
|  29|0x0000000081d00000, 0x0000000081e00000, 0x0000000081e00000|100%| O|  |TAMS 0x0000000081d00000| PB 0x0000000081d00000| Untracked 
|  30|0x0000000081e00000, 0x0000000081f00000, 0x0000000081f00000|100%| O|  |TAMS 0x0000000081e00000| PB 0x0000000081e00000| Untracked 
|  31|0x0000000081f00000, 0x0000000082000000, 0x0000000082000000|100%| O|  |TAMS 0x0000000081f00000| PB 0x0000000081f00000| Untracked 
|  32|0x0000000082000000, 0x0000000082100000, 0x0000000082100000|100%| O|  |TAMS 0x0000000082000000| PB 0x0000000082000000| Untracked 
|  33|0x0000000082100000, 0x0000000082200000, 0x0000000082200000|100%| O|  |TAMS 0x0000000082100000| PB 0x0000000082100000| Untracked 
|  34|0x0000000082200000, 0x0000000082300000, 0x0000000082300000|100%| O|  |TAMS 0x0000000082200000| PB 0x0000000082200000| Untracked 
|  35|0x0000000082300000, 0x0000000082400000, 0x0000000082400000|100%| O|  |TAMS 0x0000000082300000| PB 0x0000000082300000| Untracked 
|  36|0x0000000082400000, 0x0000000082500000, 0x0000000082500000|100%| O|  |TAMS 0x0000000082400000| PB 0x0000000082400000| Untracked 
|  37|0x0000000082500000, 0x0000000082600000, 0x0000000082600000|100%| O|Cm|TAMS 0x0000000082500000| PB 0x0000000082500000| Complete 
|  38|0x0000000082600000, 0x0000000082700000, 0x0000000082700000|100%|HS|  |TAMS 0x0000000082600000| PB 0x0000000082600000| Complete 
|  39|0x0000000082700000, 0x0000000082800000, 0x0000000082800000|100%|HC|  |TAMS 0x0000000082700000| PB 0x0000000082700000| Complete 
|  40|0x0000000082800000, 0x0000000082900000, 0x0000000082900000|100%| O|  |TAMS 0x0000000082800000| PB 0x0000000082800000| Untracked 
|  41|0x0000000082900000, 0x0000000082a00000, 0x0000000082a00000|100%| O|  |TAMS 0x0000000082900000| PB 0x0000000082900000| Untracked 
|  42|0x0000000082a00000, 0x0000000082b00000, 0x0000000082b00000|100%| O|  |TAMS 0x0000000082a00000| PB 0x0000000082a00000| Untracked 
|  43|0x0000000082b00000, 0x0000000082c00000, 0x0000000082c00000|100%| O|  |TAMS 0x0000000082b00000| PB 0x0000000082b00000| Untracked 
|  44|0x0000000082c00000, 0x0000000082d00000, 0x0000000082d00000|100%|HS|  |TAMS 0x0000000082c00000| PB 0x0000000082c00000| Complete 
|  45|0x0000000082d00000, 0x0000000082e00000, 0x0000000082e00000|100%|HC|  |TAMS 0x0000000082d00000| PB 0x0000000082d00000| Complete 
|  46|0x0000000082e00000, 0x0000000082f00000, 0x0000000082f00000|100%| O|  |TAMS 0x0000000082e00000| PB 0x0000000082e00000| Untracked 
|  47|0x0000000082f00000, 0x0000000083000000, 0x0000000083000000|100%|HS|  |TAMS 0x0000000082f00000| PB 0x0000000082f00000| Complete 
|  48|0x0000000083000000, 0x0000000083100000, 0x0000000083100000|100%|HC|  |TAMS 0x0000000083000000| PB 0x0000000083000000| Complete 
|  49|0x0000000083100000, 0x0000000083200000, 0x0000000083200000|100%|HC|  |TAMS 0x0000000083100000| PB 0x0000000083100000| Complete 
|  50|0x0000000083200000, 0x0000000083300000, 0x0000000083300000|100%| O|  |TAMS 0x0000000083200000| PB 0x0000000083200000| Untracked 
|  51|0x0000000083300000, 0x0000000083400000, 0x0000000083400000|100%| O|  |TAMS 0x0000000083300000| PB 0x0000000083300000| Untracked 
|  52|0x0000000083400000, 0x0000000083500000, 0x0000000083500000|100%|HS|  |TAMS 0x0000000083400000| PB 0x0000000083400000| Complete 
|  53|0x0000000083500000, 0x0000000083600000, 0x0000000083600000|100%|HC|  |TAMS 0x0000000083500000| PB 0x0000000083500000| Complete 
|  54|0x0000000083600000, 0x0000000083700000, 0x0000000083700000|100%|HC|  |TAMS 0x0000000083600000| PB 0x0000000083600000| Complete 
|  55|0x0000000083700000, 0x0000000083800000, 0x0000000083800000|100%| O|  |TAMS 0x0000000083700000| PB 0x0000000083700000| Untracked 
|  56|0x0000000083800000, 0x0000000083900000, 0x0000000083900000|100%| O|  |TAMS 0x0000000083800000| PB 0x0000000083800000| Untracked 
|  57|0x0000000083900000, 0x0000000083a00000, 0x0000000083a00000|100%| O|Cm|TAMS 0x0000000083900000| PB 0x0000000083900000| Complete 
|  58|0x0000000083a00000, 0x0000000083b00000, 0x0000000083b00000|100%| O|  |TAMS 0x0000000083a00000| PB 0x0000000083a00000| Untracked 
|  59|0x0000000083b00000, 0x0000000083c00000, 0x0000000083c00000|100%| O|  |TAMS 0x0000000083b00000| PB 0x0000000083b00000| Untracked 
|  60|0x0000000083c00000, 0x0000000083d00000, 0x0000000083d00000|100%| O|  |TAMS 0x0000000083c00000| PB 0x0000000083c00000| Untracked 
|  61|0x0000000083d00000, 0x0000000083e00000, 0x0000000083e00000|100%| O|  |TAMS 0x0000000083d00000| PB 0x0000000083d00000| Untracked 
|  62|0x0000000083e00000, 0x0000000083f00000, 0x0000000083f00000|100%| O|  |TAMS 0x0000000083e00000| PB 0x0000000083e00000| Untracked 
|  63|0x0000000083f00000, 0x0000000084000000, 0x0000000084000000|100%| O|Cm|TAMS 0x0000000083f00000| PB 0x0000000083f00000| Complete 
|  64|0x0000000084000000, 0x0000000084100000, 0x0000000084100000|100%| O|  |TAMS 0x0000000084000000| PB 0x0000000084000000| Untracked 
|  65|0x0000000084100000, 0x0000000084200000, 0x0000000084200000|100%| O|  |TAMS 0x0000000084100000| PB 0x0000000084100000| Untracked 
|  66|0x0000000084200000, 0x0000000084300000, 0x0000000084300000|100%| O|  |TAMS 0x0000000084200000| PB 0x0000000084200000| Untracked 
|  67|0x0000000084300000, 0x0000000084400000, 0x0000000084400000|100%| O|  |TAMS 0x0000000084300000| PB 0x0000000084300000| Untracked 
|  68|0x0000000084400000, 0x0000000084500000, 0x0000000084500000|100%| O|  |TAMS 0x0000000084400000| PB 0x0000000084400000| Untracked 
|  69|0x0000000084500000, 0x0000000084600000, 0x0000000084600000|100%| O|  |TAMS 0x0000000084500000| PB 0x0000000084500000| Untracked 
|  70|0x0000000084600000, 0x0000000084700000, 0x0000000084700000|100%| O|  |TAMS 0x0000000084600000| PB 0x0000000084600000| Untracked 
|  71|0x0000000084700000, 0x0000000084800000, 0x0000000084800000|100%| O|  |TAMS 0x0000000084700000| PB 0x0000000084700000| Untracked 
|  72|0x0000000084800000, 0x0000000084900000, 0x0000000084900000|100%| O|  |TAMS 0x0000000084800000| PB 0x0000000084800000| Untracked 
|  73|0x0000000084900000, 0x0000000084a00000, 0x0000000084a00000|100%| O|  |TAMS 0x0000000084900000| PB 0x0000000084900000| Untracked 
|  74|0x0000000084a00000, 0x0000000084b00000, 0x0000000084b00000|100%| O|  |TAMS 0x0000000084a00000| PB 0x0000000084a00000| Untracked 
|  75|0x0000000084b00000, 0x0000000084c00000, 0x0000000084c00000|100%| O|  |TAMS 0x0000000084b00000| PB 0x0000000084b00000| Untracked 
|  76|0x0000000084c00000, 0x0000000084d00000, 0x0000000084d00000|100%| O|  |TAMS 0x0000000084c00000| PB 0x0000000084c00000| Untracked 
|  77|0x0000000084d00000, 0x0000000084e00000, 0x0000000084e00000|100%|HS|  |TAMS 0x0000000084d00000| PB 0x0000000084d00000| Complete 
|  78|0x0000000084e00000, 0x0000000084f00000, 0x0000000084f00000|100%|HS|  |TAMS 0x0000000084e00000| PB 0x0000000084e00000| Complete 
|  79|0x0000000084f00000, 0x0000000085000000, 0x0000000085000000|100%|HS|  |TAMS 0x0000000084f00000| PB 0x0000000084f00000| Complete 
|  80|0x0000000085000000, 0x0000000085100000, 0x0000000085100000|100%|HC|  |TAMS 0x0000000085000000| PB 0x0000000085000000| Complete 
|  81|0x0000000085100000, 0x0000000085200000, 0x0000000085200000|100%|HS|  |TAMS 0x0000000085100000| PB 0x0000000085100000| Complete 
|  82|0x0000000085200000, 0x0000000085300000, 0x0000000085300000|100%|HS|  |TAMS 0x0000000085200000| PB 0x0000000085200000| Complete 
|  83|0x0000000085300000, 0x0000000085400000, 0x0000000085400000|100%|HS|  |TAMS 0x0000000085300000| PB 0x0000000085300000| Complete 
|  84|0x0000000085400000, 0x0000000085500000, 0x0000000085500000|100%|HS|  |TAMS 0x0000000085400000| PB 0x0000000085400000| Complete 
|  85|0x0000000085500000, 0x0000000085600000, 0x0000000085600000|100%|HC|  |TAMS 0x0000000085500000| PB 0x0000000085500000| Complete 
|  86|0x0000000085600000, 0x0000000085700000, 0x0000000085700000|100%|HS|  |TAMS 0x0000000085600000| PB 0x0000000085600000| Complete 
|  87|0x0000000085700000, 0x0000000085800000, 0x0000000085800000|100%|HS|  |TAMS 0x0000000085700000| PB 0x0000000085700000| Complete 
|  88|0x0000000085800000, 0x0000000085900000, 0x0000000085900000|100%| O|  |TAMS 0x0000000085800000| PB 0x0000000085800000| Untracked 
|  89|0x0000000085900000, 0x0000000085a00000, 0x0000000085a00000|100%| O|  |TAMS 0x0000000085900000| PB 0x0000000085900000| Untracked 
|  90|0x0000000085a00000, 0x0000000085b00000, 0x0000000085b00000|100%| S|  |TAMS 0x0000000085a00000| PB 0x0000000085a00000| Complete 
|  91|0x0000000085b00000, 0x0000000085c00000, 0x0000000085c00000|100%| S|  |TAMS 0x0000000085b00000| PB 0x0000000085b00000| Complete 
|  92|0x0000000085c00000, 0x0000000085d00000, 0x0000000085d00000|100%| S|  |TAMS 0x0000000085c00000| PB 0x0000000085c00000| Complete 
|  93|0x0000000085d00000, 0x0000000085e00000, 0x0000000085e00000|100%| S|  |TAMS 0x0000000085d00000| PB 0x0000000085d00000| Complete 
|  94|0x0000000085e00000, 0x0000000085f00000, 0x0000000085f00000|100%| S|  |TAMS 0x0000000085e00000| PB 0x0000000085e00000| Complete 
|  95|0x0000000085f00000, 0x0000000086000000, 0x0000000086000000|100%| S|  |TAMS 0x0000000085f00000| PB 0x0000000085f00000| Complete 
|  96|0x0000000086000000, 0x0000000086100000, 0x0000000086100000|100%| E|CS|TAMS 0x0000000086000000| PB 0x0000000086000000| Complete 
|  97|0x0000000086100000, 0x0000000086200000, 0x0000000086200000|100%| E|CS|TAMS 0x0000000086100000| PB 0x0000000086100000| Complete 
|  98|0x0000000086200000, 0x0000000086300000, 0x0000000086300000|100%| E|CS|TAMS 0x0000000086200000| PB 0x0000000086200000| Complete 
|  99|0x0000000086300000, 0x0000000086400000, 0x0000000086400000|100%| E|CS|TAMS 0x0000000086300000| PB 0x0000000086300000| Complete 
| 100|0x0000000086400000, 0x0000000086500000, 0x0000000086500000|100%| E|CS|TAMS 0x0000000086400000| PB 0x0000000086400000| Complete 
| 101|0x0000000086500000, 0x0000000086600000, 0x0000000086600000|100%| E|CS|TAMS 0x0000000086500000| PB 0x0000000086500000| Complete 
| 102|0x0000000086600000, 0x0000000086700000, 0x0000000086700000|100%| E|CS|TAMS 0x0000000086600000| PB 0x0000000086600000| Complete 
| 103|0x0000000086700000, 0x0000000086787940, 0x0000000086800000| 52%| E|CS|TAMS 0x0000000086700000| PB 0x0000000086700000| Complete 
| 104|0x0000000086800000, 0x0000000086900000, 0x0000000086900000|100%| E|CS|TAMS 0x0000000086800000| PB 0x0000000086800000| Complete 
| 105|0x0000000086900000, 0x0000000086a00000, 0x0000000086a00000|100%| E|CS|TAMS 0x0000000086900000| PB 0x0000000086900000| Complete 
| 106|0x0000000086a00000, 0x0000000086b00000, 0x0000000086b00000|100%| E|CS|TAMS 0x0000000086a00000| PB 0x0000000086a00000| Complete 
| 107|0x0000000086b00000, 0x0000000086c00000, 0x0000000086c00000|100%| E|CS|TAMS 0x0000000086b00000| PB 0x0000000086b00000| Complete 
| 108|0x0000000086c00000, 0x0000000086d00000, 0x0000000086d00000|100%| E|CS|TAMS 0x0000000086c00000| PB 0x0000000086c00000| Complete 
| 109|0x0000000086d00000, 0x0000000086e00000, 0x0000000086e00000|100%| E|CS|TAMS 0x0000000086d00000| PB 0x0000000086d00000| Complete 
| 110|0x0000000086e00000, 0x0000000086f00000, 0x0000000086f00000|100%| E|CS|TAMS 0x0000000086e00000| PB 0x0000000086e00000| Complete 
| 111|0x0000000086f00000, 0x0000000087000000, 0x0000000087000000|100%| E|CS|TAMS 0x0000000086f00000| PB 0x0000000086f00000| Complete 
| 112|0x0000000087000000, 0x0000000087100000, 0x0000000087100000|100%| E|CS|TAMS 0x0000000087000000| PB 0x0000000087000000| Complete 
| 113|0x0000000087100000, 0x0000000087200000, 0x0000000087200000|100%| E|CS|TAMS 0x0000000087100000| PB 0x0000000087100000| Complete 
| 114|0x0000000087200000, 0x0000000087300000, 0x0000000087300000|100%| E|CS|TAMS 0x0000000087200000| PB 0x0000000087200000| Complete 
| 115|0x0000000087300000, 0x0000000087400000, 0x0000000087400000|100%| E|CS|TAMS 0x0000000087300000| PB 0x0000000087300000| Complete 
| 116|0x0000000087400000, 0x0000000087500000, 0x0000000087500000|100%| E|CS|TAMS 0x0000000087400000| PB 0x0000000087400000| Complete 
| 117|0x0000000087500000, 0x0000000087600000, 0x0000000087600000|100%| E|CS|TAMS 0x0000000087500000| PB 0x0000000087500000| Complete 
| 118|0x0000000087600000, 0x0000000087700000, 0x0000000087700000|100%| E|CS|TAMS 0x0000000087600000| PB 0x0000000087600000| Complete 
| 119|0x0000000087700000, 0x0000000087800000, 0x0000000087800000|100%| E|CS|TAMS 0x0000000087700000| PB 0x0000000087700000| Complete 
| 120|0x0000000087800000, 0x0000000087900000, 0x0000000087900000|100%| E|CS|TAMS 0x0000000087800000| PB 0x0000000087800000| Complete 
| 121|0x0000000087900000, 0x0000000087a00000, 0x0000000087a00000|100%| E|CS|TAMS 0x0000000087900000| PB 0x0000000087900000| Complete 
| 122|0x0000000087a00000, 0x0000000087b00000, 0x0000000087b00000|100%| E|CS|TAMS 0x0000000087a00000| PB 0x0000000087a00000| Complete 
| 123|0x0000000087b00000, 0x0000000087c00000, 0x0000000087c00000|100%| E|CS|TAMS 0x0000000087b00000| PB 0x0000000087b00000| Complete 
| 124|0x0000000087c00000, 0x0000000087d00000, 0x0000000087d00000|100%| E|CS|TAMS 0x0000000087c00000| PB 0x0000000087c00000| Complete 
| 125|0x0000000087d00000, 0x0000000087e00000, 0x0000000087e00000|100%| E|CS|TAMS 0x0000000087d00000| PB 0x0000000087d00000| Complete 
| 126|0x0000000087e00000, 0x0000000087f00000, 0x0000000087f00000|100%| E|CS|TAMS 0x0000000087e00000| PB 0x0000000087e00000| Complete 
| 127|0x0000000087f00000, 0x0000000088000000, 0x0000000088000000|100%| E|CS|TAMS 0x0000000087f00000| PB 0x0000000087f00000| Complete 
| 128|0x0000000088000000, 0x0000000088100000, 0x0000000088100000|100%| E|CS|TAMS 0x0000000088000000| PB 0x0000000088000000| Complete 
| 129|0x0000000088100000, 0x0000000088200000, 0x0000000088200000|100%| E|CS|TAMS 0x0000000088100000| PB 0x0000000088100000| Complete 
| 130|0x0000000088200000, 0x0000000088300000, 0x0000000088300000|100%| E|CS|TAMS 0x0000000088200000| PB 0x0000000088200000| Complete 
| 131|0x0000000088300000, 0x0000000088400000, 0x0000000088400000|100%| E|CS|TAMS 0x0000000088300000| PB 0x0000000088300000| Complete 
| 132|0x0000000088400000, 0x0000000088500000, 0x0000000088500000|100%| E|CS|TAMS 0x0000000088400000| PB 0x0000000088400000| Complete 
| 133|0x0000000088500000, 0x0000000088600000, 0x0000000088600000|100%| E|CS|TAMS 0x0000000088500000| PB 0x0000000088500000| Complete 
| 134|0x0000000088600000, 0x0000000088700000, 0x0000000088700000|100%| E|CS|TAMS 0x0000000088600000| PB 0x0000000088600000| Complete 
| 135|0x0000000088700000, 0x0000000088800000, 0x0000000088800000|100%| E|CS|TAMS 0x0000000088700000| PB 0x0000000088700000| Complete 
| 136|0x0000000088800000, 0x0000000088900000, 0x0000000088900000|100%| E|CS|TAMS 0x0000000088800000| PB 0x0000000088800000| Complete 
|2039|0x00000000ff700000, 0x00000000ff800000, 0x00000000ff800000|100%| O|  |TAMS 0x00000000ff700000| PB 0x00000000ff700000| Untracked 
|2040|0x00000000ff800000, 0x00000000ff900000, 0x00000000ff900000|100%| O|  |TAMS 0x00000000ff800000| PB 0x00000000ff800000| Untracked 
|2041|0x00000000ff900000, 0x00000000ffa00000, 0x00000000ffa00000|100%| O|  |TAMS 0x00000000ff900000| PB 0x00000000ff900000| Untracked 
|2042|0x00000000ffa00000, 0x00000000ffb00000, 0x00000000ffb00000|100%| E|CS|TAMS 0x00000000ffa00000| PB 0x00000000ffa00000| Complete 
|2043|0x00000000ffb00000, 0x00000000ffc00000, 0x00000000ffc00000|100%| E|CS|TAMS 0x00000000ffb00000| PB 0x00000000ffb00000| Complete 
|2044|0x00000000ffc00000, 0x00000000ffd00000, 0x00000000ffd00000|100%| E|CS|TAMS 0x00000000ffc00000| PB 0x00000000ffc00000| Complete 
|2045|0x00000000ffd00000, 0x00000000ffe00000, 0x00000000ffe00000|100%| E|CS|TAMS 0x00000000ffd00000| PB 0x00000000ffd00000| Complete 
|2046|0x00000000ffe00000, 0x00000000fff00000, 0x00000000fff00000|100%| O|  |TAMS 0x00000000ffe00000| PB 0x00000000ffe00000| Untracked 
|2047|0x00000000fff00000, 0x0000000100000000, 0x0000000100000000|100%| O|  |TAMS 0x00000000fff00000| PB 0x00000000fff00000| Untracked 

Card table byte_map: [0x0000020473d80000,0x0000020474180000] _byte_map_base: 0x0000020473980000

Marking Bits: (CMBitMap*) 0x000002045df6e650
 Bits: [0x0000020474180000, 0x0000020476180000)

Polling page: 0x000002045de50000

Metaspace:

Usage:
  Non-class:     63.98 MB used.
      Class:     10.85 MB used.
       Both:     74.82 MB used.

Virtual space:
  Non-class space:      128.00 MB reserved,      65.00 MB ( 51%) committed,  2 nodes.
      Class space:      416.00 MB reserved,      11.81 MB (  3%) committed,  1 nodes.
             Both:      544.00 MB reserved,      76.81 MB ( 14%) committed. 

Chunk freelists:
   Non-Class:  14.69 MB
       Class:  4.00 MB
        Both:  18.69 MB

MaxMetaspaceSize: 512.00 MB
CompressedClassSpaceSize: 416.00 MB
Initial GC threshold: 21.00 MB
Current GC threshold: 125.75 MB
CDS: on
 - commit_granule_bytes: 65536.
 - commit_granule_words: 8192.
 - virtual_space_node_default_size: 8388608.
 - enlarge_chunks_in_place: 1.
 - use_allocation_guard: 0.


Internal statistics:

num_allocs_failed_limit: 12.
num_arena_births: 3828.
num_arena_deaths: 0.
num_vsnodes_births: 3.
num_vsnodes_deaths: 0.
num_space_committed: 1229.
num_space_uncommitted: 0.
num_chunks_returned_to_freelist: 12.
num_chunks_taken_from_freelist: 7587.
num_chunk_merges: 12.
num_chunk_splits: 4876.
num_chunks_enlarged: 2933.
num_inconsistent_stats: 0.

CodeHeap 'non-profiled nmethods': size=128192Kb used=5482Kb max_used=5482Kb free=122709Kb
 bounds [0x000002046b6d0000, 0x000002046bc30000, 0x0000020473400000]
CodeHeap 'profiled nmethods': size=128192Kb used=16642Kb max_used=16642Kb free=111549Kb
 bounds [0x0000020463400000, 0x0000020464450000, 0x000002046b130000]
CodeHeap 'non-nmethods': size=5760Kb used=2905Kb max_used=2967Kb free=2854Kb
 bounds [0x000002046b130000, 0x000002046b430000, 0x000002046b6d0000]
CodeCache: size=262144Kb, used=25029Kb, max_used=25091Kb, free=237112Kb
 total_blobs=10073, nmethods=9134, adapters=843, full_count=0
Compilation: enabled, stopped_count=0, restarted_count=0

Compilation events (20 events):
Event: 30.325 Thread 0x0000020478df30f0 nmethod 10781 0x000002046bc25190 code [0x000002046bc25540, 0x000002046bc27d58]
Event: 30.398 Thread 0x0000020478df30f0 10782       4       java.lang.ThreadLocal::setInitialValue (64 bytes)
Event: 30.404 Thread 0x0000020478df30f0 nmethod 10782 0x000002046bc28f10 code [0x000002046bc29100, 0x000002046bc29908]
Event: 30.424 Thread 0x0000020478df30f0 10783   !   4       java.util.jar.Attributes::read (494 bytes)
Event: 30.438 Thread 0x0000020478e033f0 10785       3       java.lang.invoke.BoundMethodHandle$Species_LLLLL::<init> (36 bytes)
Event: 30.439 Thread 0x0000020478e033f0 nmethod 10785 0x0000020463603d10 code [0x0000020463603ee0, 0x0000020463604298]
Event: 30.440 Thread 0x0000020478e033f0 10786       3       kotlin.SynchronizedLazyImpl::<init> (34 bytes)
Event: 30.441 Thread 0x0000020478e033f0 nmethod 10786 0x0000020463d60310 code [0x0000020463d60540, 0x0000020463d60ca8]
Event: 30.465 Thread 0x0000020478e033f0 10787       1       kotlin.Pair::component1 (5 bytes)
Event: 30.465 Thread 0x0000020478e033f0 nmethod 10787 0x000002046bc29d10 code [0x000002046bc29ea0, 0x000002046bc29f68]
Event: 30.465 Thread 0x0000020478e033f0 10788       1       kotlin.Pair::component2 (5 bytes)
Event: 30.465 Thread 0x0000020478e033f0 nmethod 10788 0x000002046bc2a010 code [0x000002046bc2a1a0, 0x000002046bc2a268]
Event: 30.467 Thread 0x0000020478e033f0 10789   !   3       java.util.zip.ZipFile$CleanableResource::run (251 bytes)
Event: 30.468 Thread 0x0000020478e033f0 nmethod 10789 0x0000020463e51910 code [0x0000020463e51be0, 0x0000020463e52c70]
Event: 30.468 Thread 0x0000020478e033f0 10790       1       com.google.common.cache.LocalCache$WeakEntry::getValueReference (5 bytes)
Event: 30.468 Thread 0x0000020478e033f0 nmethod 10790 0x000002046bc2a310 code [0x000002046bc2a4a0, 0x000002046bc2a568]
Event: 30.468 Thread 0x0000020478e033f0 10791       1       com.google.common.cache.LocalCache$WeakEntry::getNext (5 bytes)
Event: 30.468 Thread 0x0000020478e033f0 nmethod 10791 0x000002046bc2a610 code [0x000002046bc2a7a0, 0x000002046bc2a868]
Event: 30.472 Thread 0x0000020478e033f0 10792       3       java.lang.invoke.MethodHandles$Lookup::checkUnprivilegedlookupClass (38 bytes)
Event: 30.472 Thread 0x0000020478e033f0 nmethod 10792 0x0000020463e48290 code [0x0000020463e48520, 0x0000020463e48e08]

GC Heap History (20 events):
Event: 12.026 GC heap after
{Heap after GC invocations=20 (full 0):
 garbage-first heap   total 115712K, used 70099K [0x0000000080000000, 0x0000000100000000)
  region size 1024K, 6 young (6144K), 6 survivors (6144K)
 Metaspace       used 67498K, committed 69504K, reserved 491520K
  class space    used 9832K, committed 10816K, reserved 425984K
}
Event: 12.662 GC heap before
{Heap before GC invocations=21 (full 0):
 garbage-first heap   total 117760K, used 104915K [0x0000000080000000, 0x0000000100000000)
  region size 1024K, 41 young (41984K), 6 survivors (6144K)
 Metaspace       used 69619K, committed 71616K, reserved 491520K
  class space    used 10133K, committed 11136K, reserved 425984K
}
Event: 12.667 GC heap after
{Heap after GC invocations=22 (full 0):
 garbage-first heap   total 117760K, used 72918K [0x0000000080000000, 0x0000000100000000)
  region size 1024K, 4 young (4096K), 4 survivors (4096K)
 Metaspace       used 69619K, committed 71616K, reserved 491520K
  class space    used 10133K, committed 11136K, reserved 425984K
}
Event: 13.309 GC heap before
{Heap before GC invocations=22 (full 0):
 garbage-first heap   total 117760K, used 105686K [0x0000000080000000, 0x0000000100000000)
  region size 1024K, 37 young (37888K), 4 survivors (4096K)
 Metaspace       used 72730K, committed 74816K, reserved 491520K
  class space    used 10667K, committed 11648K, reserved 425984K
}
Event: 13.313 GC heap after
{Heap after GC invocations=23 (full 0):
 garbage-first heap   total 117760K, used 74239K [0x0000000080000000, 0x0000000100000000)
  region size 1024K, 3 young (3072K), 3 survivors (3072K)
 Metaspace       used 72730K, committed 74816K, reserved 491520K
  class space    used 10667K, committed 11648K, reserved 425984K
}
Event: 15.670 GC heap before
{Heap before GC invocations=23 (full 0):
 garbage-first heap   total 117760K, used 107007K [0x0000000080000000, 0x0000000100000000)
  region size 1024K, 36 young (36864K), 3 survivors (3072K)
 Metaspace       used 73909K, committed 76032K, reserved 491520K
  class space    used 10832K, committed 11840K, reserved 425984K
}
Event: 15.676 GC heap after
{Heap after GC invocations=24 (full 0):
 garbage-first heap   total 118784K, used 81106K [0x0000000080000000, 0x0000000100000000)
  region size 1024K, 5 young (5120K), 5 survivors (5120K)
 Metaspace       used 73909K, committed 76032K, reserved 491520K
  class space    used 10832K, committed 11840K, reserved 425984K
}
Event: 16.402 GC heap before
{Heap before GC invocations=25 (full 0):
 garbage-first heap   total 137216K, used 107730K [0x0000000080000000, 0x0000000100000000)
  region size 1024K, 31 young (31744K), 5 survivors (5120K)
 Metaspace       used 74189K, committed 76224K, reserved 491520K
  class space    used 10850K, committed 11840K, reserved 425984K
}
Event: 16.408 GC heap after
{Heap after GC invocations=26 (full 0):
 garbage-first heap   total 137216K, used 83817K [0x0000000080000000, 0x0000000100000000)
  region size 1024K, 4 young (4096K), 4 survivors (4096K)
 Metaspace       used 74189K, committed 76224K, reserved 491520K
  class space    used 10850K, committed 11840K, reserved 425984K
}
Event: 17.285 GC heap before
{Heap before GC invocations=26 (full 0):
 garbage-first heap   total 137216K, used 119657K [0x0000000080000000, 0x0000000100000000)
  region size 1024K, 40 young (40960K), 4 survivors (4096K)
 Metaspace       used 74317K, committed 76352K, reserved 491520K
  class space    used 10852K, committed 11840K, reserved 425984K
}
Event: 17.289 GC heap after
{Heap after GC invocations=27 (full 0):
 garbage-first heap   total 137216K, used 83477K [0x0000000080000000, 0x0000000100000000)
  region size 1024K, 4 young (4096K), 4 survivors (4096K)
 Metaspace       used 74317K, committed 76352K, reserved 491520K
  class space    used 10852K, committed 11840K, reserved 425984K
}
Event: 18.525 GC heap before
{Heap before GC invocations=27 (full 0):
 garbage-first heap   total 137216K, used 121365K [0x0000000080000000, 0x0000000100000000)
  region size 1024K, 41 young (41984K), 4 survivors (4096K)
 Metaspace       used 74330K, committed 76416K, reserved 491520K
  class space    used 10852K, committed 11840K, reserved 425984K
}
Event: 18.528 GC heap after
{Heap after GC invocations=28 (full 0):
 garbage-first heap   total 137216K, used 84356K [0x0000000080000000, 0x0000000100000000)
  region size 1024K, 4 young (4096K), 4 survivors (4096K)
 Metaspace       used 74330K, committed 76416K, reserved 491520K
  class space    used 10852K, committed 11840K, reserved 425984K
}
Event: 19.632 GC heap before
{Heap before GC invocations=29 (full 0):
 garbage-first heap   total 142336K, used 121220K [0x0000000080000000, 0x0000000100000000)
  region size 1024K, 41 young (41984K), 4 survivors (4096K)
 Metaspace       used 74338K, committed 76416K, reserved 491520K
  class space    used 10853K, committed 11840K, reserved 425984K
}
Event: 19.635 GC heap after
{Heap after GC invocations=30 (full 0):
 garbage-first heap   total 142336K, used 85645K [0x0000000080000000, 0x0000000100000000)
  region size 1024K, 4 young (4096K), 4 survivors (4096K)
 Metaspace       used 74338K, committed 76416K, reserved 491520K
  class space    used 10853K, committed 11840K, reserved 425984K
}
Event: 20.914 GC heap before
{Heap before GC invocations=30 (full 0):
 garbage-first heap   total 142336K, used 126605K [0x0000000080000000, 0x0000000100000000)
  region size 1024K, 45 young (46080K), 4 survivors (4096K)
 Metaspace       used 74342K, committed 76416K, reserved 491520K
  class space    used 10853K, committed 11840K, reserved 425984K
}
Event: 20.919 GC heap after
{Heap after GC invocations=31 (full 0):
 garbage-first heap   total 142336K, used 85202K [0x0000000080000000, 0x0000000100000000)
  region size 1024K, 4 young (4096K), 4 survivors (4096K)
 Metaspace       used 74342K, committed 76416K, reserved 491520K
  class space    used 10853K, committed 11840K, reserved 425984K
}
Event: 21.724 GC heap before
{Heap before GC invocations=31 (full 0):
 garbage-first heap   total 142336K, used 111826K [0x0000000080000000, 0x0000000100000000)
  region size 1024K, 31 young (31744K), 4 survivors (4096K)
 Metaspace       used 75161K, committed 77248K, reserved 557056K
  class space    used 10951K, committed 11968K, reserved 425984K
}
Event: 21.728 GC heap after
{Heap after GC invocations=32 (full 0):
 garbage-first heap   total 142336K, used 87112K [0x0000000080000000, 0x0000000100000000)
  region size 1024K, 5 young (5120K), 5 survivors (5120K)
 Metaspace       used 75161K, committed 77248K, reserved 557056K
  class space    used 10951K, committed 11968K, reserved 425984K
}
Event: 30.473 GC heap before
{Heap before GC invocations=33 (full 0):
 garbage-first heap   total 148480K, used 138312K [0x0000000080000000, 0x0000000100000000)
  region size 1024K, 45 young (46080K), 5 survivors (5120K)
 Metaspace       used 76618K, committed 78656K, reserved 557056K
  class space    used 11107K, committed 12096K, reserved 425984K
}

Dll operation events (14 events):
Event: 0.013 Loaded shared library C:\Users\Vert\.antigravity\extensions\redhat.java-1.54.0-win32-x64\jre\21.0.10-win32-x86_64\bin\java.dll
Event: 0.068 Loaded shared library C:\Users\Vert\.antigravity\extensions\redhat.java-1.54.0-win32-x64\jre\21.0.10-win32-x86_64\bin\zip.dll
Event: 0.082 Loaded shared library C:\Users\Vert\.antigravity\extensions\redhat.java-1.54.0-win32-x64\jre\21.0.10-win32-x86_64\bin\instrument.dll
Event: 0.086 Loaded shared library C:\Users\Vert\.antigravity\extensions\redhat.java-1.54.0-win32-x64\jre\21.0.10-win32-x86_64\bin\net.dll
Event: 0.091 Loaded shared library C:\Users\Vert\.antigravity\extensions\redhat.java-1.54.0-win32-x64\jre\21.0.10-win32-x86_64\bin\nio.dll
Event: 0.093 Loaded shared library C:\Users\Vert\.antigravity\extensions\redhat.java-1.54.0-win32-x64\jre\21.0.10-win32-x86_64\bin\zip.dll
Event: 0.258 Loaded shared library C:\Users\Vert\.antigravity\extensions\redhat.java-1.54.0-win32-x64\jre\21.0.10-win32-x86_64\bin\jimage.dll
Event: 0.344 Loaded shared library C:\Users\Vert\.antigravity\extensions\redhat.java-1.54.0-win32-x64\jre\21.0.10-win32-x86_64\bin\verify.dll
Event: 0.409 Loaded shared library C:\Users\Vert\.gradle\native\1def1411415f61bf3af743bc5b6707747c0891f09f0c88961ee8f79bc544acac\windows-amd64\native-platform.dll
Event: 0.476 Loaded shared library C:\Users\Vert\.gradle\native\0.2.7\x86_64-windows-gnu\gradle-fileevents.dll
Event: 1.172 Loaded shared library C:\Users\Vert\.antigravity\extensions\redhat.java-1.54.0-win32-x64\jre\21.0.10-win32-x86_64\bin\management.dll
Event: 1.175 Loaded shared library C:\Users\Vert\.antigravity\extensions\redhat.java-1.54.0-win32-x64\jre\21.0.10-win32-x86_64\bin\management_ext.dll
Event: 1.282 Loaded shared library C:\Users\Vert\.antigravity\extensions\redhat.java-1.54.0-win32-x64\jre\21.0.10-win32-x86_64\bin\extnet.dll
Event: 1.487 Loaded shared library C:\Users\Vert\.antigravity\extensions\redhat.java-1.54.0-win32-x64\jre\21.0.10-win32-x86_64\bin\sunmscapi.dll

Deoptimization events (20 events):
Event: 30.080 Thread 0x000002047ef39760 DEOPT PACKING pc=0x000002046bbbc554 sp=0x0000003c9cef9250
Event: 30.080 Thread 0x000002047ef39760 DEOPT UNPACKING pc=0x000002046b187ba2 sp=0x0000003c9cef91e8 mode 2
Event: 30.103 Thread 0x000002047ef39760 Uncommon trap: trap_request=0xffffff45 fr.pc=0x000002046bbb3ccc relative=0x00000000000000ac
Event: 30.103 Thread 0x000002047ef39760 Uncommon trap: reason=unstable_if action=reinterpret pc=0x000002046bbb3ccc method=org.gradle.tooling.internal.provider.runner.ClientBuildEventGenerator$Disabled.accept(Lorg/gradle/internal/operations/BuildOperationDescriptor;)Lorg/gradle/tooling/internal/
Event: 30.103 Thread 0x000002047ef39760 DEOPT PACKING pc=0x000002046bbb3ccc sp=0x0000003c9cef7b70
Event: 30.103 Thread 0x000002047ef39760 DEOPT UNPACKING pc=0x000002046b187ba2 sp=0x0000003c9cef7b20 mode 2
Event: 30.247 Thread 0x000002047ef39760 Uncommon trap: trap_request=0xffffff45 fr.pc=0x000002046b7170b4 relative=0x0000000000000754
Event: 30.247 Thread 0x000002047ef39760 Uncommon trap: reason=unstable_if action=reinterpret pc=0x000002046b7170b4 method=java.io.BufferedInputStream.implRead([BII)I @ 55 c2
Event: 30.247 Thread 0x000002047ef39760 DEOPT PACKING pc=0x000002046b7170b4 sp=0x0000003c9cef4240
Event: 30.247 Thread 0x000002047ef39760 DEOPT UNPACKING pc=0x000002046b187ba2 sp=0x0000003c9cef41f8 mode 2
Event: 30.302 Thread 0x000002047ef39760 DEOPT PACKING pc=0x00000204636f409f sp=0x0000003c9cef1de0
Event: 30.302 Thread 0x000002047ef39760 DEOPT UNPACKING pc=0x000002046b1886e2 sp=0x0000003c9cef12b8 mode 0
Event: 30.418 Thread 0x000002047ef39760 DEOPT PACKING pc=0x0000020463e06a02 sp=0x0000003c9cef1780
Event: 30.418 Thread 0x000002047ef39760 DEOPT UNPACKING pc=0x000002046b1886e2 sp=0x0000003c9cef0c90 mode 0
Event: 30.423 Thread 0x000002047ef39760 Uncommon trap: trap_request=0xffffff45 fr.pc=0x000002046ba4f2d8 relative=0x0000000000000398
Event: 30.423 Thread 0x000002047ef39760 Uncommon trap: reason=unstable_if action=reinterpret pc=0x000002046ba4f2d8 method=com.google.common.reflect.TypeResolver$TypeVariableKey.equalsTypeVariable(Ljava/lang/reflect/TypeVariable;)Z @ 41 c2
Event: 30.423 Thread 0x000002047ef39760 DEOPT PACKING pc=0x000002046ba4f2d8 sp=0x0000003c9cef4170
Event: 30.423 Thread 0x000002047ef39760 DEOPT UNPACKING pc=0x000002046b187ba2 sp=0x0000003c9cef4110 mode 2
Event: 30.424 Thread 0x000002047ef39760 DEOPT PACKING pc=0x00000204638a5d0d sp=0x0000003c9cef2e30
Event: 30.424 Thread 0x000002047ef39760 DEOPT UNPACKING pc=0x000002046b1886e2 sp=0x0000003c9cef23f0 mode 0

Classes loaded (20 events):
Event: 13.237 Loading class java/util/HashMap$UnsafeHolder
Event: 13.238 Loading class java/util/HashMap$UnsafeHolder done
Event: 13.263 Loading class java/util/stream/ReferencePipeline$4
Event: 13.263 Loading class java/util/stream/IntPipeline$StatelessOp
Event: 13.263 Loading class java/util/stream/IntPipeline$StatelessOp done
Event: 13.263 Loading class java/util/stream/ReferencePipeline$4 done
Event: 13.264 Loading class java/util/stream/ReduceOps$6
Event: 13.264 Loading class java/util/stream/ReduceOps$6 done
Event: 13.264 Loading class java/util/stream/ReduceOps$5ReducingSink
Event: 13.264 Loading class java/util/stream/ReduceOps$5ReducingSink done
Event: 13.264 Loading class java/util/stream/ReferencePipeline$4$1
Event: 13.264 Loading class java/util/stream/ReferencePipeline$4$1 done
Event: 14.375 Loading class java/util/concurrent/ConcurrentLinkedQueue$Itr
Event: 14.375 Loading class java/util/concurrent/ConcurrentLinkedQueue$Itr done
Event: 15.500 Loading class java/util/Collections$ReverseComparator
Event: 15.501 Loading class java/util/Collections$ReverseComparator done
Event: 15.501 Loading class java/util/Collections$ReverseComparator2
Event: 15.501 Loading class java/util/Collections$ReverseComparator2 done
Event: 21.673 Loading class java/io/NotSerializableException
Event: 21.673 Loading class java/io/NotSerializableException done

Classes unloaded (0 events):
No events

Classes redefined (0 events):
No events

Internal exceptions (20 events):
Event: 13.217 Thread 0x000002041edac510 Exception <a 'java/lang/NoSuchMethodError'{0x0000000084fe7cc0}: 'void java.lang.invoke.DirectMethodHandle$Holder.invokeSpecial(java.lang.Object, java.lang.Object, java.lang.Object, java.lang.Object, int, java.lang.Object, java.lang.Object)'> (0x0000000084fe7cc0) 
thrown [s\src\hotspot\share\interpreter\linkResolver.cpp, line 773]
Event: 13.229 Thread 0x000002047f1ddde0 Exception <a 'java/lang/NoSuchMethodError'{0x0000000084d2d5d8}: static Ljava/lang/Object;.<clinit>()V> (0x0000000084d2d5d8) 
thrown [s\src\hotspot\share\prims\jni.cpp, line 1111]
Event: 13.232 Thread 0x000002047f1ddde0 Exception <a 'java/lang/NoSuchMethodError'{0x0000000084d69fb0}: static Lorg/jetbrains/kotlin/gradle/plugin/statistics/MetricContainer;.<clinit>()V> (0x0000000084d69fb0) 
thrown [s\src\hotspot\share\prims\jni.cpp, line 1111]
Event: 13.283 Thread 0x000002041edac510 Exception <a 'java/lang/NoSuchMethodError'{0x0000000084b54300}: 'int java.lang.invoke.DirectMethodHandle$Holder.invokeSpecial(java.lang.Object, java.lang.Object, java.lang.Object, java.lang.Object, java.lang.Object)'> (0x0000000084b54300) 
thrown [s\src\hotspot\share\interpreter\linkResolver.cpp, line 773]
Event: 13.365 Thread 0x000002041edac510 Exception <a 'java/lang/IncompatibleClassChangeError'{0x00000000869d1ce8}: Found class java.lang.Object, but interface was expected> (0x00000000869d1ce8) 
thrown [s\src\hotspot\share\interpreter\linkResolver.cpp, line 840]
Event: 13.827 Thread 0x000002041edac510 Exception <a 'java/lang/NoSuchMethodError'{0x000000008620dab8}: static Ljava/lang/Object;.<clinit>()V> (0x000000008620dab8) 
thrown [s\src\hotspot\share\prims\jni.cpp, line 1111]
Event: 14.283 Thread 0x000002041edac510 Exception <a 'java/lang/NoSuchMethodError'{0x000000008565d720}: 'int java.lang.invoke.DirectMethodHandle$Holder.invokeStaticInit(java.lang.Object, java.lang.Object, java.lang.Object, java.lang.Object, java.lang.Object)'> (0x000000008565d720) 
thrown [s\src\hotspot\share\interpreter\linkResolver.cpp, line 773]
Event: 14.317 Thread 0x000002041edac510 Exception <a 'sun/nio/fs/WindowsException'{0x00000000855e5f48}> (0x00000000855e5f48) 
thrown [s\src\hotspot\share\prims\jni.cpp, line 520]
Event: 14.317 Thread 0x000002041edac510 Exception <a 'sun/nio/fs/WindowsException'{0x00000000855e8240}> (0x00000000855e8240) 
thrown [s\src\hotspot\share\prims\jni.cpp, line 520]
Event: 14.317 Thread 0x000002041edac510 Exception <a 'sun/nio/fs/WindowsException'{0x00000000855ea288}> (0x00000000855ea288) 
thrown [s\src\hotspot\share\prims\jni.cpp, line 520]
Event: 14.318 Thread 0x000002041edac510 Exception <a 'sun/nio/fs/WindowsException'{0x00000000855ebfb8}> (0x00000000855ebfb8) 
thrown [s\src\hotspot\share\prims\jni.cpp, line 520]
Event: 14.324 Thread 0x000002041edac510 Exception <a 'sun/nio/fs/WindowsException'{0x0000000085419200}> (0x0000000085419200) 
thrown [s\src\hotspot\share\prims\jni.cpp, line 520]
Event: 14.325 Thread 0x000002041edac510 Exception <a 'sun/nio/fs/WindowsException'{0x000000008541b1d0}> (0x000000008541b1d0) 
thrown [s\src\hotspot\share\prims\jni.cpp, line 520]
Event: 14.325 Thread 0x000002041edac510 Exception <a 'sun/nio/fs/WindowsException'{0x000000008541cdd8}> (0x000000008541cdd8) 
thrown [s\src\hotspot\share\prims\jni.cpp, line 520]
Event: 16.740 Thread 0x000002041edaa440 Implicit null exception at 0x000002046bbb2fe9 to 0x000002046bbb3098
Event: 18.888 Thread 0x000002041edaf300 Implicit null exception at 0x000002046b850623 to 0x000002046b850e98
Event: 19.048 Thread 0x000002041edaf300 Implicit null exception at 0x000002046bbdb4bd to 0x000002046bbdb531
Event: 21.694 Thread 0x000002047ef39760 Exception <a 'java/lang/NoSuchMethodError'{0x0000000086c33f60}: 'java.lang.Object java.lang.invoke.Invokers$Holder.invokeExact_MT(java.lang.Object, java.lang.Object, java.lang.Object, int, java.lang.Object, java.lang.Object)'> (0x0000000086c33f60) 
thrown [s\src\hotspot\share\interpreter\linkResolver.cpp, line 773]
Event: 30.205 Thread 0x000002047ef39760 Exception <a 'java/lang/ClassNotFoundException'{0x000000008765de88}: org/gradle/api/internal/plugins/DefaultObjectConfigurationActionBeanInfo> (0x000000008765de88) 
thrown [s\src\hotspot\share\classfile\systemDictionary.cpp, line 312]
Event: 30.206 Thread 0x000002047ef39760 Exception <a 'java/lang/ClassNotFoundException'{0x0000000087675ae0}: org/gradle/api/internal/plugins/DefaultObjectConfigurationActionCustomizer> (0x0000000087675ae0) 
thrown [s\src\hotspot\share\classfile\systemDictionary.cpp, line 312]

ZGC Phase Switch (0 events):
No events

VM Operations (20 events):
Event: 21.517 Executing non-safepoint VM operation: HandshakeAllThreads (Deoptimize) done
Event: 21.724 Executing safepoint VM operation: G1TryInitiateConcMark (G1 Humongous Allocation)
Event: 21.728 Executing safepoint VM operation: G1TryInitiateConcMark (G1 Humongous Allocation) done
Event: 21.763 Executing safepoint VM operation: G1PauseRemark
Event: 21.767 Executing safepoint VM operation: G1PauseRemark done
Event: 21.780 Executing safepoint VM operation: G1PauseCleanup
Event: 21.780 Executing safepoint VM operation: G1PauseCleanup done
Event: 22.788 Executing safepoint VM operation: Cleanup
Event: 22.788 Executing safepoint VM operation: Cleanup done
Event: 23.011 Executing non-safepoint VM operation: HandshakeAllThreads (Deoptimize)
Event: 23.011 Executing non-safepoint VM operation: HandshakeAllThreads (Deoptimize) done
Event: 24.023 Executing safepoint VM operation: Cleanup
Event: 24.023 Executing safepoint VM operation: Cleanup done
Event: 25.026 Executing safepoint VM operation: Cleanup
Event: 25.026 Executing safepoint VM operation: Cleanup done
Event: 28.033 Executing safepoint VM operation: Cleanup
Event: 28.033 Executing safepoint VM operation: Cleanup done
Event: 30.043 Executing safepoint VM operation: Cleanup
Event: 30.043 Executing safepoint VM operation: Cleanup done
Event: 30.473 Executing safepoint VM operation: G1CollectForAllocation (G1 Evacuation Pause)

Memory protections (0 events):
No events

Nmethod flushes (20 events):
Event: 21.766 Thread 0x0000020478db7430 flushing  nmethod 0x0000020463c93c10
Event: 21.766 Thread 0x0000020478db7430 flushing  nmethod 0x0000020463d82510
Event: 21.766 Thread 0x0000020478db7430 flushing  nmethod 0x0000020463d86110
Event: 21.766 Thread 0x0000020478db7430 flushing  nmethod 0x0000020463eca490
Event: 21.766 Thread 0x0000020478db7430 flushing  nmethod 0x0000020463ecb910
Event: 21.766 Thread 0x0000020478db7430 flushing  nmethod 0x0000020463f10010
Event: 21.766 Thread 0x0000020478db7430 flushing  nmethod 0x0000020463f6b210
Event: 21.766 Thread 0x0000020478db7430 flushing  nmethod 0x0000020463f6b510
Event: 21.766 Thread 0x0000020478db7430 flushing  nmethod 0x0000020463f6bf10
Event: 21.766 Thread 0x0000020478db7430 flushing  nmethod 0x0000020463f6c290
Event: 21.766 Thread 0x0000020478db7430 flushing  nmethod 0x0000020463fcda10
Event: 21.766 Thread 0x0000020478db7430 flushing  nmethod 0x0000020464112a90
Event: 21.766 Thread 0x0000020478db7430 flushing  nmethod 0x0000020463b03190
Event: 21.766 Thread 0x0000020478db7430 flushing  nmethod 0x0000020463b0e890
Event: 21.766 Thread 0x0000020478db7430 flushing  nmethod 0x0000020463dfe410
Event: 21.766 Thread 0x0000020478db7430 flushing  nmethod 0x0000020463e01c90
Event: 21.766 Thread 0x0000020478db7430 flushing  nmethod 0x0000020463e5a990
Event: 21.766 Thread 0x0000020478db7430 flushing  nmethod 0x0000020463fdb790
Event: 21.766 Thread 0x0000020478db7430 flushing  nmethod 0x0000020464114e90
Event: 21.766 Thread 0x0000020478db7430 flushing  nmethod 0x00000204641b4b10

Events (20 events):
Event: 8.959 Thread 0x000002047ef39760 Thread added: 0x000002047f1dca30
Event: 9.204 Thread 0x0000020478df30f0 Thread added: 0x0000020478e03ac0
Event: 9.539 Thread 0x0000020478e03ac0 Thread exited: 0x0000020478e03ac0
Event: 10.547 Thread 0x0000020478df30f0 Thread added: 0x0000020478e01f80
Event: 10.691 Thread 0x000002047ef39760 Thread added: 0x000002047f1ddde0
Event: 11.056 Thread 0x0000020478e01f80 Thread exited: 0x0000020478e01f80
Event: 11.334 Thread 0x0000020478df30f0 Thread added: 0x0000020478e01f80
Event: 13.146 Thread 0x000002047ef39760 Thread added: 0x000002041edabe80
Event: 13.153 Thread 0x000002041edabe80 Thread added: 0x000002041edac510
Event: 13.178 Thread 0x000002041edabe80 Thread added: 0x000002041edad230
Event: 13.677 Thread 0x000002041edac510 Thread added: 0x000002041edab7f0
Event: 13.813 Thread 0x000002041edac510 Thread added: 0x000002041eda9db0
Event: 13.836 Thread 0x000002041edac510 Thread added: 0x000002041edab160
Event: 14.066 Thread 0x0000020478e01f80 Thread exited: 0x0000020478e01f80
Event: 14.264 Thread 0x000002041edac510 Thread added: 0x000002041edacba0
Event: 15.908 Thread 0x000002047ef39760 Thread added: 0x000002041edaaad0
Event: 15.969 Thread 0x0000020478df30f0 Thread added: 0x0000020478e01f80
Event: 15.975 Thread 0x000002047ef39760 Thread added: 0x000002041edaa440
Event: 16.682 Thread 0x0000020478e01f80 Thread exited: 0x0000020478e01f80
Event: 17.021 Thread 0x000002047ef39760 Thread added: 0x000002041edaf300


Dynamic libraries:
0x00007ff6c5a60000 - 0x00007ff6c5a6e000 	C:\Users\Vert\.antigravity\extensions\redhat.java-1.54.0-win32-x64\jre\21.0.10-win32-x86_64\bin\java.exe
0x00007ffd4e520000 - 0x00007ffd4e787000 	C:\WINDOWS\SYSTEM32\ntdll.dll
0x00007ffd4da60000 - 0x00007ffd4db29000 	C:\WINDOWS\System32\KERNEL32.DLL
0x00007ffd4bb40000 - 0x00007ffd4bf37000 	C:\WINDOWS\System32\KERNELBASE.dll
0x00007ffd4b180000 - 0x00007ffd4b2cb000 	C:\WINDOWS\System32\ucrtbase.dll
0x00007ffd22140000 - 0x00007ffd22158000 	C:\Users\Vert\.antigravity\extensions\redhat.java-1.54.0-win32-x64\jre\21.0.10-win32-x86_64\bin\jli.dll
0x00007ffd224c0000 - 0x00007ffd224de000 	C:\Users\Vert\.antigravity\extensions\redhat.java-1.54.0-win32-x64\jre\21.0.10-win32-x86_64\bin\VCRUNTIME140.dll
0x00007ffd4ddf0000 - 0x00007ffd4dfb6000 	C:\WINDOWS\System32\USER32.dll
0x00007ffd33fe0000 - 0x00007ffd34272000 	C:\WINDOWS\WinSxS\amd64_microsoft.windows.common-controls_6595b64144ccf1df_6.0.26100.8457_none_3e0b2faee331e92d\COMCTL32.dll
0x00007ffd4af50000 - 0x00007ffd4af77000 	C:\WINDOWS\System32\win32u.dll
0x00007ffd4dbe0000 - 0x00007ffd4dc89000 	C:\WINDOWS\System32\msvcrt.dll
0x00007ffd4dbb0000 - 0x00007ffd4dbdb000 	C:\WINDOWS\System32\GDI32.dll
0x00007ffd4bf40000 - 0x00007ffd4c06c000 	C:\WINDOWS\System32\gdi32full.dll
0x00007ffd4c1f0000 - 0x00007ffd4c293000 	C:\WINDOWS\System32\msvcp_win.dll
0x00007ffd4ddb0000 - 0x00007ffd4dde2000 	C:\WINDOWS\System32\IMM32.DLL
0x00007ffd41220000 - 0x00007ffd4122c000 	C:\Users\Vert\.antigravity\extensions\redhat.java-1.54.0-win32-x64\jre\21.0.10-win32-x86_64\bin\vcruntime140_1.dll
0x00007ffd12c00000 - 0x00007ffd12c8d000 	C:\Users\Vert\.antigravity\extensions\redhat.java-1.54.0-win32-x64\jre\21.0.10-win32-x86_64\bin\msvcp140.dll
0x00007ffc801a0000 - 0x00007ffc80f41000 	C:\Users\Vert\.antigravity\extensions\redhat.java-1.54.0-win32-x64\jre\21.0.10-win32-x86_64\bin\server\jvm.dll
0x00007ffd4dfc0000 - 0x00007ffd4e076000 	C:\WINDOWS\System32\ADVAPI32.dll
0x00007ffd4d9b0000 - 0x00007ffd4da57000 	C:\WINDOWS\System32\sechost.dll
0x00007ffd4dc90000 - 0x00007ffd4dda8000 	C:\WINDOWS\System32\RPCRT4.dll
0x00007ffd4d190000 - 0x00007ffd4d210000 	C:\WINDOWS\System32\WS2_32.dll
0x00007ffd4adb0000 - 0x00007ffd4ae0e000 	C:\WINDOWS\SYSTEM32\POWRPROF.dll
0x00007ffd3fd50000 - 0x00007ffd3fd86000 	C:\WINDOWS\SYSTEM32\WINMM.dll
0x00007ffd43470000 - 0x00007ffd4347b000 	C:\WINDOWS\SYSTEM32\VERSION.dll
0x00007ffd4ad90000 - 0x00007ffd4ada4000 	C:\WINDOWS\SYSTEM32\UMPDC.dll
0x00007ffd49ca0000 - 0x00007ffd49cbb000 	C:\WINDOWS\SYSTEM32\kernel.appcore.dll
0x00007ffd41120000 - 0x00007ffd4112a000 	C:\Users\Vert\.antigravity\extensions\redhat.java-1.54.0-win32-x64\jre\21.0.10-win32-x86_64\bin\jimage.dll
0x00007ffd48da0000 - 0x00007ffd48fe2000 	C:\WINDOWS\SYSTEM32\DBGHELP.DLL
0x00007ffd4ce00000 - 0x00007ffd4d183000 	C:\WINDOWS\System32\combase.dll
0x00007ffd4cb30000 - 0x00007ffd4cc09000 	C:\WINDOWS\System32\OLEAUT32.dll
0x00007ffd21f40000 - 0x00007ffd21f7b000 	C:\WINDOWS\SYSTEM32\dbgcore.DLL
0x00007ffd4b0d0000 - 0x00007ffd4b178000 	C:\WINDOWS\System32\bcryptPrimitives.dll
0x00007ffd410b0000 - 0x00007ffd410bf000 	C:\Users\Vert\.antigravity\extensions\redhat.java-1.54.0-win32-x64\jre\21.0.10-win32-x86_64\bin\instrument.dll
0x00007ffd26390000 - 0x00007ffd263b0000 	C:\Users\Vert\.antigravity\extensions\redhat.java-1.54.0-win32-x64\jre\21.0.10-win32-x86_64\bin\java.dll
0x00007ffd4c2a0000 - 0x00007ffd4ca0e000 	C:\WINDOWS\System32\SHELL32.dll
0x00007ffd4b2d0000 - 0x00007ffd4bb3c000 	C:\WINDOWS\System32\windows.storage.dll
0x00007ffd4e270000 - 0x00007ffd4e366000 	C:\WINDOWS\System32\SHCORE.dll
0x00007ffd4e470000 - 0x00007ffd4e4d6000 	C:\WINDOWS\System32\shlwapi.dll
0x00007ffd4ae70000 - 0x00007ffd4ae99000 	C:\WINDOWS\SYSTEM32\profapi.dll
0x00007ffd224f0000 - 0x00007ffd22508000 	C:\Users\Vert\.antigravity\extensions\redhat.java-1.54.0-win32-x64\jre\21.0.10-win32-x86_64\bin\zip.dll
0x00007ffd40fe0000 - 0x00007ffd40ff0000 	C:\Users\Vert\.antigravity\extensions\redhat.java-1.54.0-win32-x64\jre\21.0.10-win32-x86_64\bin\net.dll
0x00007ffd45ef0000 - 0x00007ffd46019000 	C:\WINDOWS\SYSTEM32\WINHTTP.dll
0x00007ffd4a1f0000 - 0x00007ffd4a25c000 	C:\WINDOWS\system32\mswsock.dll
0x00007ffd22060000 - 0x00007ffd22076000 	C:\Users\Vert\.antigravity\extensions\redhat.java-1.54.0-win32-x64\jre\21.0.10-win32-x86_64\bin\nio.dll
0x00007ffd40330000 - 0x00007ffd40340000 	C:\Users\Vert\.antigravity\extensions\redhat.java-1.54.0-win32-x64\jre\21.0.10-win32-x86_64\bin\verify.dll
0x00007ffd40230000 - 0x00007ffd40257000 	C:\Users\Vert\.gradle\native\1def1411415f61bf3af743bc5b6707747c0891f09f0c88961ee8f79bc544acac\windows-amd64\native-platform.dll
0x00007ffd1aae0000 - 0x00007ffd1ab58000 	C:\Users\Vert\.gradle\native\0.2.7\x86_64-windows-gnu\gradle-fileevents.dll
0x00007ffd462b0000 - 0x00007ffd462ba000 	C:\Users\Vert\.antigravity\extensions\redhat.java-1.54.0-win32-x64\jre\21.0.10-win32-x86_64\bin\management.dll
0x00007ffd40800000 - 0x00007ffd4080c000 	C:\Users\Vert\.antigravity\extensions\redhat.java-1.54.0-win32-x64\jre\21.0.10-win32-x86_64\bin\management_ext.dll
0x00007ffd4cc10000 - 0x00007ffd4cc18000 	C:\WINDOWS\System32\PSAPI.DLL
0x00007ffd49740000 - 0x00007ffd49772000 	C:\WINDOWS\SYSTEM32\IPHLPAPI.DLL
0x00007ffd4cab0000 - 0x00007ffd4caba000 	C:\WINDOWS\System32\NSI.dll
0x00007ffd244a0000 - 0x00007ffd244a9000 	C:\Users\Vert\.antigravity\extensions\redhat.java-1.54.0-win32-x64\jre\21.0.10-win32-x86_64\bin\extnet.dll
0x00007ffd4a5f0000 - 0x00007ffd4a60b000 	C:\WINDOWS\SYSTEM32\CRYPTSP.dll
0x00007ffd49c00000 - 0x00007ffd49c39000 	C:\WINDOWS\system32\rsaenh.dll
0x00007ffd4a2a0000 - 0x00007ffd4a2d3000 	C:\WINDOWS\SYSTEM32\USERENV.dll
0x00007ffd4ae40000 - 0x00007ffd4ae6a000 	C:\WINDOWS\SYSTEM32\bcrypt.dll
0x00007ffd4a450000 - 0x00007ffd4a45c000 	C:\WINDOWS\SYSTEM32\CRYPTBASE.dll
0x00007ffd401a0000 - 0x00007ffd401ae000 	C:\Users\Vert\.antigravity\extensions\redhat.java-1.54.0-win32-x64\jre\21.0.10-win32-x86_64\bin\sunmscapi.dll
0x00007ffd4c070000 - 0x00007ffd4c1e8000 	C:\WINDOWS\System32\CRYPT32.dll
0x00007ffd4a750000 - 0x00007ffd4a780000 	C:\WINDOWS\SYSTEM32\ncrypt.dll
0x00007ffd4a700000 - 0x00007ffd4a73f000 	C:\WINDOWS\SYSTEM32\NTASN1.dll
0x00007ffcfafe0000 - 0x00007ffcfafe8000 	C:\WINDOWS\system32\wshunix.dll
0x00007ffcf36e0000 - 0x00007ffcf36f8000 	C:\WINDOWS\system32\napinsp.dll
0x00007ffd49780000 - 0x00007ffd498b2000 	C:\WINDOWS\SYSTEM32\DNSAPI.dll
0x00007ffcf3730000 - 0x00007ffcf3743000 	C:\WINDOWS\System32\winrnr.dll
0x00007ffcf3700000 - 0x00007ffcf3722000 	C:\WINDOWS\system32\nlansp_c.dll
0x00007ffd22b70000 - 0x00007ffd22b86000 	C:\WINDOWS\system32\wshbth.dll
0x00007ffd446a0000 - 0x00007ffd446ab000 	C:\Windows\System32\rasadhlp.dll
0x00007ffd480e0000 - 0x00007ffd48166000 	C:\WINDOWS\System32\fwpuclnt.dll

JVMTI agents:
C:\Users\Vert\.gradle\wrapper\dists\gradle-8.14-all\c2qonpi39x1mddn7hk5gh9iqj\gradle-8.14\lib\agents\gradle-instrumentation-agent-8.14.jar path:C:\Users\Vert\.antigravity\extensions\redhat.java-1.54.0-win32-x64\jre\21.0.10-win32-x86_64\bin\instrument.dll, loaded, initialized, instrumentlib options:none

dbghelp: loaded successfully - version: 4.0.5 - missing functions: none
symbol engine: initialized successfully - sym options: 0x614 - pdb path: .;C:\Users\Vert\.antigravity\extensions\redhat.java-1.54.0-win32-x64\jre\21.0.10-win32-x86_64\bin;C:\WINDOWS\SYSTEM32;C:\WINDOWS\WinSxS\amd64_microsoft.windows.common-controls_6595b64144ccf1df_6.0.26100.8457_none_3e0b2faee331e92d;C:\Users\Vert\.antigravity\extensions\redhat.java-1.54.0-win32-x64\jre\21.0.10-win32-x86_64\bin\server;C:\Users\Vert\.gradle\native\1def1411415f61bf3af743bc5b6707747c0891f09f0c88961ee8f79bc544acac\windows-amd64;C:\Users\Vert\.gradle\native\0.2.7\x86_64-windows-gnu

VM Arguments:
jvm_args: --add-opens=java.base/java.lang=ALL-UNNAMED --add-opens=java.base/java.lang.invoke=ALL-UNNAMED --add-opens=java.base/java.util=ALL-UNNAMED --add-opens=java.prefs/java.util.prefs=ALL-UNNAMED --add-exports=jdk.compiler/com.sun.tools.javac.api=ALL-UNNAMED --add-exports=jdk.compiler/com.sun.tools.javac.util=ALL-UNNAMED --add-opens=java.base/java.util=ALL-UNNAMED --add-opens=java.prefs/java.util.prefs=ALL-UNNAMED --add-opens=java.base/java.nio.charset=ALL-UNNAMED --add-opens=java.base/java.net=ALL-UNNAMED --add-opens=java.base/java.util.concurrent.atomic=ALL-UNNAMED --add-opens=java.xml/javax.xml.namespace=ALL-UNNAMED -XX:MaxMetaspaceSize=512m -XX:ReservedCodeCacheSize=256m -XX:+HeapDumpOnOutOfMemoryError -Xmx2048m -Dfile.encoding=UTF-8 -Duser.country=US -Duser.language=en -Duser.variant -javaagent:C:\Users\Vert\.gradle\wrapper\dists\gradle-8.14-all\c2qonpi39x1mddn7hk5gh9iqj\gradle-8.14\lib\agents\gradle-instrumentation-agent-8.14.jar 
java_command: org.gradle.launcher.daemon.bootstrap.GradleDaemon 8.14
java_class_path (initial): C:\Users\Vert\.gradle\wrapper\dists\gradle-8.14-all\c2qonpi39x1mddn7hk5gh9iqj\gradle-8.14\lib\gradle-daemon-main-8.14.jar
Launcher Type: SUN_STANDARD

[Global flags]
     intx CICompilerCount                          = 4                                         {product} {ergonomic}
   size_t CompressedClassSpaceSize                 = 436207616                                 {product} {ergonomic}
     uint ConcGCThreads                            = 3                                         {product} {ergonomic}
     uint G1ConcRefinementThreads                  = 10                                        {product} {ergonomic}
   size_t G1HeapRegionSize                         = 1048576                                   {product} {ergonomic}
    uintx GCDrainStackTargetSize                   = 64                                        {product} {ergonomic}
     bool HeapDumpOnOutOfMemoryError               = true                                   {manageable} {command line}
   size_t InitialHeapSize                          = 130023424                                 {product} {ergonomic}
   size_t MarkStackSize                            = 4194304                                   {product} {ergonomic}
   size_t MaxHeapSize                              = 2147483648                                {product} {command line}
   size_t MaxMetaspaceSize                         = 536870912                                 {product} {command line}
   size_t MaxNewSize                               = 1287651328                                {product} {ergonomic}
   size_t MinHeapDeltaBytes                        = 1048576                                   {product} {ergonomic}
   size_t MinHeapSize                              = 8388608                                   {product} {ergonomic}
    uintx NonNMethodCodeHeapSize                   = 5839372                                {pd product} {ergonomic}
    uintx NonProfiledCodeHeapSize                  = 131298042                              {pd product} {ergonomic}
    uintx ProfiledCodeHeapSize                     = 131298042                              {pd product} {ergonomic}
    uintx ReservedCodeCacheSize                    = 268435456                              {pd product} {command line}
     bool SegmentedCodeCache                       = true                                      {product} {ergonomic}
   size_t SoftMaxHeapSize                          = 2147483648                             {manageable} {ergonomic}
     bool UseCompressedOops                        = true                           {product lp64_product} {ergonomic}
     bool UseG1GC                                  = true                                      {product} {ergonomic}
     bool UseLargePagesIndividualAllocation        = false                                  {pd product} {ergonomic}

Logging:
Log output configuration:
 #0: stdout all=warning uptime,level,tags foldmultilines=false
 #1: stderr all=off uptime,level,tags foldmultilines=false

Release file:
JAVA_VERSION="21.0.10" 
MODULES="java.base java.compiler java.datatransfer java.xml java.prefs java.desktop java.instrument java.logging java.management java.security.sasl java.naming java.rmi java.management.rmi java.net.http java.scripting java.security.jgss java.transaction.xa java.sql java.sql.rowset java.xml.crypto java.se java.smartcardio jdk.accessibility jdk.internal.jvmstat jdk.attach jdk.charsets jdk.internal.opt jdk.zipfs jdk.compiler jdk.crypto.ec jdk.crypto.cryptoki jdk.crypto.mscapi jdk.dynalink jdk.internal.ed jdk.editpad jdk.hotspot.agent jdk.httpserver jdk.internal.le jdk.internal.vm.ci jdk.internal.vm.compiler jdk.internal.vm.compiler.management jdk.jartool jdk.javadoc jdk.jcmd jdk.management jdk.management.agent jdk.jconsole jdk.jdeps jdk.jdwp.agent jdk.jdi jdk.jfr jdk.jshell jdk.jsobject jdk.jstatd jdk.localedata jdk.management.jfr jdk.naming.dns jdk.naming.rmi jdk.net jdk.nio.mapmode jdk.random jdk.sctp jdk.security.auth jdk.security.jgss jdk.unsupported jdk.unsupported.desktop jdk.xml.dom" 

Environment Variables:
JAVA_HOME=C:\Program Files\Eclipse Adoptium\jdk-17
PATH=C:\Program Files (x86)\VMware\VMware Workstation\bin\;C:\WINDOWS\system32;C:\WINDOWS;C:\WINDOWS\System32\Wbem;C:\WINDOWS\System32\WindowsPowerShell\v1.0\;C:\WINDOWS\System32\OpenSSH\;D:\xammp\php;D:\xammp;C:\Program Files\Docker\Docker\resources\bin;C:\Program Files\Microsoft SQL Server\150\Tools\Binn\;C:\Program Files\Microsoft SQL Server\Client SDK\ODBC\170\Tools\Binn\;C:\Program Files\dotnet\;C:\Program Files (x86)\Windows Kits\10\Windows Performance Toolkit\;C:\Program Files\Git\cmd;c:\Users\Vert\AppData\Local\Programs\cursor\resources\app\codeBin;C:\Users\Vert\AppData\Local\Yarn\config\global\node_modules\.bin;C:\Users\Vert\AppData\Roaming\Composer\vendor\bin;C:\Users\Vert\AppData\Roaming\npm;D:\xammp\laragon\bin\composer;D:\xammp\laragon\bin\git\bin;D:\xammp\laragon\bin\git\cmd;D:\xammp\laragon\bin\git\mingw64\bin;D:\xammp\laragon\bin\git\usr\bin;D:\xammp\laragon\bin\mysql\mysql-8.4.3-winx64\bin;D:\xammp\laragon\bin\ngrok;D:\xammp\laragon\bin\nodejs\node-v22;D:\xammp\laragon\bin\php\php-8.3.30-Win32-vs16-x64;D:\xammp\laragon\bin\python\python-3.13;D:\xammp\laragon\bin\python\python-3.13\Scripts;D:\xammp\laragon\usr\bin;C:\Users\Vert\scoop\shims;C:\Users\Vert\AppData\Local\Programs\Eclipse Adoptium\jdk-17.0.16.8-hotspot\bin;C:\dev\flutter\bin;C:\Users\Vert\AppData\Local\pnpm;C:\Users\Vert\AppData\Local\Programs\Microsoft VS Code\bin;C:\Program Files\Eclipse Adoptium\jdk-17\bin;C:\Users\Vert\AppData\Local\Microsoft\WindowsApps;C:\Users\Vert\AppData\Local\Microsoft\WinGet\Links;C:\Users\Vert\AppData\Local\Programs\Antigravity\bin;C:\Users\Vert\AppData\Local\Pub\Cache\bin;C:\Users\Vert\AppData\Local\Programs\cursor\resources\app\bin;C:\Users\Vert\AppData\Local\Programs\Windsurf\bin
USERNAME=Vert
OS=Windows_NT
PROCESSOR_IDENTIFIER=Intel64 Family 6 Model 141 Stepping 1, GenuineIntel
TMP=C:\Users\Vert\AppData\Local\Temp
TEMP=C:\Users\Vert\AppData\Local\Temp




Periodic native trim disabled

---------------  S Y S T E M  ---------------

OS:
 Windows 11 , 64 bit Build 26100 (10.0.26100.8328)
OS uptime: 0 days 12:47 hours
Hyper-V role detected

CPU: total 12 (initial active 12) (6 cores per cpu, 2 threads per core) family 6 model 141 stepping 1 microcode 0x50, cx8, cmov, fxsr, ht, mmx, 3dnowpref, sse, sse2, sse3, ssse3, sse4.1, sse4.2, popcnt, lzcnt, tsc, tscinvbit, avx, avx2, aes, erms, clmul, bmi1, bmi2, adx, avx512f, avx512dq, avx512cd, avx512bw, avx512vl, sha, fma, vzeroupper, avx512_vpopcntdq, avx512_vpclmulqdq, avx512_vaes, avx512_vnni, clflush, clflushopt, clwb, avx512_vbmi2, avx512_vbmi, hv, rdtscp, rdpid, fsrm, gfni, avx512_bitalg, f16c, cet_ibt, cet_ss, avx512_ifma
Processor Information for the first 12 processors :
  Max Mhz: 2688, Current Mhz: 2688, Mhz Limit: 2688

Memory: 4k page, system-wide physical 7913M (656M free)
TotalPageFile size 32489M (AvailPageFile size 33M)
current process WorkingSet (physical memory assigned to process): 327M, peak: 362M
current process commit charge ("private bytes"): 417M, peak: 419M

vm_info: OpenJDK 64-Bit Server VM (21.0.10+7-LTS) for windows-amd64 JRE (21.0.10+7-LTS), built on 2026-01-20T00:00:00Z by "admin" with MS VC++ 17.12 (VS2022)

END.
